<html>
<body>
<pre>
<h1>µVision Build Log</h1>
<h2>Tool Versions:</h2>
IDE-Version: µVision V5.36.0.0
Copyright (C) 2021 ARM Ltd and ARM Germany GmbH. All rights reserved.
License Information: P S, Here, LIC=----
 
Tool Versions:
Toolchain:       MDK-Lite  Version: 5.36.0.0
Toolchain Path:  C:\Keil_v5\ARM\ARMCLANG\Bin
C Compiler:      ArmClang.exe V6.16
Assembler:       Armasm.exe V6.16
Linker/Locator:  ArmLink.exe V6.16
Library Manager: ArmAr.exe V6.16
Hex Converter:   FromElf.exe V6.16
CPU DLL:         
Dialog DLL:      
Target DLL:      STLink\ST-LINKIII-KEIL_SWO.dll V3.0.9.0
Dialog DLL:      TCM.DLL V1.53.0.0
 
<h2>Project:</h2>
C:\Users\alkaz\My Drive\GITHUB_RELEASES\AM32_MULTI_MCU\Keil_Projects\Am32e230.uvprojx
Project File Date:  08/22/2023

<h2>Output:</h2>
*** Using Compiler 'V6.16', folder: 'C:\Keil_v5\ARM\ARMCLANG\Bin'
Build Project 'Am32e230' - Target 'GD32DEV_A_E230'
compiling functions.c...
compiling dshot.c...
compiling signal.c...
compiling sounds.c...
C:\Users\alkaz\My Drive\GITHUB_RELEASES\AM32_MULTI_MCU\Src\main.c(309): warning: use of GNU old-style field designator extension [-Wgnu-designator]
  version_major: VERSION_MAJOR,
  ^~~~~~~~~~~~~~
  .version_major = 
C:\Users\alkaz\My Drive\GITHUB_RELEASES\AM32_MULTI_MCU\Src\main.c(310): warning: use of GNU old-style field designator extension [-Wgnu-designator]
  version_minor: VERSION_MINOR,
  ^~~~~~~~~~~~~~
  .version_minor = 
C:\Users\alkaz\My Drive\GITHUB_RELEASES\AM32_MULTI_MCU\Src\main.c(311): warning: use of GNU old-style field designator extension [-Wgnu-designator]
  device_name: FIRMWARE_NAME
  ^~~~~~~~~~~~
  .device_name = 
3 warnings generated.
compiling main.c...
compiling gd32e23x_cmp.c...
compiling gd32e23x_adc.c...
compiling gd32e23x_crc.c...
compiling gd32e23x_dbg.c...
compiling gd32e23x_dma.c...
compiling gd32e23x_exti.c...
compiling gd32e23x_fwdgt.c...
compiling gd32e23x_fmc.c...
compiling gd32e23x_gpio.c...
compiling gd32e23x_misc.c...
compiling gd32e23x_i2c.c...
compiling gd32e23x_pmu.c...
compiling gd32e23x_rcu.c...
compiling gd32e23x_rtc.c...
compiling gd32e23x_spi.c...
compiling gd32e23x_syscfg.c...
assembling startup_gd32e23x.s...
compiling gd32e23x_usart.c...
compiling gd32e23x_timer.c...
compiling ADC.c...
compiling comparator.c...
compiling eeprom.c...
compiling gd32e23x_it.c...
compiling IO.c...
compiling peripherals.c...
compiling phaseouts.c...
compiling serial_telemetry.c...
compiling systick.c...
compiling system_gd32e23x.c...
linking...
C:\Users\alkaz\My Drive\GITHUB_RELEASES\AM32_MULTI_MCU\Mcu\e230\Am32.sct(18): warning: L6314W: No section matches pattern firmwareversion.o(RO).
Program Size: Code=21874 RO-data=262 RW-data=956 ZI-data=1956  
Finished: 0 information, 1 warning and 0 error messages.
FromELF: creating hex file...
".\output\AM32_GD32DEV_A_E230.axf" - 0 Error(s), 4 Warning(s).

<h2>Software Packages used:</h2>

Package Vendor: GigaDevice
                http://gd32mcu.com/data/documents/pack/GigaDevice.GD32E23x_DFP.1.0.1.pack
                GigaDevice.GD32E23x_DFP.1.0.1
                GigaDevice GD32E23x Series Device Support and Examples

<h2>Collection of Component include folders:</h2>
  C:\Users\alkaz\AppData\Local\Arm\Packs\GigaDevice\GD32E23x_DFP\1.0.1\Device\Include

<h2>Collection of Component Files used:</h2>
Build Time Elapsed:  00:00:27
</pre>
</body>
</html>
