<html>
<body>
<pre>
<h1>µVision Build Log</h1>
<h2>Tool Versions:</h2>
IDE-Version: µVision V5.36.0.0
Copyright (C) 2021 ARM Ltd and ARM Germany GmbH. All rights reserved.
License Information: P S, Here, LIC=----
 
Tool Versions:
Toolchain:       MDK-Lite  Version: 5.36.0.0
Toolchain Path:  C:\Keil_v5\ARM\ARMCLANG\Bin
C Compiler:      ArmClang.exe V6.16
Assembler:       Armasm.exe V6.16
Linker/Locator:  ArmLink.exe V6.16
Library Manager: ArmAr.exe V6.16
Hex Converter:   FromElf.exe V6.16
CPU DLL:         SARMCM3.DLL V5.36.0.0
Dialog DLL:      DCM.DLL V1.17.3.0
Target DLL:      CMSIS_AGDI.dll V1.33.0.0
Dialog DLL:      TCM.DLL V1.53.0.0
 
<h2>Project:</h2>
C:\Users\alkaz\My Drive\GITHUB_RELEASES\AM32_MULTI_MCU\Keil_Projects\Am32F415.uvprojx
Project File Date:  08/22/2023

<h2>Output:</h2>
*** Using Compiler 'V6.16', folder: 'C:\Keil_v5\ARM\ARMCLANG\Bin'
Build Project 'Am32F415' - Target 'AT32DEV_F415'
assembling startup_at32f415.s...
compiling functions.c...
compiling dshot.c...
compiling signal.c...
compiling sounds.c...
C:\Users\alkaz\My Drive\GITHUB_RELEASES\AM32_MULTI_MCU\Src\main.c(309): warning: use of GNU old-style field designator extension [-Wgnu-designator]
  version_major: VERSION_MAJOR,
  ^~~~~~~~~~~~~~
  .version_major = 
C:\Users\alkaz\My Drive\GITHUB_RELEASES\AM32_MULTI_MCU\Src\main.c(310): warning: use of GNU old-style field designator extension [-Wgnu-designator]
  version_minor: VERSION_MINOR,
  ^~~~~~~~~~~~~~
  .version_minor = 
C:\Users\alkaz\My Drive\GITHUB_RELEASES\AM32_MULTI_MCU\Src\main.c(311): warning: use of GNU old-style field designator extension [-Wgnu-designator]
  device_name: FIRMWARE_NAME
  ^~~~~~~~~~~~
  .device_name = 
3 warnings generated.
compiling main.c...
compiling at32f415_adc.c...
compiling at32f415_can.c...
compiling at32f415_cmp.c...
compiling at32f415_crc.c...
compiling at32f415_debug.c...
compiling at32f415_crm.c...
compiling at32f415_dma.c...
compiling at32f415_exint.c...
compiling at32f415_ertc.c...
compiling at32f415_gpio.c...
compiling at32f415_flash.c...
compiling at32f415_misc.c...
compiling at32f415_i2c.c...
compiling at32f415_pwc.c...
compiling at32f415_sdio.c...
compiling at32f415_spi.c...
compiling at32f415_usart.c...
compiling at32f415_tmr.c...
compiling at32f415_usb.c...
compiling at32f415_wdt.c...
compiling at32f415_wwdt.c...
compiling ADC.c...
compiling comparator.c...
compiling at32f415_it.c...
compiling eeprom.c...
compiling IO.c...
compiling peripherals.c...
compiling phaseouts.c...
compiling serial_telemetry.c...
compiling system_at32f415.c...
linking...
C:\Users\alkaz\My Drive\GITHUB_RELEASES\AM32_MULTI_MCU\Mcu\f415\Am32.sct(18): warning: L6314W: No section matches pattern firmwareversion.o(RO).
Program Size: Code=24810 RO-data=426 RW-data=964 ZI-data=2564  
Finished: 0 information, 1 warning and 0 error messages.
FromELF: creating hex file...
".\Objects\AM32_AT32DEV_F415.axf" - 0 Error(s), 4 Warning(s).

<h2>Software Packages used:</h2>

Package Vendor: ArteryTek
                
                ArteryTek.AT32F415_DFP.2.0.4
                ArteryTek AT32F415 Series Device Support,Drivers

<h2>Collection of Component include folders:</h2>
  C:\Users\alkaz\AppData\Local\Arm\Packs\ArteryTek\AT32F415_DFP\2.0.4\Device\Include

<h2>Collection of Component Files used:</h2>
Build Time Elapsed:  00:00:32
</pre>
</body>
</html>
