Component: ARM Compiler 6.16 Tool: armlink [5dfeaa00]

==============================================================================

Section Cross References

    startup_stm32f051k8.o(RESET) refers to startup_stm32f051k8.o(STACK) for __initial_sp
    startup_stm32f051k8.o(RESET) refers to startup_stm32f051k8.o(.text) for Reset_Handler
    startup_stm32f051k8.o(RESET) refers to stm32f0xx_it.o(.text.NMI_Handler) for NMI_Handler
    startup_stm32f051k8.o(RESET) refers to stm32f0xx_it.o(.text.HardFault_Handler) for HardFault_Handler
    startup_stm32f051k8.o(RESET) refers to stm32f0xx_it.o(.text.SVC_Handler) for SVC_Handler
    startup_stm32f051k8.o(RESET) refers to stm32f0xx_it.o(.text.PendSV_Handler) for PendSV_Handler
    startup_stm32f051k8.o(RESET) refers to stm32f0xx_it.o(.text.SysTick_Handler) for SysTick_Handler
    startup_stm32f051k8.o(RESET) refers to stm32f0xx_it.o(.text.DMA1_Channel1_IRQHandler) for DMA1_Channel1_IRQHandler
    startup_stm32f051k8.o(RESET) refers to stm32f0xx_it.o(.text.DMA1_Channel2_3_IRQHandler) for DMA1_Channel2_3_IRQHandler
    startup_stm32f051k8.o(RESET) refers to stm32f0xx_it.o(.text.DMA1_Channel4_5_IRQHandler) for DMA1_Channel4_5_IRQHandler
    startup_stm32f051k8.o(RESET) refers to stm32f0xx_it.o(.text.ADC1_COMP_IRQHandler) for ADC1_COMP_IRQHandler
    startup_stm32f051k8.o(RESET) refers to stm32f0xx_it.o(.text.TIM1_BRK_UP_TRG_COM_IRQHandler) for TIM1_BRK_UP_TRG_COM_IRQHandler
    startup_stm32f051k8.o(RESET) refers to stm32f0xx_it.o(.text.TIM3_IRQHandler) for TIM3_IRQHandler
    startup_stm32f051k8.o(RESET) refers to stm32f0xx_it.o(.text.TIM6_DAC_IRQHandler) for TIM6_DAC_IRQHandler
    startup_stm32f051k8.o(RESET) refers to stm32f0xx_it.o(.text.TIM14_IRQHandler) for TIM14_IRQHandler
    startup_stm32f051k8.o(RESET) refers to stm32f0xx_it.o(.text.TIM15_IRQHandler) for TIM15_IRQHandler
    startup_stm32f051k8.o(RESET) refers to stm32f0xx_it.o(.text.TIM16_IRQHandler) for TIM16_IRQHandler
    startup_stm32f051k8.o(RESET) refers to stm32f0xx_it.o(.text.USART1_IRQHandler) for USART1_IRQHandler
    startup_stm32f051k8.o(.text) refers to system_stm32f0xx.o(.text.SystemInit) for SystemInit
    startup_stm32f051k8.o(.text) refers to entry.o(.ARM.Collect$$$$00000000) for __main
    dshot.o(.text.computeDshotDMA) refers to io.o(.text.getInputPinState) for getInputPinState
    dshot.o(.text.computeDshotDMA) refers to sounds.o(.text.playInputTune) for playInputTune
    dshot.o(.text.computeDshotDMA) refers to sounds.o(.text.playInputTune2) for playInputTune2
    dshot.o(.text.computeDshotDMA) refers to sounds.o(.text.playBeaconTune3) for playBeaconTune3
    dshot.o(.text.computeDshotDMA) refers to sounds.o(.text.playStartupTune) for playStartupTune
    dshot.o(.text.computeDshotDMA) refers to main.o(.text.saveEEpromSettings) for saveEEpromSettings
    dshot.o(.text.computeDshotDMA) refers to io.o(.bss.dma_buffer) for dma_buffer
    dshot.o(.text.computeDshotDMA) refers to dshot.o(.bss..L_MergedGlobals) for [Anonymous Symbol]
    dshot.o(.text.computeDshotDMA) refers to main.o(.bss..L_MergedGlobals.2) for armed
    dshot.o(.text.computeDshotDMA) refers to main.o(.bss.dshot_telemetry) for dshot_telemetry
    dshot.o(.text.computeDshotDMA) refers to main.o(.bss.dshotcommand) for dshotcommand
    dshot.o(.text.computeDshotDMA) refers to main.o(.data..L_MergedGlobals) for forward
    dshot.o(.text.computeDshotDMA) refers to main.o(.bss.last_dshot_command) for last_dshot_command
    dshot.o(.ARM.exidx.text.computeDshotDMA) refers to dshot.o(.text.computeDshotDMA) for [Anonymous Symbol]
    dshot.o(.text.make_dshot_package) refers to dshot.o(.bss..L_MergedGlobals) for [Anonymous Symbol]
    dshot.o(.text.make_dshot_package) refers to main.o(.bss..L_MergedGlobals.3) for e_com_time
    dshot.o(.text.make_dshot_package) refers to main.o(.bss..L_MergedGlobals.2) for running
    dshot.o(.text.make_dshot_package) refers to io.o(.bss..L_MergedGlobals) for buffer_padding
    dshot.o(.text.make_dshot_package) refers to dshot.o(.bss.gcr) for gcr
    dshot.o(.text.make_dshot_package) refers to dshot.o(.rodata.gcr_encode_table) for gcr_encode_table
    dshot.o(.ARM.exidx.text.make_dshot_package) refers to dshot.o(.text.make_dshot_package) for [Anonymous Symbol]
    functions.o(.text.map) refers to idiv_div0.o(.text) for __aeabi_idiv
    functions.o(.ARM.exidx.text.map) refers to functions.o(.text.map) for [Anonymous Symbol]
    functions.o(.ARM.exidx.text.getAbsDif) refers to functions.o(.text.getAbsDif) for [Anonymous Symbol]
    functions.o(.ARM.exidx.text.delayMicros) refers to functions.o(.text.delayMicros) for [Anonymous Symbol]
    functions.o(.ARM.exidx.text.delayMillis) refers to functions.o(.text.delayMillis) for [Anonymous Symbol]
    main.o(.text.checkForHighSignal) refers to io.o(.text.changeToInput) for changeToInput
    main.o(.text.checkForHighSignal) refers to io.o(.text.setInputPullDown) for setInputPullDown
[...]
    [Anonymous Symbol]                       0x08002188   Section        0  main.o(.text.advanceincrement)
    __arm_cp.11_0                            0x08002298   Number         4  main.o(.text.advanceincrement)
    __arm_cp.11_1                            0x0800229c   Number         4  main.o(.text.advanceincrement)
    __arm_cp.11_2                            0x080022a0   Number         4  main.o(.text.advanceincrement)
    [Anonymous Symbol]                       0x080022a4   Section        0  phaseouts.o(.text.allOff)
    [Anonymous Symbol]                       0x0800230c   Section        0  phaseouts.o(.text.allpwm)
    __arm_cp.13_1                            0x08002394   Number         4  phaseouts.o(.text.allpwm)
    [Anonymous Symbol]                       0x08002398   Section        0  comparator.o(.text.changeCompInput)
    __arm_cp.3_0                             0x080023e4   Number         4  comparator.o(.text.changeCompInput)
    __arm_cp.3_1                             0x080023e8   Number         4  comparator.o(.text.changeCompInput)
    __arm_cp.3_2                             0x080023ec   Number         4  comparator.o(.text.changeCompInput)
    __arm_cp.3_3                             0x080023f0   Number         4  comparator.o(.text.changeCompInput)
    [Anonymous Symbol]                       0x080023f4   Section        0  phaseouts.o(.text.comStep)
    __arm_cp.11_0                            0x080026a4   Number         4  phaseouts.o(.text.comStep)
    __arm_cp.11_1                            0x080026a8   Number         4  phaseouts.o(.text.comStep)
    [Anonymous Symbol]                       0x080026ac   Section        0  main.o(.text.commutate)
    __arm_cp.6_0                             0x080027e4   Number         4  main.o(.text.commutate)
    __arm_cp.6_1                             0x080027e8   Number         4  main.o(.text.commutate)
    __arm_cp.6_2                             0x080027ec   Number         4  main.o(.text.commutate)
    __arm_cp.6_3                             0x080027f0   Number         4  main.o(.text.commutate)
    __arm_cp.6_4                             0x080027f4   Number         4  main.o(.text.commutate)
    __arm_cp.6_5                             0x080027f8   Number         4  main.o(.text.commutate)
    __arm_cp.6_6                             0x080027fc   Number         4  main.o(.text.commutate)
    [Anonymous Symbol]                       0x08002800   Section        0  dshot.o(.text.computeDshotDMA)
    __arm_cp.0_0                             0x08002b64   Number         4  dshot.o(.text.computeDshotDMA)
    __arm_cp.0_1                             0x08002b68   Number         4  dshot.o(.text.computeDshotDMA)
    __arm_cp.0_2                             0x08002b6c   Number         4  dshot.o(.text.computeDshotDMA)
    __arm_cp.0_3                             0x08002b70   Number         4  dshot.o(.text.computeDshotDMA)
    __arm_cp.0_5                             0x08002b74   Number         4  dshot.o(.text.computeDshotDMA)
    __arm_cp.0_6                             0x08002b78   Number         4  dshot.o(.text.computeDshotDMA)
    __arm_cp.0_8                             0x08002b7c   Number         4  dshot.o(.text.computeDshotDMA)
    __arm_cp.0_9                             0x08002b80   Number         4  dshot.o(.text.computeDshotDMA)
    __arm_cp.0_10                            0x08002b84   Number         4  dshot.o(.text.computeDshotDMA)
    __arm_cp.0_12                            0x08002b88   Number         4  dshot.o(.text.computeDshotDMA)
    __arm_cp.0_13                            0x08002b8c   Number         4  dshot.o(.text.computeDshotDMA)
    [Anonymous Symbol]                       0x08002b90   Section        0  signal.o(.text.computeServoInput)
    __arm_cp.1_1                             0x08002cf0   Number         4  signal.o(.text.computeServoInput)
    __arm_cp.1_2                             0x08002cf4   Number         4  signal.o(.text.computeServoInput)
    __arm_cp.1_3                             0x08002cf8   Number         4  signal.o(.text.computeServoInput)
    __arm_cp.1_5                             0x08002cfc   Number         4  signal.o(.text.computeServoInput)
    __arm_cp.1_6                             0x08002d00   Number         4  signal.o(.text.computeServoInput)
    __arm_cp.1_7                             0x08002d04   Number         4  signal.o(.text.computeServoInput)
    __arm_cp.1_8                             0x08002d08   Number         4  signal.o(.text.computeServoInput)
    __arm_cp.1_9                             0x08002d0c   Number         4  signal.o(.text.computeServoInput)
    __arm_cp.1_10                            0x08002d10   Number         4  signal.o(.text.computeServoInput)
    __arm_cp.1_11                            0x08002d14   Number         4  signal.o(.text.computeServoInput)
    __arm_cp.1_12                            0x08002d18   Number         4  signal.o(.text.computeServoInput)
    __arm_cp.1_13                            0x08002d1c   Number         4  signal.o(.text.computeServoInput)
    [Anonymous Symbol]                       0x08002d20   Section        0  functions.o(.text.delayMicros)
    __arm_cp.2_0                             0x08002d30   Number         4  functions.o(.text.delayMicros)
    [Anonymous Symbol]                       0x08002d34   Section        0  functions.o(.text.delayMillis)
    __arm_cp.3_0                             0x08002d58   Number         4  functions.o(.text.delayMillis)
    __arm_cp.3_1                             0x08002d5c   Number         4  functions.o(.text.delayMillis)
    [Anonymous Symbol]                       0x08002d60   Section        0  signal.o(.text.detectInput)
    __arm_cp.5_0                             0x08002ea4   Number         4  signal.o(.text.detectInput)
    __arm_cp.5_1                             0x08002ea8   Number         4  signal.o(.text.detectInput)
    __arm_cp.5_2                             0x08002eac   Number         4  signal.o(.text.detectInput)
    __arm_cp.5_3                             0x08002eb0   Number         4  signal.o(.text.detectInput)
    __arm_cp.5_4                             0x08002eb4   Number         4  signal.o(.text.detectInput)
    __arm_cp.5_5                             0x08002eb8   Number         4  signal.o(.text.detectInput)
    __arm_cp.5_6                             0x08002ebc   Number         4  signal.o(.text.detectInput)
    __arm_cp.5_7                             0x08002ec0   Number         4  signal.o(.text.detectInput)
    __arm_cp.5_8                             0x08002ec4   Number         4  signal.o(.text.detectInput)
    [Anonymous Symbol]                       0x08002ec8   Section        0  peripherals.o(.text.disableComTimerInt)
    [Anonymous Symbol]                       0x08002ed4   Section        0  adc.o(.text.enableADC_DMA)
    __arm_cp.1_0                             0x08002f1c   Number         4  adc.o(.text.enableADC_DMA)
    __arm_cp.1_1                             0x08002f20   Number         4  adc.o(.text.enableADC_DMA)
    __arm_cp.1_2                             0x08002f24   Number         4  adc.o(.text.enableADC_DMA)
    __arm_cp.1_3                             0x08002f28   Number         4  adc.o(.text.enableADC_DMA)
    __arm_cp.1_4                             0x08002f2c   Number         4  adc.o(.text.enableADC_DMA)
    __arm_cp.1_5                             0x08002f30   Number         4  adc.o(.text.enableADC_DMA)
    [Anonymous Symbol]                       0x08002f34   Section        0  comparator.o(.text.enableCompInterrupts)
    __arm_cp.2_0                             0x08002f44   Number         4  comparator.o(.text.enableCompInterrupts)
    [Anonymous Symbol]                       0x08002f48   Section        0  peripherals.o(.text.enableCorePeripherals)
    __arm_cp.28_0                            0x08003040   Number         4  peripherals.o(.text.enableCorePeripherals)
    __arm_cp.28_1                            0x08003044   Number         4  peripherals.o(.text.enableCorePeripherals)
    __arm_cp.28_2                            0x08003048   Number         4  peripherals.o(.text.enableCorePeripherals)
    __arm_cp.28_3                            0x0800304c   Number         4  peripherals.o(.text.enableCorePeripherals)
    __arm_cp.28_4                            0x08003050   Number         4  peripherals.o(.text.enableCorePeripherals)
    __arm_cp.28_7                            0x08003054   Number         4  peripherals.o(.text.enableCorePeripherals)
    [Anonymous Symbol]                       0x08003058   Section        0  io.o(.text.enableHalfTransferInt)
    __arm_cp.8_0                             0x08003064   Number         4  io.o(.text.enableHalfTransferInt)
    [Anonymous Symbol]                       0x08003068   Section        0  phaseouts.o(.text.fullBrake)
    __arm_cp.12_0                            0x080030d0   Number         4  phaseouts.o(.text.fullBrake)
    [Anonymous Symbol]                       0x080030d4   Section        0  peripherals.o(.text.generatePwmTimerEvent)
    __arm_cp.26_0                            0x080030e0   Number         4  peripherals.o(.text.generatePwmTimerEvent)
    [Anonymous Symbol]                       0x080030e4   Section        0  functions.o(.text.getAbsDif)
    [Anonymous Symbol]                       0x080030f0   Section        0  comparator.o(.text.getCompOutputLevel)
    __arm_cp.0_0                             0x08003110   Number         4  comparator.o(.text.getCompOutputLevel)
    __arm_cp.0_1                             0x08003114   Number         4  comparator.o(.text.getCompOutputLevel)
    __arm_cp.0_2                             0x08003118   Number         4  comparator.o(.text.getCompOutputLevel)
    [Anonymous Symbol]                       0x0800311c   Section        0  io.o(.text.getInputPinState)
    __arm_cp.4_0                             0x08003128   Number         4  io.o(.text.getInputPinState)
    [Anonymous Symbol]                       0x0800312c   Section        0  peripherals.o(.text.getintervaTimerCount)
    __arm_cp.18_0                            0x08003134   Number         4  peripherals.o(.text.getintervaTimerCount)
    [Anonymous Symbol]                       0x08003138   Section        0  peripherals.o(.text.initAfterJump)
    __arm_cp.11_0                            0x0800325c   Number         4  peripherals.o(.text.initAfterJump)
    __arm_cp.11_1                            0x08003260   Number         4  peripherals.o(.text.initAfterJump)
    __arm_cp.11_2                            0x08003264   Number         4  peripherals.o(.text.initAfterJump)
    __arm_cp.11_3                            0x08003268   Number         4  peripherals.o(.text.initAfterJump)
    __arm_cp.11_4                            0x0800326c   Number         4  peripherals.o(.text.initAfterJump)
    __arm_cp.11_5                            0x08003270   Number         4  peripherals.o(.text.initAfterJump)
    __arm_cp.11_7                            0x08003274   Number         4  peripherals.o(.text.initAfterJump)
    __arm_cp.11_8                            0x08003278   Number         4  peripherals.o(.text.initAfterJump)
    [Anonymous Symbol]                       0x0800327c   Section        0  peripherals.o(.text.initCorePeripherals)
    __arm_cp.0_0                             0x08003460   Number         4  peripherals.o(.text.initCorePeripherals)
    __arm_cp.0_1                             0x08003464   Number         4  peripherals.o(.text.initCorePeripherals)
    __arm_cp.0_2                             0x08003468   Number         4  peripherals.o(.text.initCorePeripherals)
    __arm_cp.0_3                             0x0800346c   Number         4  peripherals.o(.text.initCorePeripherals)
    __arm_cp.0_4                             0x08003470   Number         4  peripherals.o(.text.initCorePeripherals)
    __arm_cp.0_5                             0x08003474   Number         4  peripherals.o(.text.initCorePeripherals)
    __arm_cp.0_6                             0x08003478   Number         4  peripherals.o(.text.initCorePeripherals)
    __arm_cp.0_7                             0x0800347c   Number         4  peripherals.o(.text.initCorePeripherals)
    __arm_cp.0_8                             0x08003480   Number         4  peripherals.o(.text.initCorePeripherals)
    __arm_cp.0_9                             0x08003484   Number         4  peripherals.o(.text.initCorePeripherals)
    __arm_cp.0_10                            0x08003488   Number         4  peripherals.o(.text.initCorePeripherals)
    [Anonymous Symbol]                       0x0800348c   Section        0  main.o(.text.interruptRoutine)
    __arm_cp.8_1                             0x08003534   Number         4  main.o(.text.interruptRoutine)
    [Anonymous Symbol]                       0x08003538   Section        0  main.o(.text.loadEEpromSettings)
    __arm_cp.2_0                             0x080037ec   Number         4  main.o(.text.loadEEpromSettings)
    __arm_cp.2_1                             0x080037f0   Number         4  main.o(.text.loadEEpromSettings)
    __arm_cp.2_2                             0x080037f4   Number         4  main.o(.text.loadEEpromSettings)
    __arm_cp.2_3                             0x080037f8   Number         4  main.o(.text.loadEEpromSettings)
    __arm_cp.2_4                             0x080037fc   Number         4  main.o(.text.loadEEpromSettings)
    __arm_cp.2_5                             0x08003800   Number         4  main.o(.text.loadEEpromSettings)
    __arm_cp.2_6                             0x08003804   Number         4  main.o(.text.loadEEpromSettings)
    __arm_cp.2_7                             0x08003808   Number         4  main.o(.text.loadEEpromSettings)
    __arm_cp.2_8                             0x0800380c   Number         4  main.o(.text.loadEEpromSettings)
    __arm_cp.2_9                             0x08003810   Number         4  main.o(.text.loadEEpromSettings)
    __arm_cp.2_10                            0x08003814   Number         4  main.o(.text.loadEEpromSettings)
    __arm_cp.2_11                            0x08003818   Number         4  main.o(.text.loadEEpromSettings)
    __arm_cp.2_12                            0x0800381c   Number         4  main.o(.text.loadEEpromSettings)
    __arm_cp.2_13                            0x08003820   Number         4  main.o(.text.loadEEpromSettings)
    [Anonymous Symbol]                       0x08003824   Section        0  main.o(.text.main)
    __arm_cp.13_24                           0x08003bfc   Number         4  main.o(.text.main)
    __arm_cp.13_25                           0x08003c00   Number         4  main.o(.text.main)
    __arm_cp.13_26                           0x08003c04   Number         4  main.o(.text.main)
    __arm_cp.13_27                           0x08003c08   Number         4  main.o(.text.main)
    __arm_cp.13_29                           0x08003c10   Number         4  main.o(.text.main)
    __arm_cp.13_31                           0x08003c18   Number         4  main.o(.text.main)
    __arm_cp.13_32                           0x08003c1c   Number         4  main.o(.text.main)
    __arm_cp.13_33                           0x08003c20   Number         4  main.o(.text.main)
    __arm_cp.13_36                           0x08003c2c   Number         4  main.o(.text.main)
    __arm_cp.13_37                           0x08003c30   Number         4  main.o(.text.main)
    __arm_cp.13_38                           0x08003c34   Number         4  main.o(.text.main)
    __arm_cp.13_39                           0x08003c38   Number         4  main.o(.text.main)
    __arm_cp.13_40                           0x08003c3c   Number         4  main.o(.text.main)
    __arm_cp.13_41                           0x08003c40   Number         4  main.o(.text.main)
    __arm_cp.13_42                           0x08003c44   Number         4  main.o(.text.main)
    __arm_cp.13_43                           0x08003c48   Number         4  main.o(.text.main)
    __arm_cp.13_4                            0x08003f98   Number         4  main.o(.text.main)
    __arm_cp.13_6                            0x08003f9c   Number         4  main.o(.text.main)
    __arm_cp.13_9                            0x08003fa0   Number         4  main.o(.text.main)
    __arm_cp.13_10                           0x08003fa4   Number         4  main.o(.text.main)
    __arm_cp.13_15                           0x08003fa8   Number         4  main.o(.text.main)
    __arm_cp.13_16                           0x08003fac   Number         4  main.o(.text.main)
    __arm_cp.13_22                           0x08003fb0   Number         4  main.o(.text.main)
    __arm_cp.13_23                           0x08003fb4   Number         4  main.o(.text.main)
    [Anonymous Symbol]                       0x08003fb8   Section        0  serial_telemetry.o(.text.makeTelemPackage)
    __arm_cp.4_0                             0x080045e4   Number         4  serial_telemetry.o(.text.makeTelemPackage)
    [Anonymous Symbol]                       0x080045e8   Section        0  dshot.o(.text.make_dshot_package)
    __arm_cp.1_0                             0x08004778   Number         4  dshot.o(.text.make_dshot_package)
    __arm_cp.1_1                             0x0800477c   Number         4  dshot.o(.text.make_dshot_package)
    __arm_cp.1_2                             0x08004780   Number         4  dshot.o(.text.make_dshot_package)
    __arm_cp.1_3                             0x08004784   Number         4  dshot.o(.text.make_dshot_package)
    __arm_cp.1_4                             0x08004788   Number         4  dshot.o(.text.make_dshot_package)
    __arm_cp.1_5                             0x0800478c   Number         4  dshot.o(.text.make_dshot_package)
    __arm_cp.1_6                             0x08004790   Number         4  dshot.o(.text.make_dshot_package)
    [Anonymous Symbol]                       0x08004794   Section        0  functions.o(.text.map)
    [Anonymous Symbol]                       0x080047bc   Section        0  comparator.o(.text.maskPhaseInterrupts)
    __arm_cp.1_0                             0x080047cc   Number         4  comparator.o(.text.maskPhaseInterrupts)
    [Anonymous Symbol]                       0x080047d0   Section        0  sounds.o(.text.playBeaconTune3)
    [Anonymous Symbol]                       0x0800482c   Section        0  sounds.o(.text.playBlueJayTune)
    __arm_cp.5_1                             0x080048fc   Number         4  sounds.o(.text.playBlueJayTune)
    __arm_cp.5_2                             0x08004900   Number         4  sounds.o(.text.playBlueJayTune)
    __arm_cp.5_3                             0x08004904   Number         4  sounds.o(.text.playBlueJayTune)
    __arm_cp.5_6                             0x08004908   Number         4  sounds.o(.text.playBlueJayTune)
    [Anonymous Symbol]                       0x0800490c   Section        0  sounds.o(.text.playChangedTone)
    [Anonymous Symbol]                       0x0800495c   Section        0  sounds.o(.text.playDefaultTone)
    [Anonymous Symbol]                       0x080049ac   Section        0  sounds.o(.text.playInputTune)
    [Anonymous Symbol]                       0x08004a10   Section        0  sounds.o(.text.playInputTune2)
    [Anonymous Symbol]                       0x08004a78   Section        0  sounds.o(.text.playStartupTune)
    __arm_cp.6_0                             0x08004af0   Number         4  sounds.o(.text.playStartupTune)
    __arm_cp.6_1                             0x08004af4   Number         4  sounds.o(.text.playStartupTune)
    __arm_cp.6_2                             0x08004af8   Number         4  sounds.o(.text.playStartupTune)
    __arm_cp.6_3                             0x08004afc   Number         4  sounds.o(.text.playStartupTune)
    __arm_cp.6_4                             0x08004b00   Number         4  sounds.o(.text.playStartupTune)
    [Anonymous Symbol]                       0x08004b04   Section        0  phaseouts.o(.text.proportionalBrake)
    __arm_cp.0_0                             0x08004b64   Number         4  phaseouts.o(.text.proportionalBrake)
    [Anonymous Symbol]                       0x08004b68   Section        0  eeprom.o(.text.read_flash_bin)
    [Anonymous Symbol]                       0x08004b7c   Section        0  io.o(.text.receiveDshotDma)
    __arm_cp.2_2                             0x08004bec   Number         4  io.o(.text.receiveDshotDma)
    __arm_cp.2_3                             0x08004bf0   Number         4  io.o(.text.receiveDshotDma)
    __arm_cp.2_4                             0x08004bf4   Number         4  io.o(.text.receiveDshotDma)
    __arm_cp.2_6                             0x08004bf8   Number         4  io.o(.text.receiveDshotDma)
    __arm_cp.2_7                             0x08004bfc   Number         4  io.o(.text.receiveDshotDma)
    __arm_cp.2_8                             0x08004c00   Number         4  io.o(.text.receiveDshotDma)
    [Anonymous Symbol]                       0x08004c04   Section        0  peripherals.o(.text.reloadWatchDogCounter)
    __arm_cp.14_0                            0x08004c0c   Number         4  peripherals.o(.text.reloadWatchDogCounter)
    __arm_cp.14_1                            0x08004c10   Number         4  peripherals.o(.text.reloadWatchDogCounter)
    [Anonymous Symbol]                       0x08004c14   Section        0  peripherals.o(.text.resetInputCaptureTimer)
    __arm_cp.27_0                            0x08004c20   Number         4  peripherals.o(.text.resetInputCaptureTimer)
    [Anonymous Symbol]                       0x08004c24   Section        0  main.o(.text.saveEEpromSettings)
    __arm_cp.3_0                             0x08004c7c   Number         4  main.o(.text.saveEEpromSettings)
    __arm_cp.3_1                             0x08004c80   Number         4  main.o(.text.saveEEpromSettings)
    __arm_cp.3_2                             0x08004c84   Number         4  main.o(.text.saveEEpromSettings)
    __arm_cp.3_3                             0x08004c88   Number         4  main.o(.text.saveEEpromSettings)
    [Anonymous Symbol]                       0x08004c8c   Section        0  eeprom.o(.text.save_flash_nolib)
    __arm_cp.0_0                             0x08004d90   Number         4  eeprom.o(.text.save_flash_nolib)
    __arm_cp.0_1                             0x08004d94   Number         4  eeprom.o(.text.save_flash_nolib)
    [Anonymous Symbol]                       0x08004d98   Section        0  io.o(.text.sendDshotDma)
    __arm_cp.3_0                             0x08004e18   Number         4  io.o(.text.sendDshotDma)
    __arm_cp.3_2                             0x08004e1c   Number         4  io.o(.text.sendDshotDma)
    __arm_cp.3_4                             0x08004e20   Number         4  io.o(.text.sendDshotDma)
    __arm_cp.3_5                             0x08004e24   Number         4  io.o(.text.sendDshotDma)
    __arm_cp.3_6                             0x08004e28   Number         4  io.o(.text.sendDshotDma)
    __arm_cp.3_7                             0x08004e2c   Number         4  io.o(.text.sendDshotDma)
    [Anonymous Symbol]                       0x08004e30   Section        0  serial_telemetry.o(.text.send_telem_DMA)
    __arm_cp.1_0                             0x08004e6c   Number         4  serial_telemetry.o(.text.send_telem_DMA)
    [Anonymous Symbol]                       0x08004e70   Section        0  peripherals.o(.text.setAndEnableComInt)
    __arm_cp.17_0                            0x08004e84   Number         4  peripherals.o(.text.setAndEnableComInt)
    [Anonymous Symbol]                       0x08004e88   Section        0  peripherals.o(.text.setAutoReloadPWM)
    __arm_cp.21_0                            0x08004e90   Number         4  peripherals.o(.text.setAutoReloadPWM)
    [Anonymous Symbol]                       0x08004e94   Section        0  peripherals.o(.text.setDutyCycleAll)
    [Anonymous Symbol]                       0x08004ea0   Section        0  io.o(.text.setInputPolarityRising)
    __arm_cp.5_0                             0x08004eac   Number         4  io.o(.text.setInputPolarityRising)
    [Anonymous Symbol]                       0x08004eb0   Section        0  peripherals.o(.text.setPWMCompare1)
    __arm_cp.23_0                            0x08004eb8   Number         4  peripherals.o(.text.setPWMCompare1)
    [Anonymous Symbol]                       0x08004ebc   Section        0  peripherals.o(.text.setPWMCompare2)
    __arm_cp.24_0                            0x08004ec4   Number         4  peripherals.o(.text.setPWMCompare2)
    [Anonymous Symbol]                       0x08004ec8   Section        0  peripherals.o(.text.setPWMCompare3)
    __arm_cp.25_0                            0x08004ed0   Number         4  peripherals.o(.text.setPWMCompare3)
    [Anonymous Symbol]                       0x08004ed4   Section        0  peripherals.o(.text.setPrescalerPWM)
    __arm_cp.20_0                            0x08004edc   Number         4  peripherals.o(.text.setPrescalerPWM)
    [Anonymous Symbol]                       0x08004ee0   Section        0  sounds.o(.text.setVolume)
    __arm_cp.1_0                             0x08004ef0   Number         4  sounds.o(.text.setVolume)
    [Anonymous Symbol]                       0x08004ef4   Section        0  peripherals.o(.text.setintervaTimerCount)
    __arm_cp.19_0                            0x08004efc   Number         4  peripherals.o(.text.setintervaTimerCount)
    [Anonymous Symbol]                       0x08004f00   Section        0  serial_telemetry.o(.text.telem_UART_Init)
    __arm_cp.0_0                             0x08005034   Number         4  serial_telemetry.o(.text.telem_UART_Init)
    __arm_cp.0_1                             0x08005038   Number         4  serial_telemetry.o(.text.telem_UART_Init)
    __arm_cp.0_2                             0x0800503c   Number         4  serial_telemetry.o(.text.telem_UART_Init)
    __arm_cp.0_3                             0x08005040   Number         4  serial_telemetry.o(.text.telem_UART_Init)
    __arm_cp.0_4                             0x08005044   Number         4  serial_telemetry.o(.text.telem_UART_Init)
    __arm_cp.0_5                             0x08005048   Number         4  serial_telemetry.o(.text.telem_UART_Init)
    __arm_cp.0_6                             0x0800504c   Number         4  serial_telemetry.o(.text.telem_UART_Init)
    __arm_cp.0_7                             0x08005050   Number         4  serial_telemetry.o(.text.telem_UART_Init)
    __arm_cp.0_8                             0x08005054   Number         4  serial_telemetry.o(.text.telem_UART_Init)
    __arm_cp.0_9                             0x08005058   Number         4  serial_telemetry.o(.text.telem_UART_Init)
    [Anonymous Symbol]                       0x0800505c   Section        0  main.o(.text.tenKhzRoutine)
    __arm_cp.10_24                           0x08005434   Number         4  main.o(.text.tenKhzRoutine)
    __arm_cp.10_28                           0x08005444   Number         4  main.o(.text.tenKhzRoutine)
    __arm_cp.10_29                           0x08005448   Number         4  main.o(.text.tenKhzRoutine)
    __arm_cp.10_31                           0x08005450   Number         4  main.o(.text.tenKhzRoutine)
    __arm_cp.10_32                           0x08005454   Number         4  main.o(.text.tenKhzRoutine)
    __arm_cp.10_33                           0x08005458   Number         4  main.o(.text.tenKhzRoutine)
    __arm_cp.10_34                           0x0800545c   Number         4  main.o(.text.tenKhzRoutine)
    __arm_cp.10_35                           0x08005460   Number         4  main.o(.text.tenKhzRoutine)
    __arm_cp.10_36                           0x080057fc   Number         4  main.o(.text.tenKhzRoutine)
    __arm_cp.10_39                           0x08005808   Number         4  main.o(.text.tenKhzRoutine)
    __arm_cp.10_40                           0x0800580c   Number         4  main.o(.text.tenKhzRoutine)
    __arm_cp.10_41                           0x08005810   Number         4  main.o(.text.tenKhzRoutine)
    __arm_cp.10_42                           0x08005814   Number         4  main.o(.text.tenKhzRoutine)
    __arm_cp.10_43                           0x08005818   Number         4  main.o(.text.tenKhzRoutine)
    __arm_cp.10_1                            0x080059e8   Number         4  main.o(.text.tenKhzRoutine)
    __arm_cp.10_3                            0x080059ec   Number         4  main.o(.text.tenKhzRoutine)
    __arm_cp.10_8                            0x080059f0   Number         4  main.o(.text.tenKhzRoutine)
    __arm_cp.10_13                           0x080059f4   Number         4  main.o(.text.tenKhzRoutine)
    __arm_cp.10_17                           0x080059f8   Number         4  main.o(.text.tenKhzRoutine)
    __arm_cp.10_18                           0x080059fc   Number         4  main.o(.text.tenKhzRoutine)
    __arm_cp.10_20                           0x08005a00   Number         4  main.o(.text.tenKhzRoutine)
    __arm_cp.10_21                           0x08005a04   Number         4  main.o(.text.tenKhzRoutine)
    __arm_cp.10_22                           0x08005a08   Number         4  main.o(.text.tenKhzRoutine)
    __arm_cp.10_23                           0x08005a0c   Number         4  main.o(.text.tenKhzRoutine)
    [Anonymous Symbol]                       0x08005a10   Section        0  signal.o(.text.transfercomplete)
    __arm_cp.2_0                             0x08005b08   Number         4  signal.o(.text.transfercomplete)
    __arm_cp.2_1                             0x08005b0c   Number         4  signal.o(.text.transfercomplete)
    __arm_cp.2_2                             0x08005b10   Number         4  signal.o(.text.transfercomplete)
    __arm_cp.2_3                             0x08005b14   Number         4  signal.o(.text.transfercomplete)
    __arm_cp.2_4                             0x08005b18   Number         4  signal.o(.text.transfercomplete)
    __arm_cp.2_5                             0x08005b1c   Number         4  signal.o(.text.transfercomplete)
    __arm_cp.2_6                             0x08005b20   Number         4  signal.o(.text.transfercomplete)
    __arm_cp.2_7                             0x08005b24   Number         4  signal.o(.text.transfercomplete)
    __arm_cp.2_8                             0x08005b28   Number         4  signal.o(.text.transfercomplete)
    __arm_cp.2_9                             0x08005b2c   Number         4  signal.o(.text.transfercomplete)
    __arm_cp.2_10                            0x08005b30   Number         4  signal.o(.text.transfercomplete)
    i.__scatterload_copy                     0x08005b34   Section       14  handlers.o(i.__scatterload_copy)
    i.__scatterload_null                     0x08005b42   Section        2  handlers.o(i.__scatterload_null)
    i.__scatterload_zeroinit                 0x08005b44   Section       14  handlers.o(i.__scatterload_zeroinit)
    [Anonymous Symbol]                       0x200000c0   Section        0  main.o(.data..L_MergedGlobals)
    [Anonymous Symbol]                       0x2000011c   Section        0  signal.o(.data..L_MergedGlobals)
    [Anonymous Symbol]                       0x20000120   Section        0  eeprom.o(.data..L_MergedGlobals)
    [Anonymous Symbol]                       0x20000128   Section        0  main.o(.data..L_MergedGlobals.1)
    [Anonymous Symbol]                       0x20000490   Section        0  dshot.o(.bss..L_MergedGlobals)
    [Anonymous Symbol]                       0x200004ec   Section        0  io.o(.bss..L_MergedGlobals)
    [Anonymous Symbol]                       0x200004f0   Section        0  signal.o(.bss..L_MergedGlobals.1)
    [Anonymous Symbol]                       0x20000504   Section        0  main.o(.bss..L_MergedGlobals.2)
    [Anonymous Symbol]                       0x20000580   Section        0  main.o(.bss..L_MergedGlobals.3)
    STACK                                    0x20000838   Section     1024  startup_stm32f051k8.o(STACK)

    Global Symbols

    Symbol Name                              Value     Ov Type        Size  Object(Section)

    BuildAttributes$$THM_ISAv3M$S$PE$A:L22$X:L11$S22$IEEE1$IW$~IW$USESV6$~STKCKD$USESV7$~SHL$OTIME$ROPI$EBA8$MICROLIB$REQ8$PRES8$EABIv2 0x00000000   Number         0  anon$$obj.o ABSOLUTE
    __cpp_initialize__aeabi_                  - Undefined Weak Reference
    __cxa_finalize                            - Undefined Weak Reference
    _clock_init                               - Undefined Weak Reference
    _microlib_exit                            - Undefined Weak Reference
    __Vectors_Size                           0x000000bc   Number         0  startup_stm32f051k8.o ABSOLUTE
    __Vectors                                0x08001000   Data           4  startup_stm32f051k8.o(RESET)
    __Vectors_End                            0x080010bc   Data           0  startup_stm32f051k8.o(RESET)
    __main                                   0x080010bd   Thumb Code     0  entry.o(.ARM.Collect$$$$00000000)
    _main_stk                                0x080010bd   Thumb Code     0  entry2.o(.ARM.Collect$$$$00000001)
    _main_scatterload                        0x080010c1   Thumb Code     0  entry5.o(.ARM.Collect$$$$00000004)
    __main_after_scatterload                 0x080010c5   Thumb Code     0  entry5.o(.ARM.Collect$$$$00000004)
    _main_clock                              0x080010c5   Thumb Code     0  entry7b.o(.ARM.Collect$$$$00000008)
    _main_cpp_init                           0x080010c5   Thumb Code     0  entry8b.o(.ARM.Collect$$$$0000000A)
    _main_init                               0x080010c5   Thumb Code     0  entry9a.o(.ARM.Collect$$$$0000000B)
    __rt_final_cpp                           0x080010cd   Thumb Code     0  entry10a.o(.ARM.Collect$$$$0000000D)
    __rt_final_exit                          0x080010cd   Thumb Code     0  entry11a.o(.ARM.Collect$$$$0000000F)
    Reset_Handler                            0x080010d1   Thumb Code     8  startup_stm32f051k8.o(.text)
    CEC_IRQHandler                           0x080010e3   Thumb Code     0  startup_stm32f051k8.o(.text)
    EXTI0_1_IRQHandler                       0x080010e3   Thumb Code     0  startup_stm32f051k8.o(.text)
    EXTI2_3_IRQHandler                       0x080010e3   Thumb Code     0  startup_stm32f051k8.o(.text)
    EXTI4_15_IRQHandler                      0x080010e3   Thumb Code     0  startup_stm32f051k8.o(.text)
    FLASH_IRQHandler                         0x080010e3   Thumb Code     0  startup_stm32f051k8.o(.text)
    I2C1_IRQHandler                          0x080010e3   Thumb Code     0  startup_stm32f051k8.o(.text)
    I2C2_IRQHandler                          0x080010e3   Thumb Code     0  startup_stm32f051k8.o(.text)
    PVD_IRQHandler                           0x080010e3   Thumb Code     0  startup_stm32f051k8.o(.text)
    RCC_IRQHandler                           0x080010e3   Thumb Code     0  startup_stm32f051k8.o(.text)
    RTC_IRQHandler                           0x080010e3   Thumb Code     0  startup_stm32f051k8.o(.text)
    SPI1_IRQHandler                          0x080010e3   Thumb Code     0  startup_stm32f051k8.o(.text)
    SPI2_IRQHandler                          0x080010e3   Thumb Code     0  startup_stm32f051k8.o(.text)
    TIM17_IRQHandler                         0x080010e3   Thumb Code     0  startup_stm32f051k8.o(.text)
    TIM1_CC_IRQHandler                       0x080010e3   Thumb Code     0  startup_stm32f051k8.o(.text)
    TIM2_IRQHandler                          0x080010e3   Thumb Code     0  startup_stm32f051k8.o(.text)
    TSC_IRQHandler                           0x080010e3   Thumb Code     0  startup_stm32f051k8.o(.text)
    USART2_IRQHandler                        0x080010e3   Thumb Code     0  startup_stm32f051k8.o(.text)
    WWDG_IRQHandler                          0x080010e3   Thumb Code     0  startup_stm32f051k8.o(.text)
    __aeabi_memcpy                           0x080010ed   Thumb Code    36  memcpya.o(.text)
    __aeabi_memcpy4                          0x080010ed   Thumb Code     0  memcpya.o(.text)
    __aeabi_memcpy8                          0x080010ed   Thumb Code     0  memcpya.o(.text)
    __aeabi_memset                           0x08001111   Thumb Code    14  memseta.o(.text)
    __aeabi_memset4                          0x08001111   Thumb Code     0  memseta.o(.text)
    __aeabi_memset8                          0x08001111   Thumb Code     0  memseta.o(.text)
    __aeabi_memclr                           0x0800111f   Thumb Code     4  memseta.o(.text)
    __aeabi_memclr4                          0x0800111f   Thumb Code     0  memseta.o(.text)
    __aeabi_memclr8                          0x0800111f   Thumb Code     0  memseta.o(.text)
    _memset$wrapper                          0x08001123   Thumb Code    18  memseta.o(.text)
    __aeabi_fadd                             0x08001135   Thumb Code   162  fadd.o(.text)
    __aeabi_fsub                             0x080011d7   Thumb Code     8  fadd.o(.text)
    __aeabi_frsub                            0x080011df   Thumb Code     8  fadd.o(.text)
    __aeabi_fdiv                             0x080011e7   Thumb Code   124  fdiv.o(.text)
    __aeabi_fcmple                           0x08001263   Thumb Code    28  fcmple.o(.text)
    __aeabi_fcmplt                           0x0800127f   Thumb Code    28  fcmplt.o(.text)
    __aeabi_fcmpge                           0x0800129b   Thumb Code    28  fcmpge.o(.text)
    __aeabi_fcmpgt                           0x080012b7   Thumb Code    28  fcmpgt.o(.text)
    __aeabi_i2f                              0x080012d3   Thumb Code    22  fflti.o(.text)
    __aeabi_f2iz                             0x080012e9   Thumb Code    50  ffixi.o(.text)
    __aeabi_uidiv                            0x0800131b   Thumb Code     0  uidiv_div0.o(.text)
    __aeabi_uidivmod                         0x0800131b   Thumb Code    62  uidiv_div0.o(.text)
    __aeabi_idiv                             0x08001359   Thumb Code     0  idiv_div0.o(.text)
    __aeabi_idivmod$div0                     0x08001359   Thumb Code    74  idiv_div0.o(.text)
    __I$use$fp                               0x080013a9   Thumb Code     0  iusefp.o(.text)
    _float_round                             0x080013a9   Thumb Code    16  fepilogue.o(.text)
    _float_epilogue                          0x080013b9   Thumb Code   114  fepilogue.o(.text)
    __scatterload                            0x0800142d   Thumb Code    28  init.o(.text)
    __scatterload_rt2                        0x0800142d   Thumb Code     0  init.o(.text)
    __decompress                             0x08001451   Thumb Code     0  __dczerorl2.o(.text)
    __decompress1                            0x08001451   Thumb Code    86  __dczerorl2.o(.text)
    ADC1_COMP_IRQHandler                     0x080014a9   Thumb Code    24  stm32f0xx_it.o(.text.ADC1_COMP_IRQHandler)
    ADC_DMA_Callback                         0x080014c5   Thumb Code    24  adc.o(.text.ADC_DMA_Callback)
    ADC_Init                                 0x080014ed   Thumb Code   312  adc.o(.text.ADC_Init)
    DMA1_Channel1_IRQHandler                 0x08001639   Thumb Code    40  stm32f0xx_it.o(.text.DMA1_Channel1_IRQHandler)
    DMA1_Channel2_3_IRQHandler               0x08001661   Thumb Code    28  stm32f0xx_it.o(.text.DMA1_Channel2_3_IRQHandler)
    DMA1_Channel4_5_IRQHandler               0x0800167d   Thumb Code    80  stm32f0xx_it.o(.text.DMA1_Channel4_5_IRQHandler)
    HardFault_Handler                        0x080016dd   Thumb Code     2  stm32f0xx_it.o(.text.HardFault_Handler)
    LL_ADC_Init                              0x080016e1   Thumb Code    48  stm32f0xx_ll_adc.o(.text.LL_ADC_Init)
    LL_ADC_REG_Init                          0x08001715   Thumb Code    40  stm32f0xx_ll_adc.o(.text.LL_ADC_REG_Init)
    LL_GPIO_Init                             0x08001741   Thumb Code   176  stm32f0xx_ll_gpio.o(.text.LL_GPIO_Init)
    LL_Init1msTick                           0x080017f1   Thumb Code    28  stm32f0xx_ll_utils.o(.text.LL_Init1msTick)
    LL_RCC_GetSystemClocksFreq               0x08001811   Thumb Code    84  stm32f0xx_ll_rcc.o(.text.LL_RCC_GetSystemClocksFreq)
    LL_RCC_GetUSARTClockFreq                 0x08001865   Thumb Code   172  stm32f0xx_ll_rcc.o(.text.LL_RCC_GetUSARTClockFreq)
    LL_SetSystemCoreClock                    0x08001925   Thumb Code     8  stm32f0xx_ll_utils.o(.text.LL_SetSystemCoreClock)
    LL_TIM_BDTR_Init                         0x08001931   Thumb Code    60  stm32f0xx_ll_tim.o(.text.LL_TIM_BDTR_Init)
    LL_TIM_Init                              0x08001971   Thumb Code   156  stm32f0xx_ll_tim.o(.text.LL_TIM_Init)
    LL_TIM_OC_Init                           0x08001a2d   Thumb Code   548  stm32f0xx_ll_tim.o(.text.LL_TIM_OC_Init)
    LL_USART_Init                            0x08001c61   Thumb Code   168  stm32f0xx_ll_usart.o(.text.LL_USART_Init)
    MX_IWDG_Init                             0x08001d19   Thumb Code    28  peripherals.o(.text.MX_IWDG_Init)
    MX_TIM1_Init                             0x08001d45   Thumb Code   516  peripherals.o(.text.MX_TIM1_Init)
    NMI_Handler                              0x08001f65   Thumb Code     2  stm32f0xx_it.o(.text.NMI_Handler)
    PendSV_Handler                           0x08001f67   Thumb Code     2  stm32f0xx_it.o(.text.PendSV_Handler)
    PeriodElapsedCallback                    0x08001f69   Thumb Code    76  main.o(.text.PeriodElapsedCallback)
    SVC_Handler                              0x08001fbd   Thumb Code     2  stm32f0xx_it.o(.text.SVC_Handler)
    SysTick_Handler                          0x08001fbf   Thumb Code     2  stm32f0xx_it.o(.text.SysTick_Handler)
    SystemClock_Config                       0x08001fc1   Thumb Code   184  peripherals.o(.text.SystemClock_Config)
    SystemInit                               0x08002085   Thumb Code     2  system_stm32f0xx.o(.text.SystemInit)
    TIM14_IRQHandler                         0x08002089   Thumb Code    16  stm32f0xx_it.o(.text.TIM14_IRQHandler)
    TIM15_IRQHandler                         0x0800209d   Thumb Code    36  stm32f0xx_it.o(.text.TIM15_IRQHandler)
    TIM16_IRQHandler                         0x080020c5   Thumb Code     2  stm32f0xx_it.o(.text.TIM16_IRQHandler)
    TIM1_BRK_UP_TRG_COM_IRQHandler           0x080020c9   Thumb Code    36  stm32f0xx_it.o(.text.TIM1_BRK_UP_TRG_COM_IRQHandler)
    TIM3_IRQHandler                          0x080020f1   Thumb Code    36  stm32f0xx_it.o(.text.TIM3_IRQHandler)
    TIM6_DAC_IRQHandler                      0x08002119   Thumb Code    24  stm32f0xx_it.o(.text.TIM6_DAC_IRQHandler)
    USART1_IRQHandler                        0x08002135   Thumb Code     2  stm32f0xx_it.o(.text.USART1_IRQHandler)
    activateADC                              0x08002139   Thumb Code    72  adc.o(.text.activateADC)
    advanceincrement                         0x08002189   Thumb Code   272  main.o(.text.advanceincrement)
    allOff                                   0x080022a5   Thumb Code   104  phaseouts.o(.text.allOff)
    allpwm                                   0x0800230d   Thumb Code   136  phaseouts.o(.text.allpwm)
    changeCompInput                          0x08002399   Thumb Code    76  comparator.o(.text.changeCompInput)
    comStep                                  0x080023f5   Thumb Code   688  phaseouts.o(.text.comStep)
    commutate                                0x080026ad   Thumb Code   312  main.o(.text.commutate)
    computeDshotDMA                          0x08002801   Thumb Code   868  dshot.o(.text.computeDshotDMA)
    computeServoInput                        0x08002b91   Thumb Code   352  signal.o(.text.computeServoInput)
    delayMicros                              0x08002d21   Thumb Code    16  functions.o(.text.delayMicros)
    delayMillis                              0x08002d35   Thumb Code    36  functions.o(.text.delayMillis)
    detectInput                              0x08002d61   Thumb Code   324  signal.o(.text.detectInput)
    disableComTimerInt                       0x08002ec9   Thumb Code    12  peripherals.o(.text.disableComTimerInt)
    enableADC_DMA                            0x08002ed5   Thumb Code    72  adc.o(.text.enableADC_DMA)
    enableCompInterrupts                     0x08002f35   Thumb Code    16  comparator.o(.text.enableCompInterrupts)
    enableCorePeripherals                    0x08002f49   Thumb Code   248  peripherals.o(.text.enableCorePeripherals)
    enableHalfTransferInt                    0x08003059   Thumb Code    12  io.o(.text.enableHalfTransferInt)
    fullBrake                                0x08003069   Thumb Code   104  phaseouts.o(.text.fullBrake)
    generatePwmTimerEvent                    0x080030d5   Thumb Code    12  peripherals.o(.text.generatePwmTimerEvent)
    getAbsDif                                0x080030e5   Thumb Code    10  functions.o(.text.getAbsDif)
    getCompOutputLevel                       0x080030f1   Thumb Code    32  comparator.o(.text.getCompOutputLevel)
    getInputPinState                         0x0800311d   Thumb Code    12  io.o(.text.getInputPinState)
    getintervaTimerCount                     0x0800312d   Thumb Code     8  peripherals.o(.text.getintervaTimerCount)
    initAfterJump                            0x08003139   Thumb Code   292  peripherals.o(.text.initAfterJump)
    initCorePeripherals                      0x0800327d   Thumb Code   484  peripherals.o(.text.initCorePeripherals)
    interruptRoutine                         0x0800348d   Thumb Code   168  main.o(.text.interruptRoutine)
    loadEEpromSettings                       0x08003539   Thumb Code   692  main.o(.text.loadEEpromSettings)
    main                                     0x08003825   Thumb Code  1908  main.o(.text.main)
    makeTelemPackage                         0x08003fb9   Thumb Code  1580  serial_telemetry.o(.text.makeTelemPackage)
    make_dshot_package                       0x080045e9   Thumb Code   400  dshot.o(.text.make_dshot_package)
    map                                      0x08004795   Thumb Code    38  functions.o(.text.map)
    maskPhaseInterrupts                      0x080047bd   Thumb Code    16  comparator.o(.text.maskPhaseInterrupts)
    playBeaconTune3                          0x080047d1   Thumb Code    92  sounds.o(.text.playBeaconTune3)
    playBlueJayTune                          0x0800482d   Thumb Code   208  sounds.o(.text.playBlueJayTune)
    playChangedTone                          0x0800490d   Thumb Code    80  sounds.o(.text.playChangedTone)
    playDefaultTone                          0x0800495d   Thumb Code    80  sounds.o(.text.playDefaultTone)
    playInputTune                            0x080049ad   Thumb Code   100  sounds.o(.text.playInputTune)
    playInputTune2                           0x08004a11   Thumb Code   104  sounds.o(.text.playInputTune2)
    playStartupTune                          0x08004a79   Thumb Code   120  sounds.o(.text.playStartupTune)
    proportionalBrake                        0x08004b05   Thumb Code    96  phaseouts.o(.text.proportionalBrake)
    read_flash_bin                           0x08004b69   Thumb Code    18  eeprom.o(.text.read_flash_bin)
    receiveDshotDma                          0x08004b7d   Thumb Code   112  io.o(.text.receiveDshotDma)
    reloadWatchDogCounter                    0x08004c05   Thumb Code     8  peripherals.o(.text.reloadWatchDogCounter)
    resetInputCaptureTimer                   0x08004c15   Thumb Code    12  peripherals.o(.text.resetInputCaptureTimer)
    saveEEpromSettings                       0x08004c25   Thumb Code    88  main.o(.text.saveEEpromSettings)
    save_flash_nolib                         0x08004c8d   Thumb Code   260  eeprom.o(.text.save_flash_nolib)
    sendDshotDma                             0x08004d99   Thumb Code   128  io.o(.text.sendDshotDma)
    send_telem_DMA                           0x08004e31   Thumb Code    60  serial_telemetry.o(.text.send_telem_DMA)
    setAndEnableComInt                       0x08004e71   Thumb Code    20  peripherals.o(.text.setAndEnableComInt)
    setAutoReloadPWM                         0x08004e89   Thumb Code     8  peripherals.o(.text.setAutoReloadPWM)
    setDutyCycleAll                          0x08004e95   Thumb Code    12  peripherals.o(.text.setDutyCycleAll)
    setInputPolarityRising                   0x08004ea1   Thumb Code    12  io.o(.text.setInputPolarityRising)
    setPWMCompare1                           0x08004eb1   Thumb Code     8  peripherals.o(.text.setPWMCompare1)
    setPWMCompare2                           0x08004ebd   Thumb Code     8  peripherals.o(.text.setPWMCompare2)
    setPWMCompare3                           0x08004ec9   Thumb Code     8  peripherals.o(.text.setPWMCompare3)
    setPrescalerPWM                          0x08004ed5   Thumb Code     8  peripherals.o(.text.setPrescalerPWM)
    setVolume                                0x08004ee1   Thumb Code    16  sounds.o(.text.setVolume)
    setintervaTimerCount                     0x08004ef5   Thumb Code     8  peripherals.o(.text.setintervaTimerCount)
    telem_UART_Init                          0x08004f01   Thumb Code   308  serial_telemetry.o(.text.telem_UART_Init)
    tenKhzRoutine                            0x0800505d   Thumb Code  2444  main.o(.text.tenKhzRoutine)
    transfercomplete                         0x08005a11   Thumb Code   248  signal.o(.text.transfercomplete)
    __scatterload_copy                       0x08005b35   Thumb Code    14  handlers.o(i.__scatterload_copy)
    __scatterload_null                       0x08005b43   Thumb Code     2  handlers.o(i.__scatterload_null)
    __scatterload_zeroinit                   0x08005b45   Thumb Code    14  handlers.o(i.__scatterload_zeroinit)
    AHBPrescTable                            0x08005b52   Data          16  system_stm32f0xx.o(.rodata.AHBPrescTable)
    APBPrescTable                            0x08005b62   Data           8  system_stm32f0xx.o(.rodata.APBPrescTable)
    gcr_encode_table                         0x08005b6a   Data          16  dshot.o(.rodata.gcr_encode_table)
    Region$$Table$$Base                      0x08005b7c   Number         0  anon$$obj.o(Region$$Table)
    Region$$Table$$Limit                     0x08005b9c   Number         0  anon$$obj.o(Region$$Table)
    eeprom_layout_version                    0x200000c0   Data           1  main.o(.data..L_MergedGlobals)
    comp_pwm                                 0x200000c1   Data           1  main.o(.data..L_MergedGlobals)
    VARIABLE_PWM                             0x200000c2   Data           1  main.o(.data..L_MergedGlobals)
    stuck_rotor_protection                   0x200000c3   Data           1  main.o(.data..L_MergedGlobals)
    telemetry_interval_ms                    0x200000c4   Data           1  main.o(.data..L_MergedGlobals)
    TEMPERATURE_LIMIT                        0x200000c5   Data           1  main.o(.data..L_MergedGlobals)
    advance_level                            0x200000c6   Data           1  main.o(.data..L_MergedGlobals)
    motor_poles                              0x200000c7   Data           1  main.o(.data..L_MergedGlobals)
    sine_mode_power                          0x200000c8   Data           1  main.o(.data..L_MergedGlobals)
    drag_brake_strength                      0x200000c9   Data           1  main.o(.data..L_MergedGlobals)
    driving_brake_strength                   0x200000ca   Data           1  main.o(.data..L_MergedGlobals)
    dead_time_override                       0x200000cb   Data           1  main.o(.data..L_MergedGlobals)
    sine_mode_changeover_thottle_level       0x200000cc   Data           1  main.o(.data..L_MergedGlobals)
    servo_dead_band                          0x200000cd   Data           1  main.o(.data..L_MergedGlobals)
    maximum_throttle_change_ramp             0x200000ce   Data           1  main.o(.data..L_MergedGlobals)
    low_rpm_throttle_limit                   0x200000cf   Data           1  main.o(.data..L_MergedGlobals)
    VOLTAGE_DIVIDER                          0x200000d0   Data           1  main.o(.data..L_MergedGlobals)
    bemf_timeout                             0x200000d1   Data           1  main.o(.data..L_MergedGlobals)
    reversing_dead_band                      0x200000d2   Data           1  main.o(.data..L_MergedGlobals)
    max_duty_cycle_change                    0x200000d3   Data           1  main.o(.data..L_MergedGlobals)
    fast_accel                               0x200000d4   Data           1  main.o(.data..L_MergedGlobals)
    changeover_step                          0x200000d5   Data           1  main.o(.data..L_MergedGlobals)
    filter_level                             0x200000d6   Data           1  main.o(.data..L_MergedGlobals)
    advancedivisor                           0x200000d7   Data           1  main.o(.data..L_MergedGlobals)
    rising                                   0x200000d8   Data           1  main.o(.data..L_MergedGlobals)
    forward                                  0x200000d9   Data           1  main.o(.data..L_MergedGlobals)
    bad_count_threshold                      0x200000da   Data           1  main.o(.data..L_MergedGlobals)
    min_bemf_counts_up                       0x200000db   Data           1  main.o(.data..L_MergedGlobals)
    min_bemf_counts_down                     0x200000dc   Data           1  main.o(.data..L_MergedGlobals)
    step                                     0x200000dd   Data           1  main.o(.data..L_MergedGlobals)
    motor_kv                                 0x200000de   Data           2  main.o(.data..L_MergedGlobals)
    CURRENT_LIMIT                            0x200000e0   Data           2  main.o(.data..L_MergedGlobals)
    stall_protect_target_interval            0x200000e2   Data           2  main.o(.data..L_MergedGlobals)
    enter_sine_angle                         0x200000e4   Data           2  main.o(.data..L_MergedGlobals)
    servo_low_threshold                      0x200000e6   Data           2  main.o(.data..L_MergedGlobals)
    servo_high_threshold                     0x200000e8   Data           2  main.o(.data..L_MergedGlobals)
    servo_neutral                            0x200000ea   Data           2  main.o(.data..L_MergedGlobals)
    low_cell_volt_cutoff                     0x200000ec   Data           2  main.o(.data..L_MergedGlobals)
    ADC_CCR                                  0x200000ee   Data           2  main.o(.data..L_MergedGlobals)
    use_current_limit_adjust                 0x200000f0   Data           2  main.o(.data..L_MergedGlobals)
    reverse_speed_threshold                  0x200000f2   Data           2  main.o(.data..L_MergedGlobals)
    min_startup_duty                         0x200000f4   Data           2  main.o(.data..L_MergedGlobals)
    sin_mode_min_s_d                         0x200000f6   Data           2  main.o(.data..L_MergedGlobals)
    startup_max_duty_cycle                   0x200000f8   Data           2  main.o(.data..L_MergedGlobals)
    minimum_duty_cycle                       0x200000fa   Data           2  main.o(.data..L_MergedGlobals)
    stall_protect_minimum_duty               0x200000fc   Data           2  main.o(.data..L_MergedGlobals)
    tim1_arr                                 0x200000fe   Data           2  main.o(.data..L_MergedGlobals)
    TIMER1_MAX_ARR                           0x20000100   Data           2  main.o(.data..L_MergedGlobals)
    duty_cycle_maximum                       0x20000102   Data           2  main.o(.data..L_MergedGlobals)
    low_rpm_level                            0x20000104   Data           2  main.o(.data..L_MergedGlobals)
    high_rpm_level                           0x20000106   Data           2  main.o(.data..L_MergedGlobals)
    throttle_max_at_low_rpm                  0x20000108   Data           2  main.o(.data..L_MergedGlobals)
    throttle_max_at_high_rpm                 0x2000010a   Data           2  main.o(.data..L_MergedGlobals)
    step_delay                               0x2000010c   Data           2  main.o(.data..L_MergedGlobals)
    gate_drive_offset                        0x2000010e   Data           2  main.o(.data..L_MergedGlobals)
    commutation_interval                     0x20000110   Data           2  main.o(.data..L_MergedGlobals)
    MAXIMUM_RPM_SPEED_CONTROL                0x20000114   Data           4  main.o(.data..L_MergedGlobals)
    MINIMUM_RPM_SPEED_CONTROL                0x20000118   Data           4  main.o(.data..L_MergedGlobals)
    buffersize                               0x2000011c   Data           1  signal.o(.data..L_MergedGlobals)
    smallestnumber                           0x2000011e   Data           2  signal.o(.data..L_MergedGlobals)
    FLASH_FKEY1                              0x20000120   Data           4  eeprom.o(.data..L_MergedGlobals)
    FLASH_FKEY2                              0x20000124   Data           4  eeprom.o(.data..L_MergedGlobals)
    speedPid                                 0x20000128   Data          40  main.o(.data..L_MergedGlobals.1)
    currentPid                               0x20000150   Data          40  main.o(.data..L_MergedGlobals.1)
    stallPid                                 0x20000178   Data          40  main.o(.data..L_MergedGlobals.1)
    SystemCoreClock                          0x200001a0   Data           4  system_stm32f0xx.o(.data.SystemCoreClock)
    active_COMP                              0x200001a4   Data           4  comparator.o(.data.active_COMP)
    ic_timer_prescaler                       0x200001a8   Data           1  io.o(.data.ic_timer_prescaler)
    max_servo_deviation                      0x200001ac   Data           4  signal.o(.data.max_servo_deviation)
    nbDataToTransmit                         0x200001b0   Data           1  serial_telemetry.o(.data.nbDataToTransmit)
    pwmSin                                   0x200001b2   Data         720  main.o(.data.pwmSin)
    firmware_info                            0x20000482   Data          14  main.o(.firmware_info)
    EDT_ARM_ENABLE                           0x20000490   Data           1  dshot.o(.bss..L_MergedGlobals)
    EDT_ARMED                                0x20000491   Data           1  dshot.o(.bss..L_MergedGlobals)
    command_count                            0x20000492   Data           1  dshot.o(.bss..L_MergedGlobals)
    last_command                             0x20000493   Data           1  dshot.o(.bss..L_MergedGlobals)
    high_pin_count                           0x20000494   Data           1  dshot.o(.bss..L_MergedGlobals)
    dshot_extended_telemetry                 0x20000495   Data           1  dshot.o(.bss..L_MergedGlobals)
    send_extended_dshot                      0x20000496   Data           2  dshot.o(.bss..L_MergedGlobals)
    halfpulsetime                            0x20000498   Data           2  dshot.o(.bss..L_MergedGlobals)
    dshot_frametime                          0x2000049a   Data           2  dshot.o(.bss..L_MergedGlobals)
    dshot_goodcounts                         0x2000049c   Data           2  dshot.o(.bss..L_MergedGlobals)
    dshot_badcounts                          0x2000049e   Data           2  dshot.o(.bss..L_MergedGlobals)
    shift_amount                             0x200004a0   Data           4  dshot.o(.bss..L_MergedGlobals)
    dshot_full_number                        0x200004a4   Data           4  dshot.o(.bss..L_MergedGlobals)
    gcrnumber                                0x200004a8   Data           4  dshot.o(.bss..L_MergedGlobals)
    dpulse                                   0x200004ac   Data          64  dshot.o(.bss..L_MergedGlobals)
    out_put                                  0x200004ec   Data           1  io.o(.bss..L_MergedGlobals)
    buffer_padding                           0x200004ed   Data           1  io.o(.bss..L_MergedGlobals)
    enter_calibration_count                  0x200004f0   Data           1  signal.o(.bss..L_MergedGlobals.1)
    calibration_required                     0x200004f1   Data           1  signal.o(.bss..L_MergedGlobals.1)
    high_calibration_counts                  0x200004f2   Data           1  signal.o(.bss..L_MergedGlobals.1)
    high_calibration_set                     0x200004f3   Data           1  signal.o(.bss..L_MergedGlobals.1)
    low_calibration_counts                   0x200004f4   Data           1  signal.o(.bss..L_MergedGlobals.1)
    output_timer_prescaler                   0x200004f5   Data           1  signal.o(.bss..L_MergedGlobals.1)
    last_high_threshold                      0x200004f6   Data           2  signal.o(.bss..L_MergedGlobals.1)
    last_input                               0x200004f8   Data           2  signal.o(.bss..L_MergedGlobals.1)
    servorawinput                            0x200004fc   Data           4  signal.o(.bss..L_MergedGlobals.1)
    average_signal_pulse                     0x20000500   Data           4  signal.o(.bss..L_MergedGlobals.1)
    drive_by_rpm                             0x20000504   Data           1  main.o(.bss..L_MergedGlobals.2)
    compute_dshot_flag                       0x20000505   Data           1  main.o(.bss..L_MergedGlobals.2)
    dir_reversed                             0x20000506   Data           1  main.o(.bss..L_MergedGlobals.2)
    bi_direction                             0x20000507   Data           1  main.o(.bss..L_MergedGlobals.2)
    brake_on_stop                            0x20000508   Data           1  main.o(.bss..L_MergedGlobals.2)
    stall_protection                         0x20000509   Data           1  main.o(.bss..L_MergedGlobals.2)
    use_sin_start                            0x2000050a   Data           1  main.o(.bss..L_MergedGlobals.2)
    TLM_ON_INTERVAL                          0x2000050b   Data           1  main.o(.bss..L_MergedGlobals.2)
    USE_HALL_SENSOR                          0x2000050c   Data           1  main.o(.bss..L_MergedGlobals.2)
    do_once_sinemode                         0x2000050d   Data           1  main.o(.bss..L_MergedGlobals.2)
    LOW_VOLTAGE_CUTOFF                       0x2000050e   Data           1  main.o(.bss..L_MergedGlobals.2)
    RC_CAR_REVERSE                           0x2000050f   Data           1  main.o(.bss..L_MergedGlobals.2)
    use_speed_control_loop                   0x20000510   Data           1  main.o(.bss..L_MergedGlobals.2)
    use_current_limit                        0x20000511   Data           1  main.o(.bss..L_MergedGlobals.2)
    desync_happened                          0x20000512   Data           1  main.o(.bss..L_MergedGlobals.2)
    crawler_mode                             0x20000513   Data           1  main.o(.bss..L_MergedGlobals.2)
    cell_count                               0x20000514   Data           1  main.o(.bss..L_MergedGlobals.2)
    brushed_direction_set                    0x20000515   Data           1  main.o(.bss..L_MergedGlobals.2)
    play_tone_flag                           0x20000516   Data           1  main.o(.bss..L_MergedGlobals.2)
    desync_check                             0x20000517   Data           1  main.o(.bss..L_MergedGlobals.2)
    adc_counter                              0x20000518   Data           1  main.o(.bss..L_MergedGlobals.2)
    send_telemetry                           0x20000519   Data           1  main.o(.bss..L_MergedGlobals.2)
    prop_brake_active                        0x2000051a   Data           1  main.o(.bss..L_MergedGlobals.2)
    old_routine                              0x2000051b   Data           1  main.o(.bss..L_MergedGlobals.2)
    readIndex                                0x2000051c   Data           1  main.o(.bss..L_MergedGlobals.2)
    bemf_timeout_happened                    0x2000051d   Data           1  main.o(.bss..L_MergedGlobals.2)
    running                                  0x2000051e   Data           1  main.o(.bss..L_MergedGlobals.2)
    stepper_sine                             0x2000051f   Data           1  main.o(.bss..L_MergedGlobals.2)
    stuckcounter                             0x20000520   Data           1  main.o(.bss..L_MergedGlobals.2)
    bad_count                                0x20000521   Data           1  main.o(.bss..L_MergedGlobals.2)
    armed                                    0x20000522   Data           1  main.o(.bss..L_MergedGlobals.2)
    inputSet                                 0x20000523   Data           1  main.o(.bss..L_MergedGlobals.2)
    dshot                                    0x20000524   Data           1  main.o(.bss..L_MergedGlobals.2)
    servoPwm                                 0x20000525   Data           1  main.o(.bss..L_MergedGlobals.2)
    zcfound                                  0x20000526   Data           1  main.o(.bss..L_MergedGlobals.2)
    bemfcounter                              0x20000527   Data           1  main.o(.bss..L_MergedGlobals.2)
    degrees_celsius                          0x20000528   Data           1  main.o(.bss..L_MergedGlobals.2)
    EEPROM_VERSION                           0x20000529   Data           1  main.o(.bss..L_MergedGlobals.2)
    temperature_offset                       0x2000052a   Data           1  main.o(.bss..L_MergedGlobals.2)
    target_e_com_time                        0x2000052c   Data           2  main.o(.bss..L_MergedGlobals.2)
    low_voltage_count                        0x2000052e   Data           2  main.o(.bss..L_MergedGlobals.2)
    tenkhzcounter                            0x20000530   Data           2  main.o(.bss..L_MergedGlobals.2)
    actual_current                           0x20000532   Data           2  main.o(.bss..L_MergedGlobals.2)
    last_duty_cycle                          0x20000534   Data           2  main.o(.bss..L_MergedGlobals.2)
    adjusted_input                           0x20000536   Data           2  main.o(.bss..L_MergedGlobals.2)
    smoothedinput                            0x20000538   Data           2  main.o(.bss..L_MergedGlobals.2)
    advance                                  0x2000053a   Data           2  main.o(.bss..L_MergedGlobals.2)
    zero_input_count                         0x2000053c   Data           2  main.o(.bss..L_MergedGlobals.2)
    input                                    0x2000053e   Data           2  main.o(.bss..L_MergedGlobals.2)
    newinput                                 0x20000540   Data           2  main.o(.bss..L_MergedGlobals.2)
    duty_cycle                               0x20000542   Data           2  main.o(.bss..L_MergedGlobals.2)
    waitTime                                 0x20000544   Data           2  main.o(.bss..L_MergedGlobals.2)
    signaltimeout                            0x20000546   Data           2  main.o(.bss..L_MergedGlobals.2)
    thiszctime                               0x20000548   Data           2  main.o(.bss..L_MergedGlobals.2)
    battery_voltage                          0x2000054a   Data           2  main.o(.bss..L_MergedGlobals.2)
    armed_timeout_count                      0x2000054c   Data           2  main.o(.bss..L_MergedGlobals.2)
    telem_ms_count                           0x2000054e   Data           2  main.o(.bss..L_MergedGlobals.2)
    phase_A_position                         0x20000550   Data           2  main.o(.bss..L_MergedGlobals.2)
    phase_B_position                         0x20000552   Data           2  main.o(.bss..L_MergedGlobals.2)
    phase_C_position                         0x20000554   Data           2  main.o(.bss..L_MergedGlobals.2)
    adjusted_duty_cycle                      0x20000556   Data           2  main.o(.bss..L_MergedGlobals.2)
    e_rpm                                    0x20000558   Data           2  main.o(.bss..L_MergedGlobals.2)
    ADC_raw_temp                             0x2000055a   Data           2  main.o(.bss..L_MergedGlobals.2)
    converted_degrees                        0x2000055c   Data           2  main.o(.bss..L_MergedGlobals.2)
    ADC_raw_volts                            0x2000055e   Data           2  main.o(.bss..L_MergedGlobals.2)
    ADC_raw_current                          0x20000560   Data           2  main.o(.bss..L_MergedGlobals.2)
    k_erpm                                   0x20000562   Data           2  main.o(.bss..L_MergedGlobals.2)
    input_override                           0x20000564   Data           4  main.o(.bss..L_MergedGlobals.2)
    stall_protection_adjust                  0x20000568   Data           4  main.o(.bss..L_MergedGlobals.2)
    MCU_Id                                   0x2000056c   Data           4  main.o(.bss..L_MergedGlobals.2)
    REV_Id                                   0x20000570   Data           4  main.o(.bss..L_MergedGlobals.2)
    consumed_current                         0x20000574   Data           4  main.o(.bss..L_MergedGlobals.2)
    smoothed_raw_current                     0x20000578   Data           4  main.o(.bss..L_MergedGlobals.2)
    average_interval                         0x2000057c   Data           4  main.o(.bss..L_MergedGlobals.2)
    total                                    0x20000580   Data           4  main.o(.bss..L_MergedGlobals.3)
    e_com_time                               0x20000584   Data           4  main.o(.bss..L_MergedGlobals.3)
    zero_crosses                             0x20000588   Data           4  main.o(.bss..L_MergedGlobals.3)
    last_average_interval                    0x2000058c   Data           4  main.o(.bss..L_MergedGlobals.3)
    commutation_intervals                    0x20000590   Data          12  main.o(.bss..L_MergedGlobals.3)
    readings                                 0x2000059c   Data          60  main.o(.bss..L_MergedGlobals.3)
    ADCDataDMA                               0x200005d8   Data           6  adc.o(.bss.ADCDataDMA)
    aTxBuffer                                0x200005de   Data          10  serial_telemetry.o(.bss.aTxBuffer)
    beep_volume                              0x200005e8   Data           1  sounds.o(.bss.beep_volume)
    dma_buffer                               0x200005ec   Data         256  io.o(.bss.dma_buffer)
    dshot_telemetry                          0x200006ec   Data           1  main.o(.bss.dshot_telemetry)
    dshotcommand                             0x200006ed   Data           1  main.o(.bss.dshotcommand)
    eepromBuffer                             0x200006ee   Data         176  main.o(.bss.eepromBuffer)
    gcr                                      0x200007a0   Data         148  dshot.o(.bss.gcr)
    last_dshot_command                       0x20000834   Data           1  main.o(.bss.last_dshot_command)
    __initial_sp                             0x20000c38   Data           0  startup_stm32f051k8.o(STACK)



==============================================================================

Memory Map of the image

  Image Entry point : 0x080010bd

  Load Region LR_IROM1 (Base: 0x08001000, Size: 0x00004f70, Max: 0x00007fff, ABSOLUTE, COMPRESSED[0x00004ea0])

    Execution Region ER_IROM1 (Exec base: 0x08001000, Load base: 0x08001000, Size: 0x00004b9c, Max: 0x00007fff, ABSOLUTE)

    Exec Addr    Load Addr    Size         Type   Attr      Idx    E Section Name        Object

    0x08001000   0x08001000   0x000000bc   Data   RO            3    RESET               startup_stm32f051k8.o
    0x080010bc   0x080010bc   0x00000000   Code   RO          612  * .ARM.Collect$$$$00000000  mc_p.l(entry.o)
    0x080010bc   0x080010bc   0x00000004   Code   RO          645    .ARM.Collect$$$$00000001  mc_p.l(entry2.o)
    0x080010c0   0x080010c0   0x00000004   Code   RO          648    .ARM.Collect$$$$00000004  mc_p.l(entry5.o)
    0x080010c4   0x080010c4   0x00000000   Code   RO          650    .ARM.Collect$$$$00000008  mc_p.l(entry7b.o)
    0x080010c4   0x080010c4   0x00000000   Code   RO          652    .ARM.Collect$$$$0000000A  mc_p.l(entry8b.o)
    0x080010c4   0x080010c4   0x00000008   Code   RO          653    .ARM.Collect$$$$0000000B  mc_p.l(entry9a.o)
    0x080010cc   0x080010cc   0x00000000   Code   RO          655    .ARM.Collect$$$$0000000D  mc_p.l(entry10a.o)
    0x080010cc   0x080010cc   0x00000000   Code   RO          657    .ARM.Collect$$$$0000000F  mc_p.l(entry11a.o)
    0x080010cc   0x080010cc   0x00000004   Code   RO          646    .ARM.Collect$$$$00002712  mc_p.l(entry2.o)
    0x080010d0   0x080010d0   0x0000001c   Code   RO            4    .text               startup_stm32f051k8.o
    0x080010ec   0x080010ec   0x00000024   Code   RO          623    .text               mc_p.l(memcpya.o)
    0x08001110   0x08001110   0x00000024   Code   RO          625    .text               mc_p.l(memseta.o)
    0x08001134   0x08001134   0x000000b2   Code   RO          629    .text               mf_p.l(fadd.o)
    0x080011e6   0x080011e6   0x0000007c   Code   RO          631    .text               mf_p.l(fdiv.o)
    0x08001262   0x08001262   0x0000001c   Code   RO          633    .text               mf_p.l(fcmple.o)
    0x0800127e   0x0800127e   0x0000001c   Code   RO          635    .text               mf_p.l(fcmplt.o)
    0x0800129a   0x0800129a   0x0000001c   Code   RO          637    .text               mf_p.l(fcmpge.o)
    0x080012b6   0x080012b6   0x0000001c   Code   RO          639    .text               mf_p.l(fcmpgt.o)
    0x080012d2   0x080012d2   0x00000016   Code   RO          641    .text               mf_p.l(fflti.o)
    0x080012e8   0x080012e8   0x00000032   Code   RO          643    .text               mf_p.l(ffixi.o)
    0x0800131a   0x0800131a   0x0000003e   Code   RO          663    .text               mc_p.l(uidiv_div0.o)
    0x08001358   0x08001358   0x00000050   Code   RO          665    .text               mc_p.l(idiv_div0.o)
    0x080013a8   0x080013a8   0x00000000   Code   RO          669    .text               mc_p.l(iusefp.o)
    0x080013a8   0x080013a8   0x00000082   Code   RO          670    .text               mf_p.l(fepilogue.o)
    0x0800142a   0x0800142a   0x00000002   PAD
    0x0800142c   0x0800142c   0x00000024   Code   RO          672    .text               mc_p.l(init.o)
    0x08001450   0x08001450   0x00000056   Code   RO          682    .text               mc_p.l(__dczerorl2.o)
    0x080014a6   0x080014a6   0x00000002   PAD
    0x080014a8   0x080014a8   0x0000001c   Code   RO          391    .text.ADC1_COMP_IRQHandler  stm32f0xx_it.o
    0x080014c4   0x080014c4   0x00000028   Code   RO          174    .text.ADC_DMA_Callback  adc.o
    0x080014ec   0x080014ec   0x0000014c   Code   RO          180    .text.ADC_Init      adc.o
    0x08001638   0x08001638   0x00000028   Code   RO          405    .text.DMA1_Channel1_IRQHandler  stm32f0xx_it.o
    0x08001660   0x08001660   0x0000001c   Code   RO          387    .text.DMA1_Channel2_3_IRQHandler  stm32f0xx_it.o
    0x0800167c   0x0800167c   0x00000060   Code   RO          389    .text.DMA1_Channel4_5_IRQHandler  stm32f0xx_it.o
    0x080016dc   0x080016dc   0x00000002   Code   RO          379    .text.HardFault_Handler  stm32f0xx_it.o
    0x080016de   0x080016de   0x00000002   PAD
    0x080016e0   0x080016e0   0x00000034   Code   RO          435    .text.LL_ADC_Init   stm32f0xx_ll_adc.o
    0x08001714   0x08001714   0x0000002c   Code   RO          439    .text.LL_ADC_REG_Init  stm32f0xx_ll_adc.o
    0x08001740   0x08001740   0x000000b0   Code   RO          495    .text.LL_GPIO_Init  stm32f0xx_ll_gpio.o
    0x080017f0   0x080017f0   0x00000020   Code   RO          593    .text.LL_Init1msTick  stm32f0xx_ll_utils.o
    0x08001810   0x08001810   0x00000054   Code   RO          517    .text.LL_RCC_GetSystemClocksFreq  stm32f0xx_ll_rcc.o
    0x08001864   0x08001864   0x000000c0   Code   RO          525    .text.LL_RCC_GetUSARTClockFreq  stm32f0xx_ll_rcc.o
    0x08001924   0x08001924   0x0000000c   Code   RO          597    .text.LL_SetSystemCoreClock  stm32f0xx_ll_utils.o
    0x08001930   0x08001930   0x00000040   Code   RO          565    .text.LL_TIM_BDTR_Init  stm32f0xx_ll_tim.o
    0x08001970   0x08001970   0x000000bc   Code   RO          545    .text.LL_TIM_Init   stm32f0xx_ll_tim.o
    0x08001a2c   0x08001a2c   0x00000234   Code   RO          549    .text.LL_TIM_OC_Init  stm32f0xx_ll_tim.o
    0x08001c60   0x08001c60   0x000000b8   Code   RO          577    .text.LL_USART_Init  stm32f0xx_ll_usart.o
    0x08001d18   0x08001d18   0x0000002c   Code   RO          275    .text.MX_IWDG_Init  peripherals.o
    0x08001d44   0x08001d44   0x00000220   Code   RO          259    .text.MX_TIM1_Init  peripherals.o
    0x08001f64   0x08001f64   0x00000002   Code   RO          377    .text.NMI_Handler   stm32f0xx_it.o
    0x08001f66   0x08001f66   0x00000002   Code   RO          383    .text.PendSV_Handler  stm32f0xx_it.o
    0x08001f68   0x08001f68   0x00000054   Code   RO           57    .text.PeriodElapsedCallback  main.o
    0x08001fbc   0x08001fbc   0x00000002   Code   RO          381    .text.SVC_Handler   stm32f0xx_it.o
    0x08001fbe   0x08001fbe   0x00000002   Code   RO          385    .text.SysTick_Handler  stm32f0xx_it.o
    0x08001fc0   0x08001fc0   0x000000c4   Code   RO          253    .text.SystemClock_Config  peripherals.o
    0x08002084   0x08002084   0x00000002   Code   RO          416    .text.SystemInit    system_stm32f0xx.o
    0x08002086   0x08002086   0x00000002   PAD
    0x08002088   0x08002088   0x00000014   Code   RO          395    .text.TIM14_IRQHandler  stm32f0xx_it.o
    0x0800209c   0x0800209c   0x00000028   Code   RO          401    .text.TIM15_IRQHandler  stm32f0xx_it.o
    0x080020c4   0x080020c4   0x00000002   Code   RO          397    .text.TIM16_IRQHandler  stm32f0xx_it.o
    0x080020c6   0x080020c6   0x00000002   PAD
    0x080020c8   0x080020c8   0x00000028   Code   RO          407    .text.TIM1_BRK_UP_TRG_COM_IRQHandler  stm32f0xx_it.o
    0x080020f0   0x080020f0   0x00000028   Code   RO          403    .text.TIM3_IRQHandler  stm32f0xx_it.o
    0x08002118   0x08002118   0x0000001c   Code   RO          393    .text.TIM6_DAC_IRQHandler  stm32f0xx_it.o
    0x08002134   0x08002134   0x00000002   Code   RO          399    .text.USART1_IRQHandler  stm32f0xx_it.o
    0x08002136   0x08002136   0x00000002   PAD
    0x08002138   0x08002138   0x00000050   Code   RO          178    .text.activateADC   adc.o
    0x08002188   0x08002188   0x0000011c   Code   RO           65    .text.advanceincrement  main.o
    0x080022a4   0x080022a4   0x00000068   Code   RO          337    .text.allOff        phaseouts.o
    0x0800230c   0x0800230c   0x0000008c   Code   RO          343    .text.allpwm        phaseouts.o
    0x08002398   0x08002398   0x0000005c   Code   RO          197    .text.changeCompInput  comparator.o
    0x080023f4   0x080023f4   0x000002b8   Code   RO          339    .text.comStep       phaseouts.o
    0x080026ac   0x080026ac   0x00000154   Code   RO           55    .text.commutate     main.o
    0x08002800   0x08002800   0x00000390   Code   RO           11    .text.computeDshotDMA  dshot.o
    0x08002b90   0x08002b90   0x00000190   Code   RO          116    .text.computeServoInput  signal.o
    0x08002d20   0x08002d20   0x00000014   Code   RO           31    .text.delayMicros   functions.o
    0x08002d34   0x08002d34   0x0000002c   Code   RO           33    .text.delayMillis   functions.o
    0x08002d60   0x08002d60   0x00000168   Code   RO          124    .text.detectInput   signal.o
    0x08002ec8   0x08002ec8   0x0000000c   Code   RO          281    .text.disableComTimerInt  peripherals.o
    0x08002ed4   0x08002ed4   0x00000060   Code   RO          176    .text.enableADC_DMA  adc.o
    0x08002f34   0x08002f34   0x00000014   Code   RO          195    .text.enableCompInterrupts  comparator.o
    0x08002f48   0x08002f48   0x00000110   Code   RO          307    .text.enableCorePeripherals  peripherals.o
    0x08003058   0x08003058   0x00000010   Code   RO          237    .text.enableHalfTransferInt  io.o
    0x08003068   0x08003068   0x0000006c   Code   RO          341    .text.fullBrake     phaseouts.o
    0x080030d4   0x080030d4   0x00000010   Code   RO          303    .text.generatePwmTimerEvent  peripherals.o
    0x080030e4   0x080030e4   0x0000000a   Code   RO           29    .text.getAbsDif     functions.o
    0x080030ee   0x080030ee   0x00000002   PAD
    0x080030f0   0x080030f0   0x0000002c   Code   RO          191    .text.getCompOutputLevel  comparator.o
    0x0800311c   0x0800311c   0x00000010   Code   RO          229    .text.getInputPinState  io.o
    0x0800312c   0x0800312c   0x0000000c   Code   RO          287    .text.getintervaTimerCount  peripherals.o
    0x08003138   0x08003138   0x00000144   Code   RO          273    .text.initAfterJump  peripherals.o
    0x0800327c   0x0800327c   0x00000210   Code   RO          251    .text.initCorePeripherals  peripherals.o
    0x0800348c   0x0800348c   0x000000ac   Code   RO           59    .text.interruptRoutine  main.o
    0x08003538   0x08003538   0x000002ec   Code   RO           47    .text.loadEEpromSettings  main.o
    0x08003824   0x08003824   0x00000794   Code   RO           69    .text.main          main.o
    0x08003fb8   0x08003fb8   0x00000630   Code   RO          365    .text.makeTelemPackage  serial_telemetry.o
    0x080045e8   0x080045e8   0x000001ac   Code   RO           13    .text.make_dshot_package  dshot.o
    0x08004794   0x08004794   0x00000026   Code   RO           27    .text.map           functions.o
    0x080047ba   0x080047ba   0x00000002   PAD
    0x080047bc   0x080047bc   0x00000014   Code   RO          193    .text.maskPhaseInterrupts  comparator.o
    0x080047d0   0x080047d0   0x0000005c   Code   RO          163    .text.playBeaconTune3  sounds.o
    0x0800482c   0x0800482c   0x000000e0   Code   RO          147    .text.playBlueJayTune  sounds.o
    0x0800490c   0x0800490c   0x00000050   Code   RO          161    .text.playChangedTone  sounds.o
    0x0800495c   0x0800495c   0x00000050   Code   RO          159    .text.playDefaultTone  sounds.o
    0x080049ac   0x080049ac   0x00000064   Code   RO          157    .text.playInputTune  sounds.o
    0x08004a10   0x08004a10   0x00000068   Code   RO          155    .text.playInputTune2  sounds.o
    0x08004a78   0x08004a78   0x0000008c   Code   RO          149    .text.playStartupTune  sounds.o
    0x08004b04   0x08004b04   0x00000064   Code   RO          317    .text.proportionalBrake  phaseouts.o
    0x08004b68   0x08004b68   0x00000012   Code   RO          210    .text.read_flash_bin  eeprom.o
    0x08004b7a   0x08004b7a   0x00000002   PAD
    0x08004b7c   0x08004b7c   0x00000088   Code   RO          225    .text.receiveDshotDma  io.o
    0x08004c04   0x08004c04   0x00000010   Code   RO          279    .text.reloadWatchDogCounter  peripherals.o
    0x08004c14   0x08004c14   0x00000010   Code   RO          305    .text.resetInputCaptureTimer  peripherals.o
    0x08004c24   0x08004c24   0x00000068   Code   RO           49    .text.saveEEpromSettings  main.o
    0x08004c8c   0x08004c8c   0x0000010c   Code   RO          208    .text.save_flash_nolib  eeprom.o
    0x08004d98   0x08004d98   0x00000098   Code   RO          227    .text.sendDshotDma  io.o
    0x08004e30   0x08004e30   0x00000040   Code   RO          359    .text.send_telem_DMA  serial_telemetry.o
    0x08004e70   0x08004e70   0x00000018   Code   RO          285    .text.setAndEnableComInt  peripherals.o
    0x08004e88   0x08004e88   0x0000000c   Code   RO          293    .text.setAutoReloadPWM  peripherals.o
    0x08004e94   0x08004e94   0x0000000c   Code   RO          295    .text.setDutyCycleAll  peripherals.o
    0x08004ea0   0x08004ea0   0x00000010   Code   RO          231    .text.setInputPolarityRising  io.o
    0x08004eb0   0x08004eb0   0x0000000c   Code   RO          297    .text.setPWMCompare1  peripherals.o
    0x08004ebc   0x08004ebc   0x0000000c   Code   RO          299    .text.setPWMCompare2  peripherals.o
    0x08004ec8   0x08004ec8   0x0000000c   Code   RO          301    .text.setPWMCompare3  peripherals.o
    0x08004ed4   0x08004ed4   0x0000000c   Code   RO          291    .text.setPrescalerPWM  peripherals.o
    0x08004ee0   0x08004ee0   0x00000014   Code   RO          139    .text.setVolume     sounds.o
    0x08004ef4   0x08004ef4   0x0000000c   Code   RO          289    .text.setintervaTimerCount  peripherals.o
    0x08004f00   0x08004f00   0x0000015c   Code   RO          357    .text.telem_UART_Init  serial_telemetry.o
    0x0800505c   0x0800505c   0x000009b4   Code   RO           63    .text.tenKhzRoutine  main.o
    0x08005a10   0x08005a10   0x00000124   Code   RO          118    .text.transfercomplete  signal.o
    0x08005b34   0x08005b34   0x0000000e   Code   RO          676    i.__scatterload_copy  mc_p.l(handlers.o)
    0x08005b42   0x08005b42   0x00000002   Code   RO          677    i.__scatterload_null  mc_p.l(handlers.o)
    0x08005b44   0x08005b44   0x0000000e   Code   RO          678    i.__scatterload_zeroinit  mc_p.l(handlers.o)
    0x08005b52   0x08005b52   0x00000010   Data   RO          421    .rodata.AHBPrescTable  system_stm32f0xx.o
    0x08005b62   0x08005b62   0x00000008   Data   RO          422    .rodata.APBPrescTable  system_stm32f0xx.o
    0x08005b6a   0x08005b6a   0x00000010   Data   RO           15    .rodata.gcr_encode_table  dshot.o
    0x08005b7a   0x08005b7a   0x00000002   PAD
    0x08005b7c   0x08005b7c   0x00000020   Data   RO          675    Region$$Table       anon$$obj.o


    Execution Region RW_IRAM1 (Exec base: 0x200000c0, Load base: 0x08005ba0, Size: 0x00000b78, Max: 0x00001f40, ABSOLUTE, COMPRESSED[0x00000300])

    Exec Addr    Load Addr    Size         Type   Attr      Idx    E Section Name        Object

    0x200000c0   COMPRESSED   0x0000005c   Data   RW          102    .data..L_MergedGlobals  main.o
    0x2000011c   COMPRESSED   0x00000004   Data   RW          127    .data..L_MergedGlobals  signal.o
    0x20000120   COMPRESSED   0x00000008   Data   RW          212    .data..L_MergedGlobals  eeprom.o
    0x20000128   COMPRESSED   0x00000078   Data   RW          103    .data..L_MergedGlobals.1  main.o
    0x200001a0   COMPRESSED   0x00000004   Data   RW          420    .data.SystemCoreClock  system_stm32f0xx.o
    0x200001a4   COMPRESSED   0x00000004   Data   RW          199    .data.active_COMP   comparator.o
    0x200001a8   COMPRESSED   0x00000001   Data   RW          241    .data.ic_timer_prescaler  io.o
    0x200001a9   COMPRESSED   0x00000003   PAD
    0x200001ac   COMPRESSED   0x00000004   Data   RW          126    .data.max_servo_deviation  signal.o
    0x200001b0   COMPRESSED   0x00000001   Data   RW          367    .data.nbDataToTransmit  serial_telemetry.o
    0x200001b1   COMPRESSED   0x00000001   PAD
    0x200001b2   COMPRESSED   0x000002d0   Data   RW           92    .data.pwmSin        main.o
    0x20000482   COMPRESSED   0x0000000e   Data   RW           75    .firmware_info      main.o
    0x20000490        -       0x0000005c   Zero   RW           18    .bss..L_MergedGlobals  dshot.o
    0x200004ec        -       0x00000002   Zero   RW          243    .bss..L_MergedGlobals  io.o
    0x200004ee   COMPRESSED   0x00000002   PAD
    0x200004f0        -       0x00000014   Zero   RW          128    .bss..L_MergedGlobals.1  signal.o
    0x20000504        -       0x0000007c   Zero   RW          104    .bss..L_MergedGlobals.2  main.o
    0x20000580        -       0x00000058   Zero   RW          105    .bss..L_MergedGlobals.3  main.o
    0x200005d8        -       0x00000006   Zero   RW          182    .bss.ADCDataDMA     adc.o
    0x200005de        -       0x0000000a   Zero   RW          368    .bss.aTxBuffer      serial_telemetry.o
    0x200005e8        -       0x00000001   Zero   RW          165    .bss.beep_volume    sounds.o
    0x200005e9   COMPRESSED   0x00000003   PAD
    0x200005ec        -       0x00000100   Zero   RW          242    .bss.dma_buffer     io.o
    0x200006ec        -       0x00000001   Zero   RW           89    .bss.dshot_telemetry  main.o
    0x200006ed        -       0x00000001   Zero   RW           99    .bss.dshotcommand   main.o
    0x200006ee        -       0x000000b0   Zero   RW           88    .bss.eepromBuffer   main.o
    0x2000079e   COMPRESSED   0x00000002   PAD
    0x200007a0        -       0x00000094   Zero   RW           16    .bss.gcr            dshot.o
    0x20000834        -       0x00000001   Zero   RW           90    .bss.last_dshot_command  main.o
    0x20000835   COMPRESSED   0x00000003   PAD
    0x20000838        -       0x00000400   Zero   RW            1    STACK               startup_stm32f051k8.o



  Load Region LR_FIRMWAREVERSION (Base: 0x08007be0, Size: 0x00000000, Max: 0x00000020, ABSOLUTE)

    Execution Region FIRMWAREVERSION (Exec base: 0x08007be0, Load base: 0x08007be0, Size: 0x00000000, Max: 0x00000020, ABSOLUTE)

    **** No section assigned to this execution region ****


==============================================================================

Image component sizes


      Code (inc. data)   RO Data    RW Data    ZI Data      Debug   Object Name

       548         68          0          0          6       7415   adc.o
       176         36          0          4          0       1826   comparator.o
      1340         94         16          0        240       3915   dshot.o
       286          8          0          8          0       2205   eeprom.o
       112         12          0          0          0       2239   functions.o
       336         60          0          1        258       4586   io.o
      6156        362          0        946        391      19894   main.o
      2088        204          0          0          0      16955   peripherals.o
      1148         26          0          0          0       8242   phaseouts.o
      1996         52          0          1         10      14660   serial_telemetry.o
      1052        128          0          8         20       2979   signal.o
       840         40          0          0          1       4432   sounds.o
        28          8        188          0       1024        668   startup_stm32f051k8.o
       374         40          0          0          0       5581   stm32f0xx_it.o
        96          8          0          0          0       4657   stm32f0xx_ll_adc.o
       176          0          0          0          0       3780   stm32f0xx_ll_gpio.o
       276         20          0          0          0       7050   stm32f0xx_ll_rcc.o
       816         52          0          0          0      10968   stm32f0xx_ll_tim.o
       184         16          0          0          0       5224   stm32f0xx_ll_usart.o
        44          8          0          0          0       6600   stm32f0xx_ll_utils.o
         2          0         24          4          0       1841   system_stm32f0xx.o

    ----------------------------------------------------------------------
     18088       1242        262        976       1960     135717   Object Totals
         0          0         32          0          0          0   (incl. Generated)
        14          0          2          4         10          0   (incl. Padding)

    ----------------------------------------------------------------------

      Code (inc. data)   RO Data    RW Data    ZI Data      Debug   Library Member Name

        86          0          0          0          0          0   __dczerorl2.o
         0          0          0          0          0          0   entry.o
         0          0          0          0          0          0   entry10a.o
         0          0          0          0          0          0   entry11a.o
         8          4          0          0          0          0   entry2.o
         4          0          0          0          0          0   entry5.o
         0          0          0          0          0          0   entry7b.o
         0          0          0          0          0          0   entry8b.o
         8          4          0          0          0          0   entry9a.o
        30          0          0          0          0          0   handlers.o
        80          6          0          0          0         72   idiv_div0.o
        36          8          0          0          0         68   init.o
         0          0          0          0          0          0   iusefp.o
        36          0          0          0          0         60   memcpya.o
        36          0          0          0          0        100   memseta.o
        62          0          0          0          0         72   uidiv_div0.o
       178          0          0          0          0        108   fadd.o
        28          0          0          0          0         60   fcmpge.o
        28          0          0          0          0         60   fcmpgt.o
        28          0          0          0          0         60   fcmple.o
        28          0          0          0          0         60   fcmplt.o
       124          0          0          0          0         72   fdiv.o
       130          0          0          0          0        144   fepilogue.o
        50          0          0          0          0         60   ffixi.o
        22          0          0          0          0         68   fflti.o

    ----------------------------------------------------------------------
      1006         22          0          0          0       1064   Library Totals
         4          0          0          0          0          0   (incl. Padding)

    ----------------------------------------------------------------------

      Code (inc. data)   RO Data    RW Data    ZI Data      Debug   Library Name

       386         22          0          0          0        372   mc_p.l
       616          0          0          0          0        692   mf_p.l

    ----------------------------------------------------------------------
      1006         22          0          0          0       1064   Library Totals

    ----------------------------------------------------------------------

==============================================================================


      Code (inc. data)   RO Data    RW Data    ZI Data      Debug   

     19094       1264        262        976       1960     136185   Grand Totals
     19094       1264        262        768       1960     136185   ELF Image Totals (compressed)
     19094       1264        262        768          0          0   ROM Totals

==============================================================================

    Total RO  Size (Code + RO Data)                19356 (  18.90kB)
    Total RW  Size (RW Data + ZI Data)              2936 (   2.87kB)
    Total ROM Size (Code + RO Data + RW Data)      20124 (  19.65kB)

==============================================================================

