<html>
<body>
<pre>
<h1>µVision Build Log</h1>
<h2>Tool Versions:</h2>
IDE-Version: µVision V5.36.0.0
Copyright (C) 2021 ARM Ltd and ARM Germany GmbH. All rights reserved.
License Information: P S, Here, LIC=----
 
Tool Versions:
Toolchain:       MDK-Lite  Version: 5.36.0.0
Toolchain Path:  C:\Keil_v5\ARM\ARMCLANG\Bin
C Compiler:      ArmClang.exe V6.16
Assembler:       Armasm.exe V6.16
Linker/Locator:  ArmLink.exe V6.16
Library Manager: ArmAr.exe V6.16
Hex Converter:   FromElf.exe V6.16
CPU DLL:         SARMCM3.DLL V5.36.0.0
Dialog DLL:      DARMCM1.DLL V1.19.4.0
Target DLL:      STLink\ST-LINKIII-KEIL_SWO.dll V3.0.9.0
Dialog DLL:      TARMCM1.DLL V1.14.4.0
 
<h2>Project:</h2>
C:\Users\alkaz\My Drive\GITHUB_RELEASES\AM32_MULTI_MCU\Keil_Projects\Am32F051.uvprojx
Project File Date:  08/22/2023

<h2>Output:</h2>
*** Using Compiler 'V6.16', folder: 'C:\Keil_v5\ARM\ARMCLANG\Bin'
Build Project 'Am32F051' - Target 'AM32REF_F051'
assembling startup_stm32f051k8.s...
compiling functions.c...
compiling dshot.c...
compiling signal.c...
compiling sounds.c...
C:\Users\alkaz\My Drive\GITHUB_RELEASES\AM32_MULTI_MCU\Src\main.c(309): warning: use of GNU old-style field designator extension [-Wgnu-designator]
  version_major: VERSION_MAJOR,
  ^~~~~~~~~~~~~~
  .version_major = 
C:\Users\alkaz\My Drive\GITHUB_RELEASES\AM32_MULTI_MCU\Src\main.c(310): warning: use of GNU old-style field designator extension [-Wgnu-designator]
  version_minor: VERSION_MINOR,
  ^~~~~~~~~~~~~~
  .version_minor = 
C:\Users\alkaz\My Drive\GITHUB_RELEASES\AM32_MULTI_MCU\Src\main.c(311): warning: use of GNU old-style field designator extension [-Wgnu-designator]
  device_name: FIRMWARE_NAME
  ^~~~~~~~~~~~
  .device_name = 
3 warnings generated.
compiling main.c...
compiling ADC.c...
compiling comparator.c...
compiling eeprom.c...
compiling IO.c...
compiling peripherals.c...
compiling phaseouts.c...
compiling serial_telemetry.c...
compiling system_stm32f0xx.c...
compiling stm32f0xx_it.c...
compiling stm32f0xx_ll_adc.c...
compiling stm32f0xx_ll_comp.c...
compiling stm32f0xx_ll_dma.c...
compiling stm32f0xx_ll_exti.c...
compiling stm32f0xx_ll_gpio.c...
compiling stm32f0xx_ll_pwr.c...
compiling stm32f0xx_ll_rcc.c...
compiling stm32f0xx_ll_usart.c...
compiling stm32f0xx_ll_tim.c...
compiling stm32f0xx_ll_utils.c...
linking...
C:\Users\alkaz\My Drive\GITHUB_RELEASES\AM32_MULTI_MCU\Mcu\f051\Am32 32kb_f051.sct(18): warning: L6314W: No section matches pattern firmwareversion.o(RO).
Program Size: Code=19094 RO-data=262 RW-data=976 ZI-data=1960  
Finished: 0 information, 1 warning and 0 error messages.
FromELF: creating hex file...
".\Objects\AM32REF_F051.axf" - 0 Error(s), 4 Warning(s).

<h2>Software Packages used:</h2>

Package Vendor: ARM
                http://www.keil.com/pack/ARM.CMSIS.5.8.0.pack
                ARM.CMSIS.5.8.0
                CMSIS (Common Microcontroller Software Interface Standard)
   * Component: CORE Version: 5.5.0

Package Vendor: Keil
                https://www.keil.com/pack/Keil.STM32F0xx_DFP.2.1.1.pack
                Keil.STM32F0xx_DFP.2.1.1
                STMicroelectronics STM32F0 Series Device Support, Drivers and Examples

<h2>Collection of Component include folders:</h2>
  .\RTE\_AM32REF_F051
  C:\Users\alkaz\AppData\Local\Arm\Packs\ARM\CMSIS\5.8.0\CMSIS\Core\Include
  C:\Users\alkaz\AppData\Local\Arm\Packs\Keil\STM32F0xx_DFP\2.1.1\Drivers\CMSIS\Device\ST\STM32F0xx\Include

<h2>Collection of Component Files used:</h2>

   * Component: ARM::CMSIS:CORE:5.5.0
Build Time Elapsed:  00:00:21
</pre>
</body>
</html>
