<!doctype html public "-//w3c//dtd html 4.0 transitional//en">
<html><head>
<title>Static Call Graph - [.\Objects\AM32_AT32DEV_F421.axf]</title></head>
<body><HR>
<H1>Static Call Graph for image .\Objects\AM32_AT32DEV_F421.axf</H1><HR>
<BR><P>#&#060CALLGRAPH&#062# ARM Linker, 6160001: Last Updated: Tue Aug 22 18:44:34 2023
<BR><P>
<H3>Maximum Stack Usage =          0 bytes + Unknown(Cycles, Untraceable Function Pointers)</H3><H3>
Call chain for Maximum Stack Depth:</H3>

<P>
<H3>
Mutually Recursive functions
</H3> <LI><a href="#[e]">CRM_IRQHandler</a>&nbsp;&nbsp;&nbsp;&rArr;&nbsp;&nbsp;&nbsp;<a href="#[e]">CRM_IRQHandler</a><BR>
 <LI><a href="#[4]">BusFault_Handler</a>&nbsp;&nbsp;&nbsp;&rArr;&nbsp;&nbsp;&nbsp;<a href="#[4]">BusFault_Handler</a><BR>
 <LI><a href="#[2]">HardFault_Handler</a>&nbsp;&nbsp;&nbsp;&rArr;&nbsp;&nbsp;&nbsp;<a href="#[2]">HardFault_Handler</a><BR>
 <LI><a href="#[3]">MemManage_Handler</a>&nbsp;&nbsp;&nbsp;&rArr;&nbsp;&nbsp;&nbsp;<a href="#[3]">MemManage_Handler</a><BR>
 <LI><a href="#[5]">UsageFault_Handler</a>&nbsp;&nbsp;&nbsp;&rArr;&nbsp;&nbsp;&nbsp;<a href="#[5]">UsageFault_Handler</a><BR>
</UL>
<P>
<H3>
Function Pointers
</H3><UL>
 <LI><a href="#[15]">ADC1_CMP_IRQHandler</a> from at32f421_it.o(.text.ADC1_CMP_IRQHandler) referenced from startup_at32f421.o(RESET)
 <LI><a href="#[4]">BusFault_Handler</a> from at32f421_it.o(.text.BusFault_Handler) referenced from startup_at32f421.o(RESET)
 <LI><a href="#[e]">CRM_IRQHandler</a> from startup_at32f421.o(.text) referenced from startup_at32f421.o(RESET)
 <LI><a href="#[12]">DMA1_Channel1_IRQHandler</a> from at32f421_it.o(.text.DMA1_Channel1_IRQHandler) referenced from startup_at32f421.o(RESET)
 <LI><a href="#[13]">DMA1_Channel3_2_IRQHandler</a> from at32f421_it.o(.text.DMA1_Channel3_2_IRQHandler) referenced from startup_at32f421.o(RESET)
 <LI><a href="#[14]">DMA1_Channel5_4_IRQHandler</a> from at32f421_it.o(.text.DMA1_Channel5_4_IRQHandler) referenced from startup_at32f421.o(RESET)
 <LI><a href="#[7]">DebugMon_Handler</a> from at32f421_it.o(.text.DebugMon_Handler) referenced from startup_at32f421.o(RESET)
 <LI><a href="#[c]">ERTC_IRQHandler</a> from startup_at32f421.o(.text) referenced from startup_at32f421.o(RESET)
 <LI><a href="#[11]">EXINT15_4_IRQHandler</a> from startup_at32f421.o(.text) referenced from startup_at32f421.o(RESET)
 <LI><a href="#[f]">EXINT1_0_IRQHandler</a> from startup_at32f421.o(.text) referenced from startup_at32f421.o(RESET)
 <LI><a href="#[10]">EXINT3_2_IRQHandler</a> from startup_at32f421.o(.text) referenced from startup_at32f421.o(RESET)
 <LI><a href="#[d]">FLASH_IRQHandler</a> from startup_at32f421.o(.text) referenced from startup_at32f421.o(RESET)
 <LI><a href="#[2]">HardFault_Handler</a> from at32f421_it.o(.text.HardFault_Handler) referenced from startup_at32f421.o(RESET)
 <LI><a href="#[24]">I2C1_ERR_IRQHandler</a> from startup_at32f421.o(.text) referenced from startup_at32f421.o(RESET)
 <LI><a href="#[1e]">I2C1_EVT_IRQHandler</a> from startup_at32f421.o(.text) referenced from startup_at32f421.o(RESET)
 <LI><a href="#[25]">I2C2_ERR_IRQHandler</a> from startup_at32f421.o(.text) referenced from startup_at32f421.o(RESET)
 <LI><a href="#[1f]">I2C2_EVT_IRQHandler</a> from startup_at32f421.o(.text) referenced from startup_at32f421.o(RESET)
 <LI><a href="#[3]">MemManage_Handler</a> from at32f421_it.o(.text.MemManage_Handler) referenced from startup_at32f421.o(RESET)
 <LI><a href="#[1]">NMI_Handler</a> from at32f421_it.o(.text.NMI_Handler) referenced from startup_at32f421.o(RESET)
 <LI><a href="#[b]">PVM_IRQHandler</a> from startup_at32f421.o(.text) referenced from startup_at32f421.o(RESET)
 <LI><a href="#[8]">PendSV_Handler</a> from at32f421_it.o(.text.PendSV_Handler) referenced from startup_at32f421.o(RESET)
 <LI><a href="#[0]">Reset_Handler</a> from startup_at32f421.o(.text) referenced from startup_at32f421.o(RESET)
 <LI><a href="#[20]">SPI1_IRQHandler</a> from startup_at32f421.o(.text) referenced from startup_at32f421.o(RESET)
 <LI><a href="#[21]">SPI2_IRQHandler</a> from startup_at32f421.o(.text) referenced from startup_at32f421.o(RESET)
 <LI><a href="#[6]">SVC_Handler</a> from at32f421_it.o(.text.SVC_Handler) referenced from startup_at32f421.o(RESET)
 <LI><a href="#[9]">SysTick_Handler</a> from at32f421_it.o(.text.SysTick_Handler) referenced from startup_at32f421.o(RESET)
 <LI><a href="#[26]">SystemInit</a> from system_at32f421.o(.text.SystemInit) referenced from startup_at32f421.o(.text)
 <LI><a href="#[1a]">TMR14_GLOBAL_IRQHandler</a> from at32f421_it.o(.text.TMR14_GLOBAL_IRQHandler) referenced from startup_at32f421.o(RESET)
 <LI><a href="#[1b]">TMR15_GLOBAL_IRQHandler</a> from at32f421_it.o(.text.TMR15_GLOBAL_IRQHandler) referenced from startup_at32f421.o(RESET)
 <LI><a href="#[1c]">TMR16_GLOBAL_IRQHandler</a> from at32f421_it.o(.text.TMR16_GLOBAL_IRQHandler) referenced from startup_at32f421.o(RESET)
 <LI><a href="#[1d]">TMR17_GLOBAL_IRQHandler</a> from startup_at32f421.o(.text) referenced from startup_at32f421.o(RESET)
 <LI><a href="#[16]">TMR1_BRK_OVF_TRG_HALL_IRQHandler</a> from startup_at32f421.o(.text) referenced from startup_at32f421.o(RESET)
 <LI><a href="#[17]">TMR1_CH_IRQHandler</a> from startup_at32f421.o(.text) referenced from startup_at32f421.o(RESET)
 <LI><a href="#[18]">TMR3_GLOBAL_IRQHandler</a> from at32f421_it.o(.text.TMR3_GLOBAL_IRQHandler) referenced from startup_at32f421.o(RESET)
 <LI><a href="#[19]">TMR6_GLOBAL_IRQHandler</a> from startup_at32f421.o(.text) referenced from startup_at32f421.o(RESET)
 <LI><a href="#[22]">USART1_IRQHandler</a> from at32f421_it.o(.text.USART1_IRQHandler) referenced from startup_at32f421.o(RESET)
 <LI><a href="#[23]">USART2_IRQHandler</a> from startup_at32f421.o(.text) referenced from startup_at32f421.o(RESET)
 <LI><a href="#[5]">UsageFault_Handler</a> from at32f421_it.o(.text.UsageFault_Handler) referenced from startup_at32f421.o(RESET)
 <LI><a href="#[a]">WWDT_IRQHandler</a> from startup_at32f421.o(.text) referenced from startup_at32f421.o(RESET)
 <LI><a href="#[27]">__main</a> from __main.o(!!!main) referenced from startup_at32f421.o(.text)
</UL>
<P>
<H3>
Global Symbols
</H3>
<P><STRONG><a name="[27]"></a>__main</STRONG> (Thumb, 8 bytes, Stack size 0 bytes, __main.o(!!!main))
<BR><BR>[Calls]<UL><LI><a href="#[28]">&gt;&gt;</a>&nbsp;&nbsp;&nbsp;__scatterload
<LI><a href="#[29]">&gt;&gt;</a>&nbsp;&nbsp;&nbsp;__rt_entry
</UL>
<BR>[Address Reference Count : 1]<UL><LI> startup_at32f421.o(.text)
</UL>
<P><STRONG><a name="[28]"></a>__scatterload</STRONG> (Thumb, 0 bytes, Stack size 0 bytes, __scatter.o(!!!scatter))
<BR><BR>[Called By]<UL><LI><a href="#[27]">&gt;&gt;</a>&nbsp;&nbsp;&nbsp;__main
</UL>

<P><STRONG><a name="[2a]"></a>__scatterload_rt2</STRONG> (Thumb, 44 bytes, Stack size 0 bytes, __scatter.o(!!!scatter), UNUSED)
<BR><BR>[Calls]<UL><LI><a href="#[29]">&gt;&gt;</a>&nbsp;&nbsp;&nbsp;__rt_entry
</UL>

<P><STRONG><a name="[30]"></a>__rt_lib_init</STRONG> (Thumb, 0 bytes, Stack size 0 bytes, libinit.o(.ARM.Collect$$libinit$$00000000))
<BR><BR>[Called By]<UL><LI><a href="#[2f]">&gt;&gt;</a>&nbsp;&nbsp;&nbsp;__rt_entry_li
</UL>

<P><STRONG><a name="[2b]"></a>__rt_lib_init_fp_1</STRONG> (Thumb, 0 bytes, Stack size 0 bytes, libinit2.o(.ARM.Collect$$libinit$$00000001))
<BR><BR>[Calls]<UL><LI><a href="#[2c]">&gt;&gt;</a>&nbsp;&nbsp;&nbsp;_fp_init
</UL>

<P><STRONG><a name="[35]"></a>__rt_lib_shutdown</STRONG> (Thumb, 0 bytes, Stack size 0 bytes, libshutdown.o(.ARM.Collect$$libshutdown$$00000000))
<BR><BR>[Called By]<UL><LI><a href="#[34]">&gt;&gt;</a>&nbsp;&nbsp;&nbsp;__rt_exit_ls
</UL>

<P><STRONG><a name="[29]"></a>__rt_entry</STRONG> (Thumb, 0 bytes, Stack size 0 bytes, __rtentry.o(.ARM.Collect$$rtentry$$00000000))
<BR><BR>[Called By]<UL><LI><a href="#[2a]">&gt;&gt;</a>&nbsp;&nbsp;&nbsp;__scatterload_rt2
<LI><a href="#[27]">&gt;&gt;</a>&nbsp;&nbsp;&nbsp;__main
</UL>

<P><STRONG><a name="[2d]"></a>__rt_entry_sh</STRONG> (Thumb, 0 bytes, Stack size 0 bytes, __rtentry4.o(.ARM.Collect$$rtentry$$00000004))
<BR><BR>[Calls]<UL><LI><a href="#[2e]">&gt;&gt;</a>&nbsp;&nbsp;&nbsp;__user_setup_stackheap
</UL>

<P><STRONG><a name="[2f]"></a>__rt_entry_li</STRONG> (Thumb, 0 bytes, Stack size 0 bytes, __rtentry2.o(.ARM.Collect$$rtentry$$0000000A))
<BR><BR>[Calls]<UL><LI><a href="#[30]">&gt;&gt;</a>&nbsp;&nbsp;&nbsp;__rt_lib_init
</UL>

<P><STRONG><a name="[31]"></a>__rt_entry_main</STRONG> (Thumb, 0 bytes, Stack size 0 bytes, __rtentry2.o(.ARM.Collect$$rtentry$$0000000D))
<BR><BR>[Calls]<UL><LI><a href="#[32]">&gt;&gt;</a>&nbsp;&nbsp;&nbsp;main
<LI><a href="#[33]">&gt;&gt;</a>&nbsp;&nbsp;&nbsp;exit
</UL>

<P><STRONG><a name="[3c]"></a>__rt_exit</STRONG> (Thumb, 0 bytes, Stack size 0 bytes, rtexit.o(.ARM.Collect$$rtexit$$00000000))
<BR><BR>[Called By]<UL><LI><a href="#[33]">&gt;&gt;</a>&nbsp;&nbsp;&nbsp;exit
</UL>

<P><STRONG><a name="[34]"></a>__rt_exit_ls</STRONG> (Thumb, 0 bytes, Stack size 0 bytes, rtexit2.o(.ARM.Collect$$rtexit$$00000003))
<BR><BR>[Calls]<UL><LI><a href="#[35]">&gt;&gt;</a>&nbsp;&nbsp;&nbsp;__rt_lib_shutdown
</UL>

<P><STRONG><a name="[36]"></a>__rt_exit_exit</STRONG> (Thumb, 0 bytes, Stack size 0 bytes, rtexit2.o(.ARM.Collect$$rtexit$$00000004))
<BR><BR>[Calls]<UL><LI><a href="#[37]">&gt;&gt;</a>&nbsp;&nbsp;&nbsp;_sys_exit
</UL>

<P><STRONG><a name="[0]"></a>Reset_Handler</STRONG> (Thumb, 8 bytes, Stack size 0 bytes, startup_at32f421.o(.text))
<BR>[Address Reference Count : 1]<UL><LI> startup_at32f421.o(RESET)
</UL>
<P><STRONG><a name="[e]"></a>CRM_IRQHandler</STRONG> (Thumb, 0 bytes, Stack size 0 bytes, startup_at32f421.o(.text))
<BR><BR>[Calls]<UL><LI><a href="#[e]">&gt;&gt;</a>&nbsp;&nbsp;&nbsp;CRM_IRQHandler
</UL>
<BR>[Called By]<UL><LI><a href="#[e]">&gt;&gt;</a>&nbsp;&nbsp;&nbsp;CRM_IRQHandler
</UL>
<BR>[Address Reference Count : 1]<UL><LI> startup_at32f421.o(RESET)
</UL>
<P><STRONG><a name="[c]"></a>ERTC_IRQHandler</STRONG> (Thumb, 0 bytes, Stack size 0 bytes, startup_at32f421.o(.text))
<BR>[Address Reference Count : 1]<UL><LI> startup_at32f421.o(RESET)
</UL>
<P><STRONG><a name="[11]"></a>EXINT15_4_IRQHandler</STRONG> (Thumb, 0 bytes, Stack size 0 bytes, startup_at32f421.o(.text))
<BR>[Address Reference Count : 1]<UL><LI> startup_at32f421.o(RESET)
</UL>
<P><STRONG><a name="[f]"></a>EXINT1_0_IRQHandler</STRONG> (Thumb, 0 bytes, Stack size 0 bytes, startup_at32f421.o(.text))
<BR>[Address Reference Count : 1]<UL><LI> startup_at32f421.o(RESET)
</UL>
<P><STRONG><a name="[10]"></a>EXINT3_2_IRQHandler</STRONG> (Thumb, 0 bytes, Stack size 0 bytes, startup_at32f421.o(.text))
<BR>[Address Reference Count : 1]<UL><LI> startup_at32f421.o(RESET)
</UL>
<P><STRONG><a name="[d]"></a>FLASH_IRQHandler</STRONG> (Thumb, 0 bytes, Stack size 0 bytes, startup_at32f421.o(.text))
<BR>[Address Reference Count : 1]<UL><LI> startup_at32f421.o(RESET)
</UL>
<P><STRONG><a name="[24]"></a>I2C1_ERR_IRQHandler</STRONG> (Thumb, 0 bytes, Stack size 0 bytes, startup_at32f421.o(.text))
<BR>[Address Reference Count : 1]<UL><LI> startup_at32f421.o(RESET)
</UL>
<P><STRONG><a name="[1e]"></a>I2C1_EVT_IRQHandler</STRONG> (Thumb, 0 bytes, Stack size 0 bytes, startup_at32f421.o(.text))
<BR>[Address Reference Count : 1]<UL><LI> startup_at32f421.o(RESET)
</UL>
<P><STRONG><a name="[25]"></a>I2C2_ERR_IRQHandler</STRONG> (Thumb, 0 bytes, Stack size 0 bytes, startup_at32f421.o(.text))
<BR>[Address Reference Count : 1]<UL><LI> startup_at32f421.o(RESET)
</UL>
<P><STRONG><a name="[1f]"></a>I2C2_EVT_IRQHandler</STRONG> (Thumb, 0 bytes, Stack size 0 bytes, startup_at32f421.o(.text))
<BR>[Address Reference Count : 1]<UL><LI> startup_at32f421.o(RESET)
</UL>
<P><STRONG><a name="[b]"></a>PVM_IRQHandler</STRONG> (Thumb, 0 bytes, Stack size 0 bytes, startup_at32f421.o(.text))
<BR>[Address Reference Count : 1]<UL><LI> startup_at32f421.o(RESET)
</UL>
<P><STRONG><a name="[20]"></a>SPI1_IRQHandler</STRONG> (Thumb, 0 bytes, Stack size 0 bytes, startup_at32f421.o(.text))
<BR>[Address Reference Count : 1]<UL><LI> startup_at32f421.o(RESET)
</UL>
<P><STRONG><a name="[21]"></a>SPI2_IRQHandler</STRONG> (Thumb, 0 bytes, Stack size 0 bytes, startup_at32f421.o(.text))
<BR>[Address Reference Count : 1]<UL><LI> startup_at32f421.o(RESET)
</UL>
<P><STRONG><a name="[1d]"></a>TMR17_GLOBAL_IRQHandler</STRONG> (Thumb, 0 bytes, Stack size 0 bytes, startup_at32f421.o(.text))
<BR>[Address Reference Count : 1]<UL><LI> startup_at32f421.o(RESET)
</UL>
<P><STRONG><a name="[16]"></a>TMR1_BRK_OVF_TRG_HALL_IRQHandler</STRONG> (Thumb, 0 bytes, Stack size 0 bytes, startup_at32f421.o(.text))
<BR>[Address Reference Count : 1]<UL><LI> startup_at32f421.o(RESET)
</UL>
<P><STRONG><a name="[17]"></a>TMR1_CH_IRQHandler</STRONG> (Thumb, 0 bytes, Stack size 0 bytes, startup_at32f421.o(.text))
<BR>[Address Reference Count : 1]<UL><LI> startup_at32f421.o(RESET)
</UL>
<P><STRONG><a name="[19]"></a>TMR6_GLOBAL_IRQHandler</STRONG> (Thumb, 0 bytes, Stack size 0 bytes, startup_at32f421.o(.text))
<BR>[Address Reference Count : 1]<UL><LI> startup_at32f421.o(RESET)
</UL>
<P><STRONG><a name="[23]"></a>USART2_IRQHandler</STRONG> (Thumb, 0 bytes, Stack size 0 bytes, startup_at32f421.o(.text))
<BR>[Address Reference Count : 1]<UL><LI> startup_at32f421.o(RESET)
</UL>
<P><STRONG><a name="[a]"></a>WWDT_IRQHandler</STRONG> (Thumb, 0 bytes, Stack size 0 bytes, startup_at32f421.o(.text))
<BR>[Address Reference Count : 1]<UL><LI> startup_at32f421.o(RESET)
</UL>
<P><STRONG><a name="[39]"></a>__user_initial_stackheap</STRONG> (Thumb, 0 bytes, Stack size 0 bytes, startup_at32f421.o(.text))
<BR><BR>[Called By]<UL><LI><a href="#[2e]">&gt;&gt;</a>&nbsp;&nbsp;&nbsp;__user_setup_stackheap
</UL>

<P><STRONG><a name="[9d]"></a>__aeabi_memclr4</STRONG> (Thumb, 0 bytes, Stack size 0 bytes, rt_memclr_w.o(.text))
<BR><BR>[Called By]<UL><LI><a href="#[62]">&gt;&gt;</a>&nbsp;&nbsp;&nbsp;tenKhzRoutine
<LI><a href="#[8d]">&gt;&gt;</a>&nbsp;&nbsp;&nbsp;save_flash_nolib
</UL>

<P><STRONG><a name="[c1]"></a>__rt_fp_status_addr</STRONG> (Thumb, 8 bytes, Stack size 0 bytes, rt_fp_status_addr_intlibspace.o(.text))
<BR><BR>[Called By]<UL><LI><a href="#[2c]">&gt;&gt;</a>&nbsp;&nbsp;&nbsp;_fp_init
<LI><a href="#[dc]">&gt;&gt;</a>&nbsp;&nbsp;&nbsp;__fpl_cmpreturn
<LI><a href="#[c7]">&gt;&gt;</a>&nbsp;&nbsp;&nbsp;__funder_d
<LI><a href="#[d3]">&gt;&gt;</a>&nbsp;&nbsp;&nbsp;__funder
<LI><a href="#[c0]">&gt;&gt;</a>&nbsp;&nbsp;&nbsp;__fpl_exception
</UL>

<P><STRONG><a name="[38]"></a>__user_perproc_libspace</STRONG> (Thumb, 0 bytes, Stack size 0 bytes, libspace.o(.text))
<BR><BR>[Called By]<UL><LI><a href="#[2e]">&gt;&gt;</a>&nbsp;&nbsp;&nbsp;__user_setup_stackheap
</UL>

<P><STRONG><a name="[2e]"></a>__user_setup_stackheap</STRONG> (Thumb, 74 bytes, Stack size 0 bytes, sys_stackheap_outer.o(.text))
<BR><BR>[Calls]<UL><LI><a href="#[38]">&gt;&gt;</a>&nbsp;&nbsp;&nbsp;__user_perproc_libspace
<LI><a href="#[39]">&gt;&gt;</a>&nbsp;&nbsp;&nbsp;__user_initial_stackheap
</UL>
<BR>[Called By]<UL><LI><a href="#[2d]">&gt;&gt;</a>&nbsp;&nbsp;&nbsp;__rt_entry_sh
</UL>

<P><STRONG><a name="[3a]"></a>_fp_trap</STRONG> (Thumb, 44 bytes, Stack size 0 bytes, _fptrap.o(.text), UNUSED)
<BR><BR>[Calls]<UL><LI><a href="#[3b]">&gt;&gt;</a>&nbsp;&nbsp;&nbsp;__rt_SIGFPE
</UL>
<BR>[Called By]<UL><LI><a href="#[c2]">&gt;&gt;</a>&nbsp;&nbsp;&nbsp;_fp_trapveneer
</UL>

<P><STRONG><a name="[33]"></a>exit</STRONG> (Thumb, 18 bytes, Stack size 0 bytes, exit.o(.text))
<BR><BR>[Calls]<UL><LI><a href="#[3c]">&gt;&gt;</a>&nbsp;&nbsp;&nbsp;__rt_exit
</UL>
<BR>[Called By]<UL><LI><a href="#[31]">&gt;&gt;</a>&nbsp;&nbsp;&nbsp;__rt_entry_main
</UL>

<P><STRONG><a name="[3b]"></a>__rt_SIGFPE</STRONG> (Thumb, 14 bytes, Stack size 0 bytes, defsig_fpe_outer.o(.text), UNUSED)
<BR><BR>[Calls]<UL><LI><a href="#[3d]">&gt;&gt;</a>&nbsp;&nbsp;&nbsp;__rt_SIGFPE_inner
</UL>
<BR>[Called By]<UL><LI><a href="#[3a]">&gt;&gt;</a>&nbsp;&nbsp;&nbsp;_fp_trap
</UL>

<P><STRONG><a name="[3e]"></a>__sig_exit</STRONG> (Thumb, 10 bytes, Stack size 0 bytes, defsig_exit.o(.text), UNUSED)
<BR><BR>[Calls]<UL><LI><a href="#[37]">&gt;&gt;</a>&nbsp;&nbsp;&nbsp;_sys_exit
</UL>

<P><STRONG><a name="[3d]"></a>__rt_SIGFPE_inner</STRONG> (Thumb, 62 bytes, Stack size 0 bytes, defsig_fpe_inner.o(.text), UNUSED)
<BR><BR>[Calls]<UL><LI><a href="#[3f]">&gt;&gt;</a>&nbsp;&nbsp;&nbsp;__default_signal_display
</UL>
<BR>[Called By]<UL><LI><a href="#[3b]">&gt;&gt;</a>&nbsp;&nbsp;&nbsp;__rt_SIGFPE
</UL>

<P><STRONG><a name="[37]"></a>_sys_exit</STRONG> (Thumb, 8 bytes, Stack size 0 bytes, sys_exit.o(.text))
<BR><BR>[Called By]<UL><LI><a href="#[3e]">&gt;&gt;</a>&nbsp;&nbsp;&nbsp;__sig_exit
<LI><a href="#[36]">&gt;&gt;</a>&nbsp;&nbsp;&nbsp;__rt_exit_exit
</UL>

<P><STRONG><a name="[3f]"></a>__default_signal_display</STRONG> (Thumb, 50 bytes, Stack size 0 bytes, defsig_general.o(.text), UNUSED)
<BR><BR>[Calls]<UL><LI><a href="#[40]">&gt;&gt;</a>&nbsp;&nbsp;&nbsp;_ttywrch
</UL>
<BR>[Called By]<UL><LI><a href="#[3d]">&gt;&gt;</a>&nbsp;&nbsp;&nbsp;__rt_SIGFPE_inner
</UL>

<P><STRONG><a name="[40]"></a>_ttywrch</STRONG> (Thumb, 14 bytes, Stack size 0 bytes, sys_wrch.o(.text), UNUSED)
<BR><BR>[Called By]<UL><LI><a href="#[3f]">&gt;&gt;</a>&nbsp;&nbsp;&nbsp;__default_signal_display
</UL>

<P><STRONG><a name="[15]"></a>ADC1_CMP_IRQHandler</STRONG> (Thumb, 26 bytes, Stack size 0 bytes, at32f421_it.o(.text.ADC1_CMP_IRQHandler))
<BR><BR>[Calls]<UL><LI><a href="#[41]">&gt;&gt;</a>&nbsp;&nbsp;&nbsp;interruptRoutine
</UL>
<BR>[Address Reference Count : 1]<UL><LI> startup_at32f421.o(RESET)
</UL>
<P><STRONG><a name="[58]"></a>ADC_DMA_Callback</STRONG> (Thumb, 46 bytes, Stack size 0 bytes, adc.o(.text.ADC_DMA_Callback))
<BR><BR>[Called By]<UL><LI><a href="#[12]">&gt;&gt;</a>&nbsp;&nbsp;&nbsp;DMA1_Channel1_IRQHandler
</UL>

<P><STRONG><a name="[42]"></a>ADC_Init</STRONG> (Thumb, 286 bytes, Stack size 0 bytes, adc.o(.text.ADC_Init))
<BR><BR>[Calls]<UL><LI><a href="#[45]">&gt;&gt;</a>&nbsp;&nbsp;&nbsp;nvic_irq_enable
<LI><a href="#[46]">&gt;&gt;</a>&nbsp;&nbsp;&nbsp;dma_reset
<LI><a href="#[49]">&gt;&gt;</a>&nbsp;&nbsp;&nbsp;dma_interrupt_enable
<LI><a href="#[48]">&gt;&gt;</a>&nbsp;&nbsp;&nbsp;dma_init
<LI><a href="#[47]">&gt;&gt;</a>&nbsp;&nbsp;&nbsp;dma_default_para_init
<LI><a href="#[4a]">&gt;&gt;</a>&nbsp;&nbsp;&nbsp;dma_channel_enable
<LI><a href="#[44]">&gt;&gt;</a>&nbsp;&nbsp;&nbsp;crm_periph_clock_enable
<LI><a href="#[4b]">&gt;&gt;</a>&nbsp;&nbsp;&nbsp;crm_adc_clock_div_set
<LI><a href="#[4f]">&gt;&gt;</a>&nbsp;&nbsp;&nbsp;adc_tempersensor_vintrv_enable
<LI><a href="#[50]">&gt;&gt;</a>&nbsp;&nbsp;&nbsp;adc_ordinary_conversion_trigger_set
<LI><a href="#[4e]">&gt;&gt;</a>&nbsp;&nbsp;&nbsp;adc_ordinary_channel_set
<LI><a href="#[52]">&gt;&gt;</a>&nbsp;&nbsp;&nbsp;adc_enable
<LI><a href="#[51]">&gt;&gt;</a>&nbsp;&nbsp;&nbsp;adc_dma_mode_enable
<LI><a href="#[56]">&gt;&gt;</a>&nbsp;&nbsp;&nbsp;adc_calibration_status_get
<LI><a href="#[55]">&gt;&gt;</a>&nbsp;&nbsp;&nbsp;adc_calibration_start
<LI><a href="#[54]">&gt;&gt;</a>&nbsp;&nbsp;&nbsp;adc_calibration_init_status_get
<LI><a href="#[53]">&gt;&gt;</a>&nbsp;&nbsp;&nbsp;adc_calibration_init
<LI><a href="#[4c]">&gt;&gt;</a>&nbsp;&nbsp;&nbsp;adc_base_default_para_init
<LI><a href="#[4d]">&gt;&gt;</a>&nbsp;&nbsp;&nbsp;adc_base_config
<LI><a href="#[43]">&gt;&gt;</a>&nbsp;&nbsp;&nbsp;gpio_mode_QUICK
</UL>
<BR>[Called By]<UL><LI><a href="#[7c]">&gt;&gt;</a>&nbsp;&nbsp;&nbsp;enableCorePeripherals
</UL>

<P><STRONG><a name="[4]"></a>BusFault_Handler</STRONG> (Thumb, 2 bytes, Stack size 0 bytes, at32f421_it.o(.text.BusFault_Handler))
<BR><BR>[Calls]<UL><LI><a href="#[4]">&gt;&gt;</a>&nbsp;&nbsp;&nbsp;BusFault_Handler
</UL>
<BR>[Called By]<UL><LI><a href="#[4]">&gt;&gt;</a>&nbsp;&nbsp;&nbsp;BusFault_Handler
</UL>
<BR>[Address Reference Count : 1]<UL><LI> startup_at32f421.o(RESET)
</UL>
<P><STRONG><a name="[12]"></a>DMA1_Channel1_IRQHandler</STRONG> (Thumb, 42 bytes, Stack size 0 bytes, at32f421_it.o(.text.DMA1_Channel1_IRQHandler))
<BR><BR>[Calls]<UL><LI><a href="#[57]">&gt;&gt;</a>&nbsp;&nbsp;&nbsp;dma_flag_get
<LI><a href="#[58]">&gt;&gt;</a>&nbsp;&nbsp;&nbsp;ADC_DMA_Callback
</UL>
<BR>[Address Reference Count : 1]<UL><LI> startup_at32f421.o(RESET)
</UL>
<P><STRONG><a name="[13]"></a>DMA1_Channel3_2_IRQHandler</STRONG> (Thumb, 60 bytes, Stack size 0 bytes, at32f421_it.o(.text.DMA1_Channel3_2_IRQHandler))
<BR><BR>[Calls]<UL><LI><a href="#[57]">&gt;&gt;</a>&nbsp;&nbsp;&nbsp;dma_flag_get
</UL>
<BR>[Address Reference Count : 1]<UL><LI> startup_at32f421.o(RESET)
</UL>
<P><STRONG><a name="[14]"></a>DMA1_Channel5_4_IRQHandler</STRONG> (Thumb, 118 bytes, Stack size 0 bytes, at32f421_it.o(.text.DMA1_Channel5_4_IRQHandler))
<BR><BR>[Calls]<UL><LI><a href="#[57]">&gt;&gt;</a>&nbsp;&nbsp;&nbsp;dma_flag_get
<LI><a href="#[59]">&gt;&gt;</a>&nbsp;&nbsp;&nbsp;transfercomplete
</UL>
<BR>[Address Reference Count : 1]<UL><LI> startup_at32f421.o(RESET)
</UL>
<P><STRONG><a name="[7]"></a>DebugMon_Handler</STRONG> (Thumb, 2 bytes, Stack size 0 bytes, at32f421_it.o(.text.DebugMon_Handler))
<BR>[Address Reference Count : 1]<UL><LI> startup_at32f421.o(RESET)
</UL>
<P><STRONG><a name="[2]"></a>HardFault_Handler</STRONG> (Thumb, 2 bytes, Stack size 0 bytes, at32f421_it.o(.text.HardFault_Handler))
<BR><BR>[Calls]<UL><LI><a href="#[2]">&gt;&gt;</a>&nbsp;&nbsp;&nbsp;HardFault_Handler
</UL>
<BR>[Called By]<UL><LI><a href="#[2]">&gt;&gt;</a>&nbsp;&nbsp;&nbsp;HardFault_Handler
</UL>
<BR>[Address Reference Count : 1]<UL><LI> startup_at32f421.o(RESET)
</UL>
<P><STRONG><a name="[8e]"></a>MX_IWDG_Init</STRONG> (Thumb, 38 bytes, Stack size 0 bytes, peripherals.o(.text.MX_IWDG_Init))
<BR><BR>[Called By]<UL><LI><a href="#[32]">&gt;&gt;</a>&nbsp;&nbsp;&nbsp;main
</UL>

<P><STRONG><a name="[3]"></a>MemManage_Handler</STRONG> (Thumb, 2 bytes, Stack size 0 bytes, at32f421_it.o(.text.MemManage_Handler))
<BR><BR>[Calls]<UL><LI><a href="#[3]">&gt;&gt;</a>&nbsp;&nbsp;&nbsp;MemManage_Handler
</UL>
<BR>[Called By]<UL><LI><a href="#[3]">&gt;&gt;</a>&nbsp;&nbsp;&nbsp;MemManage_Handler
</UL>
<BR>[Address Reference Count : 1]<UL><LI> startup_at32f421.o(RESET)
</UL>
<P><STRONG><a name="[1]"></a>NMI_Handler</STRONG> (Thumb, 2 bytes, Stack size 0 bytes, at32f421_it.o(.text.NMI_Handler))
<BR>[Address Reference Count : 1]<UL><LI> startup_at32f421.o(RESET)
</UL>
<P><STRONG><a name="[8]"></a>PendSV_Handler</STRONG> (Thumb, 2 bytes, Stack size 0 bytes, at32f421_it.o(.text.PendSV_Handler))
<BR>[Address Reference Count : 1]<UL><LI> startup_at32f421.o(RESET)
</UL>
<P><STRONG><a name="[5a]"></a>PeriodElapsedCallback</STRONG> (Thumb, 98 bytes, Stack size 0 bytes, main.o(.text.PeriodElapsedCallback))
<BR><BR>[Calls]<UL><LI><a href="#[5d]">&gt;&gt;</a>&nbsp;&nbsp;&nbsp;enableCompInterrupts
<LI><a href="#[5b]">&gt;&gt;</a>&nbsp;&nbsp;&nbsp;disableComTimerInt
<LI><a href="#[5c]">&gt;&gt;</a>&nbsp;&nbsp;&nbsp;commutate
</UL>
<BR>[Called By]<UL><LI><a href="#[1c]">&gt;&gt;</a>&nbsp;&nbsp;&nbsp;TMR16_GLOBAL_IRQHandler
</UL>

<P><STRONG><a name="[6]"></a>SVC_Handler</STRONG> (Thumb, 2 bytes, Stack size 0 bytes, at32f421_it.o(.text.SVC_Handler))
<BR>[Address Reference Count : 1]<UL><LI> startup_at32f421.o(RESET)
</UL>
<P><STRONG><a name="[9]"></a>SysTick_Handler</STRONG> (Thumb, 2 bytes, Stack size 0 bytes, at32f421_it.o(.text.SysTick_Handler))
<BR>[Address Reference Count : 1]<UL><LI> startup_at32f421.o(RESET)
</UL>
<P><STRONG><a name="[26]"></a>SystemInit</STRONG> (Thumb, 140 bytes, Stack size 0 bytes, system_at32f421.o(.text.SystemInit))
<BR>[Address Reference Count : 1]<UL><LI> startup_at32f421.o(.text)
</UL>
<P><STRONG><a name="[5e]"></a>TIM1_Init</STRONG> (Thumb, 278 bytes, Stack size 0 bytes, peripherals.o(.text.TIM1_Init))
<BR><BR>[Calls]<UL><LI><a href="#[61]">&gt;&gt;</a>&nbsp;&nbsp;&nbsp;gpio_pin_mux_config
<LI><a href="#[44]">&gt;&gt;</a>&nbsp;&nbsp;&nbsp;crm_periph_clock_enable
<LI><a href="#[43]">&gt;&gt;</a>&nbsp;&nbsp;&nbsp;gpio_mode_QUICK
<LI><a href="#[60]">&gt;&gt;</a>&nbsp;&nbsp;&nbsp;tmr_period_buffer_enable
<LI><a href="#[5f]">&gt;&gt;</a>&nbsp;&nbsp;&nbsp;tmr_output_channel_buffer_enable
</UL>
<BR>[Called By]<UL><LI><a href="#[7f]">&gt;&gt;</a>&nbsp;&nbsp;&nbsp;initCorePeripherals
</UL>

<P><STRONG><a name="[1a]"></a>TMR14_GLOBAL_IRQHandler</STRONG> (Thumb, 18 bytes, Stack size 0 bytes, at32f421_it.o(.text.TMR14_GLOBAL_IRQHandler))
<BR><BR>[Calls]<UL><LI><a href="#[62]">&gt;&gt;</a>&nbsp;&nbsp;&nbsp;tenKhzRoutine
</UL>
<BR>[Address Reference Count : 1]<UL><LI> startup_at32f421.o(RESET)
</UL>
<P><STRONG><a name="[1b]"></a>TMR15_GLOBAL_IRQHandler</STRONG> (Thumb, 22 bytes, Stack size 0 bytes, at32f421_it.o(.text.TMR15_GLOBAL_IRQHandler))
<BR>[Address Reference Count : 1]<UL><LI> startup_at32f421.o(RESET)
</UL>
<P><STRONG><a name="[1c]"></a>TMR16_GLOBAL_IRQHandler</STRONG> (Thumb, 16 bytes, Stack size 0 bytes, at32f421_it.o(.text.TMR16_GLOBAL_IRQHandler))
<BR><BR>[Calls]<UL><LI><a href="#[5a]">&gt;&gt;</a>&nbsp;&nbsp;&nbsp;PeriodElapsedCallback
</UL>
<BR>[Address Reference Count : 1]<UL><LI> startup_at32f421.o(RESET)
</UL>
<P><STRONG><a name="[18]"></a>TMR3_GLOBAL_IRQHandler</STRONG> (Thumb, 34 bytes, Stack size 0 bytes, at32f421_it.o(.text.TMR3_GLOBAL_IRQHandler))
<BR>[Address Reference Count : 1]<UL><LI> startup_at32f421.o(RESET)
</UL>
<P><STRONG><a name="[22]"></a>USART1_IRQHandler</STRONG> (Thumb, 2 bytes, Stack size 0 bytes, at32f421_it.o(.text.USART1_IRQHandler))
<BR>[Address Reference Count : 1]<UL><LI> startup_at32f421.o(RESET)
</UL>
<P><STRONG><a name="[5]"></a>UsageFault_Handler</STRONG> (Thumb, 2 bytes, Stack size 0 bytes, at32f421_it.o(.text.UsageFault_Handler))
<BR><BR>[Calls]<UL><LI><a href="#[5]">&gt;&gt;</a>&nbsp;&nbsp;&nbsp;UsageFault_Handler
</UL>
<BR>[Called By]<UL><LI><a href="#[5]">&gt;&gt;</a>&nbsp;&nbsp;&nbsp;UsageFault_Handler
</UL>
<BR>[Address Reference Count : 1]<UL><LI> startup_at32f421.o(RESET)
</UL>
<P><STRONG><a name="[4d]"></a>adc_base_config</STRONG> (Thumb, 68 bytes, Stack size 0 bytes, at32f421_adc.o(.text.adc_base_config))
<BR><BR>[Called By]<UL><LI><a href="#[42]">&gt;&gt;</a>&nbsp;&nbsp;&nbsp;ADC_Init
</UL>

<P><STRONG><a name="[4c]"></a>adc_base_default_para_init</STRONG> (Thumb, 8 bytes, Stack size 0 bytes, at32f421_adc.o(.text.adc_base_default_para_init))
<BR><BR>[Called By]<UL><LI><a href="#[42]">&gt;&gt;</a>&nbsp;&nbsp;&nbsp;ADC_Init
</UL>

<P><STRONG><a name="[53]"></a>adc_calibration_init</STRONG> (Thumb, 10 bytes, Stack size 0 bytes, at32f421_adc.o(.text.adc_calibration_init))
<BR><BR>[Called By]<UL><LI><a href="#[42]">&gt;&gt;</a>&nbsp;&nbsp;&nbsp;ADC_Init
</UL>

<P><STRONG><a name="[54]"></a>adc_calibration_init_status_get</STRONG> (Thumb, 8 bytes, Stack size 0 bytes, at32f421_adc.o(.text.adc_calibration_init_status_get))
<BR><BR>[Called By]<UL><LI><a href="#[42]">&gt;&gt;</a>&nbsp;&nbsp;&nbsp;ADC_Init
</UL>

<P><STRONG><a name="[55]"></a>adc_calibration_start</STRONG> (Thumb, 10 bytes, Stack size 0 bytes, at32f421_adc.o(.text.adc_calibration_start))
<BR><BR>[Called By]<UL><LI><a href="#[42]">&gt;&gt;</a>&nbsp;&nbsp;&nbsp;ADC_Init
</UL>

<P><STRONG><a name="[56]"></a>adc_calibration_status_get</STRONG> (Thumb, 8 bytes, Stack size 0 bytes, at32f421_adc.o(.text.adc_calibration_status_get))
<BR><BR>[Called By]<UL><LI><a href="#[42]">&gt;&gt;</a>&nbsp;&nbsp;&nbsp;ADC_Init
</UL>

<P><STRONG><a name="[51]"></a>adc_dma_mode_enable</STRONG> (Thumb, 18 bytes, Stack size 0 bytes, at32f421_adc.o(.text.adc_dma_mode_enable))
<BR><BR>[Called By]<UL><LI><a href="#[42]">&gt;&gt;</a>&nbsp;&nbsp;&nbsp;ADC_Init
</UL>

<P><STRONG><a name="[52]"></a>adc_enable</STRONG> (Thumb, 10 bytes, Stack size 0 bytes, at32f421_adc.o(.text.adc_enable))
<BR><BR>[Called By]<UL><LI><a href="#[42]">&gt;&gt;</a>&nbsp;&nbsp;&nbsp;ADC_Init
</UL>

<P><STRONG><a name="[4e]"></a>adc_ordinary_channel_set</STRONG> (Thumb, 558 bytes, Stack size 0 bytes, at32f421_adc.o(.text.adc_ordinary_channel_set))
<BR><BR>[Called By]<UL><LI><a href="#[42]">&gt;&gt;</a>&nbsp;&nbsp;&nbsp;ADC_Init
</UL>

<P><STRONG><a name="[50]"></a>adc_ordinary_conversion_trigger_set</STRONG> (Thumb, 42 bytes, Stack size 0 bytes, at32f421_adc.o(.text.adc_ordinary_conversion_trigger_set))
<BR><BR>[Called By]<UL><LI><a href="#[42]">&gt;&gt;</a>&nbsp;&nbsp;&nbsp;ADC_Init
</UL>

<P><STRONG><a name="[96]"></a>adc_ordinary_software_trigger_enable</STRONG> (Thumb, 18 bytes, Stack size 0 bytes, at32f421_adc.o(.text.adc_ordinary_software_trigger_enable))
<BR><BR>[Called By]<UL><LI><a href="#[32]">&gt;&gt;</a>&nbsp;&nbsp;&nbsp;main
</UL>

<P><STRONG><a name="[4f]"></a>adc_tempersensor_vintrv_enable</STRONG> (Thumb, 26 bytes, Stack size 0 bytes, at32f421_adc.o(.text.adc_tempersensor_vintrv_enable))
<BR><BR>[Called By]<UL><LI><a href="#[42]">&gt;&gt;</a>&nbsp;&nbsp;&nbsp;ADC_Init
</UL>

<P><STRONG><a name="[63]"></a>advanceincrement</STRONG> (Thumb, 310 bytes, Stack size 0 bytes, main.o(.text.advanceincrement))
<BR><BR>[Calls]<UL><LI><a href="#[66]">&gt;&gt;</a>&nbsp;&nbsp;&nbsp;setPWMCompare3
<LI><a href="#[65]">&gt;&gt;</a>&nbsp;&nbsp;&nbsp;setPWMCompare2
<LI><a href="#[64]">&gt;&gt;</a>&nbsp;&nbsp;&nbsp;setPWMCompare1
</UL>
<BR>[Called By]<UL><LI><a href="#[32]">&gt;&gt;</a>&nbsp;&nbsp;&nbsp;main
</UL>

<P><STRONG><a name="[67]"></a>allOff</STRONG> (Thumb, 138 bytes, Stack size 0 bytes, phaseouts.o(.text.allOff))
<BR><BR>[Calls]<UL><LI><a href="#[43]">&gt;&gt;</a>&nbsp;&nbsp;&nbsp;gpio_mode_QUICK
</UL>
<BR>[Called By]<UL><LI><a href="#[9b]">&gt;&gt;</a>&nbsp;&nbsp;&nbsp;playBlueJayTune
<LI><a href="#[62]">&gt;&gt;</a>&nbsp;&nbsp;&nbsp;tenKhzRoutine
<LI><a href="#[7b]">&gt;&gt;</a>&nbsp;&nbsp;&nbsp;playDefaultTone
<LI><a href="#[78]">&gt;&gt;</a>&nbsp;&nbsp;&nbsp;playChangedTone
<LI><a href="#[32]">&gt;&gt;</a>&nbsp;&nbsp;&nbsp;main
<LI><a href="#[75]">&gt;&gt;</a>&nbsp;&nbsp;&nbsp;playStartupTune
<LI><a href="#[73]">&gt;&gt;</a>&nbsp;&nbsp;&nbsp;playInputTune2
<LI><a href="#[72]">&gt;&gt;</a>&nbsp;&nbsp;&nbsp;playInputTune
<LI><a href="#[74]">&gt;&gt;</a>&nbsp;&nbsp;&nbsp;playBeaconTune3
</UL>

<P><STRONG><a name="[68]"></a>allpwm</STRONG> (Thumb, 186 bytes, Stack size 0 bytes, phaseouts.o(.text.allpwm))
<BR><BR>[Calls]<UL><LI><a href="#[43]">&gt;&gt;</a>&nbsp;&nbsp;&nbsp;gpio_mode_QUICK
</UL>
<BR>[Called By]<UL><LI><a href="#[32]">&gt;&gt;</a>&nbsp;&nbsp;&nbsp;main
</UL>

<P><STRONG><a name="[6a]"></a>changeCompInput</STRONG> (Thumb, 130 bytes, Stack size 0 bytes, comparator.o(.text.changeCompInput))
<BR><BR>[Called By]<UL><LI><a href="#[5c]">&gt;&gt;</a>&nbsp;&nbsp;&nbsp;commutate
</UL>

<P><STRONG><a name="[81]"></a>cmp_enable</STRONG> (Thumb, 22 bytes, Stack size 0 bytes, at32f421_cmp.o(.text.cmp_enable))
<BR><BR>[Called By]<UL><LI><a href="#[7f]">&gt;&gt;</a>&nbsp;&nbsp;&nbsp;initCorePeripherals
</UL>

<P><STRONG><a name="[69]"></a>comStep</STRONG> (Thumb, 952 bytes, Stack size 0 bytes, phaseouts.o(.text.comStep))
<BR><BR>[Calls]<UL><LI><a href="#[43]">&gt;&gt;</a>&nbsp;&nbsp;&nbsp;gpio_mode_QUICK
</UL>
<BR>[Called By]<UL><LI><a href="#[9b]">&gt;&gt;</a>&nbsp;&nbsp;&nbsp;playBlueJayTune
<LI><a href="#[7b]">&gt;&gt;</a>&nbsp;&nbsp;&nbsp;playDefaultTone
<LI><a href="#[78]">&gt;&gt;</a>&nbsp;&nbsp;&nbsp;playChangedTone
<LI><a href="#[5c]">&gt;&gt;</a>&nbsp;&nbsp;&nbsp;commutate
<LI><a href="#[75]">&gt;&gt;</a>&nbsp;&nbsp;&nbsp;playStartupTune
<LI><a href="#[73]">&gt;&gt;</a>&nbsp;&nbsp;&nbsp;playInputTune2
<LI><a href="#[72]">&gt;&gt;</a>&nbsp;&nbsp;&nbsp;playInputTune
<LI><a href="#[74]">&gt;&gt;</a>&nbsp;&nbsp;&nbsp;playBeaconTune3
</UL>

<P><STRONG><a name="[5c]"></a>commutate</STRONG> (Thumb, 418 bytes, Stack size 0 bytes, main.o(.text.commutate))
<BR><BR>[Calls]<UL><LI><a href="#[69]">&gt;&gt;</a>&nbsp;&nbsp;&nbsp;comStep
<LI><a href="#[6a]">&gt;&gt;</a>&nbsp;&nbsp;&nbsp;changeCompInput
<LI><a href="#[6b]">&gt;&gt;</a>&nbsp;&nbsp;&nbsp;__aeabi_i2f
<LI><a href="#[6c]">&gt;&gt;</a>&nbsp;&nbsp;&nbsp;__aeabi_fdiv
<LI><a href="#[6f]">&gt;&gt;</a>&nbsp;&nbsp;&nbsp;__aeabi_fcmplt
<LI><a href="#[6e]">&gt;&gt;</a>&nbsp;&nbsp;&nbsp;__aeabi_fcmpgt
<LI><a href="#[6d]">&gt;&gt;</a>&nbsp;&nbsp;&nbsp;__aeabi_fadd
</UL>
<BR>[Called By]<UL><LI><a href="#[62]">&gt;&gt;</a>&nbsp;&nbsp;&nbsp;tenKhzRoutine
<LI><a href="#[32]">&gt;&gt;</a>&nbsp;&nbsp;&nbsp;main
<LI><a href="#[5a]">&gt;&gt;</a>&nbsp;&nbsp;&nbsp;PeriodElapsedCallback
</UL>

<P><STRONG><a name="[70]"></a>computeDshotDMA</STRONG> (Thumb, 1192 bytes, Stack size 0 bytes, dshot.o(.text.computeDshotDMA))
<BR><BR>[Calls]<UL><LI><a href="#[76]">&gt;&gt;</a>&nbsp;&nbsp;&nbsp;saveEEpromSettings
<LI><a href="#[75]">&gt;&gt;</a>&nbsp;&nbsp;&nbsp;playStartupTune
<LI><a href="#[73]">&gt;&gt;</a>&nbsp;&nbsp;&nbsp;playInputTune2
<LI><a href="#[72]">&gt;&gt;</a>&nbsp;&nbsp;&nbsp;playInputTune
<LI><a href="#[74]">&gt;&gt;</a>&nbsp;&nbsp;&nbsp;playBeaconTune3
<LI><a href="#[71]">&gt;&gt;</a>&nbsp;&nbsp;&nbsp;getInputPinState
</UL>
<BR>[Called By]<UL><LI><a href="#[59]">&gt;&gt;</a>&nbsp;&nbsp;&nbsp;transfercomplete
<LI><a href="#[62]">&gt;&gt;</a>&nbsp;&nbsp;&nbsp;tenKhzRoutine
</UL>

<P><STRONG><a name="[77]"></a>computeServoInput</STRONG> (Thumb, 484 bytes, Stack size 0 bytes, signal.o(.text.computeServoInput))
<BR><BR>[Calls]<UL><LI><a href="#[7b]">&gt;&gt;</a>&nbsp;&nbsp;&nbsp;playDefaultTone
<LI><a href="#[78]">&gt;&gt;</a>&nbsp;&nbsp;&nbsp;playChangedTone
<LI><a href="#[7a]">&gt;&gt;</a>&nbsp;&nbsp;&nbsp;map
<LI><a href="#[79]">&gt;&gt;</a>&nbsp;&nbsp;&nbsp;getAbsDif
<LI><a href="#[76]">&gt;&gt;</a>&nbsp;&nbsp;&nbsp;saveEEpromSettings
</UL>
<BR>[Called By]<UL><LI><a href="#[59]">&gt;&gt;</a>&nbsp;&nbsp;&nbsp;transfercomplete
</UL>

<P><STRONG><a name="[4b]"></a>crm_adc_clock_div_set</STRONG> (Thumb, 30 bytes, Stack size 0 bytes, at32f421_crm.o(.text.crm_adc_clock_div_set))
<BR><BR>[Called By]<UL><LI><a href="#[42]">&gt;&gt;</a>&nbsp;&nbsp;&nbsp;ADC_Init
</UL>

<P><STRONG><a name="[a8]"></a>crm_ahb_div_set</STRONG> (Thumb, 26 bytes, Stack size 0 bytes, at32f421_crm.o(.text.crm_ahb_div_set))
<BR><BR>[Called By]<UL><LI><a href="#[80]">&gt;&gt;</a>&nbsp;&nbsp;&nbsp;system_clock_config
</UL>

<P><STRONG><a name="[aa]"></a>crm_apb1_div_set</STRONG> (Thumb, 26 bytes, Stack size 0 bytes, at32f421_crm.o(.text.crm_apb1_div_set))
<BR><BR>[Called By]<UL><LI><a href="#[80]">&gt;&gt;</a>&nbsp;&nbsp;&nbsp;system_clock_config
</UL>

<P><STRONG><a name="[a9]"></a>crm_apb2_div_set</STRONG> (Thumb, 26 bytes, Stack size 0 bytes, at32f421_crm.o(.text.crm_apb2_div_set))
<BR><BR>[Called By]<UL><LI><a href="#[80]">&gt;&gt;</a>&nbsp;&nbsp;&nbsp;system_clock_config
</UL>

<P><STRONG><a name="[ab]"></a>crm_auto_step_mode_enable</STRONG> (Thumb, 24 bytes, Stack size 0 bytes, at32f421_crm.o(.text.crm_auto_step_mode_enable))
<BR><BR>[Called By]<UL><LI><a href="#[80]">&gt;&gt;</a>&nbsp;&nbsp;&nbsp;system_clock_config
</UL>

<P><STRONG><a name="[a5]"></a>crm_clock_source_enable</STRONG> (Thumb, 130 bytes, Stack size 0 bytes, at32f421_crm.o(.text.crm_clock_source_enable))
<BR><BR>[Called By]<UL><LI><a href="#[80]">&gt;&gt;</a>&nbsp;&nbsp;&nbsp;system_clock_config
</UL>

<P><STRONG><a name="[bf]"></a>crm_clocks_freq_get</STRONG> (Thumb, 264 bytes, Stack size 0 bytes, at32f421_crm.o(.text.crm_clocks_freq_get))
<BR><BR>[Called By]<UL><LI><a href="#[b0]">&gt;&gt;</a>&nbsp;&nbsp;&nbsp;usart_init
</UL>

<P><STRONG><a name="[a6]"></a>crm_flag_get</STRONG> (Thumb, 26 bytes, Stack size 0 bytes, at32f421_crm.o(.text.crm_flag_get))
<BR><BR>[Called By]<UL><LI><a href="#[80]">&gt;&gt;</a>&nbsp;&nbsp;&nbsp;system_clock_config
</UL>

<P><STRONG><a name="[44]"></a>crm_periph_clock_enable</STRONG> (Thumb, 40 bytes, Stack size 0 bytes, at32f421_crm.o(.text.crm_periph_clock_enable))
<BR><BR>[Called By]<UL><LI><a href="#[7f]">&gt;&gt;</a>&nbsp;&nbsp;&nbsp;initCorePeripherals
<LI><a href="#[82]">&gt;&gt;</a>&nbsp;&nbsp;&nbsp;telem_UART_Init
<LI><a href="#[5e]">&gt;&gt;</a>&nbsp;&nbsp;&nbsp;TIM1_Init
<LI><a href="#[42]">&gt;&gt;</a>&nbsp;&nbsp;&nbsp;ADC_Init
</UL>

<P><STRONG><a name="[bb]"></a>crm_periph_reset</STRONG> (Thumb, 40 bytes, Stack size 0 bytes, at32f421_crm.o(.text.crm_periph_reset))
<BR><BR>[Called By]<UL><LI><a href="#[9c]">&gt;&gt;</a>&nbsp;&nbsp;&nbsp;tmr_reset
</UL>

<P><STRONG><a name="[a7]"></a>crm_pll_config</STRONG> (Thumb, 80 bytes, Stack size 0 bytes, at32f421_crm.o(.text.crm_pll_config))
<BR><BR>[Called By]<UL><LI><a href="#[80]">&gt;&gt;</a>&nbsp;&nbsp;&nbsp;system_clock_config
</UL>

<P><STRONG><a name="[a4]"></a>crm_reset</STRONG> (Thumb, 122 bytes, Stack size 0 bytes, at32f421_crm.o(.text.crm_reset))
<BR><BR>[Called By]<UL><LI><a href="#[80]">&gt;&gt;</a>&nbsp;&nbsp;&nbsp;system_clock_config
</UL>

<P><STRONG><a name="[ac]"></a>crm_sysclk_switch</STRONG> (Thumb, 18 bytes, Stack size 0 bytes, at32f421_crm.o(.text.crm_sysclk_switch))
<BR><BR>[Called By]<UL><LI><a href="#[80]">&gt;&gt;</a>&nbsp;&nbsp;&nbsp;system_clock_config
</UL>

<P><STRONG><a name="[ad]"></a>crm_sysclk_switch_status_get</STRONG> (Thumb, 16 bytes, Stack size 0 bytes, at32f421_crm.o(.text.crm_sysclk_switch_status_get))
<BR><BR>[Called By]<UL><LI><a href="#[ae]">&gt;&gt;</a>&nbsp;&nbsp;&nbsp;system_core_clock_update
<LI><a href="#[80]">&gt;&gt;</a>&nbsp;&nbsp;&nbsp;system_clock_config
</UL>

<P><STRONG><a name="[97]"></a>delayMicros</STRONG> (Thumb, 44 bytes, Stack size 0 bytes, functions.o(.text.delayMicros))
<BR><BR>[Called By]<UL><LI><a href="#[32]">&gt;&gt;</a>&nbsp;&nbsp;&nbsp;main
</UL>

<P><STRONG><a name="[9a]"></a>delayMillis</STRONG> (Thumb, 78 bytes, Stack size 0 bytes, functions.o(.text.delayMillis))
<BR><BR>[Called By]<UL><LI><a href="#[9b]">&gt;&gt;</a>&nbsp;&nbsp;&nbsp;playBlueJayTune
<LI><a href="#[62]">&gt;&gt;</a>&nbsp;&nbsp;&nbsp;tenKhzRoutine
<LI><a href="#[7b]">&gt;&gt;</a>&nbsp;&nbsp;&nbsp;playDefaultTone
<LI><a href="#[78]">&gt;&gt;</a>&nbsp;&nbsp;&nbsp;playChangedTone
<LI><a href="#[75]">&gt;&gt;</a>&nbsp;&nbsp;&nbsp;playStartupTune
<LI><a href="#[73]">&gt;&gt;</a>&nbsp;&nbsp;&nbsp;playInputTune2
<LI><a href="#[72]">&gt;&gt;</a>&nbsp;&nbsp;&nbsp;playInputTune
<LI><a href="#[74]">&gt;&gt;</a>&nbsp;&nbsp;&nbsp;playBeaconTune3
</UL>

<P><STRONG><a name="[bc]"></a>detectInput</STRONG> (Thumb, 606 bytes, Stack size 0 bytes, signal.o(.text.detectInput))
<BR><BR>[Called By]<UL><LI><a href="#[59]">&gt;&gt;</a>&nbsp;&nbsp;&nbsp;transfercomplete
</UL>

<P><STRONG><a name="[5b]"></a>disableComTimerInt</STRONG> (Thumb, 18 bytes, Stack size 0 bytes, peripherals.o(.text.disableComTimerInt))
<BR><BR>[Called By]<UL><LI><a href="#[32]">&gt;&gt;</a>&nbsp;&nbsp;&nbsp;main
<LI><a href="#[5a]">&gt;&gt;</a>&nbsp;&nbsp;&nbsp;PeriodElapsedCallback
</UL>

<P><STRONG><a name="[4a]"></a>dma_channel_enable</STRONG> (Thumb, 10 bytes, Stack size 0 bytes, at32f421_dma.o(.text.dma_channel_enable))
<BR><BR>[Called By]<UL><LI><a href="#[42]">&gt;&gt;</a>&nbsp;&nbsp;&nbsp;ADC_Init
</UL>

<P><STRONG><a name="[47]"></a>dma_default_para_init</STRONG> (Thumb, 14 bytes, Stack size 0 bytes, at32f421_dma.o(.text.dma_default_para_init))
<BR><BR>[Called By]<UL><LI><a href="#[82]">&gt;&gt;</a>&nbsp;&nbsp;&nbsp;telem_UART_Init
<LI><a href="#[42]">&gt;&gt;</a>&nbsp;&nbsp;&nbsp;ADC_Init
</UL>

<P><STRONG><a name="[57]"></a>dma_flag_get</STRONG> (Thumb, 16 bytes, Stack size 0 bytes, at32f421_dma.o(.text.dma_flag_get))
<BR><BR>[Called By]<UL><LI><a href="#[14]">&gt;&gt;</a>&nbsp;&nbsp;&nbsp;DMA1_Channel5_4_IRQHandler
<LI><a href="#[13]">&gt;&gt;</a>&nbsp;&nbsp;&nbsp;DMA1_Channel3_2_IRQHandler
<LI><a href="#[12]">&gt;&gt;</a>&nbsp;&nbsp;&nbsp;DMA1_Channel1_IRQHandler
</UL>

<P><STRONG><a name="[48]"></a>dma_init</STRONG> (Thumb, 124 bytes, Stack size 0 bytes, at32f421_dma.o(.text.dma_init))
<BR><BR>[Called By]<UL><LI><a href="#[82]">&gt;&gt;</a>&nbsp;&nbsp;&nbsp;telem_UART_Init
<LI><a href="#[42]">&gt;&gt;</a>&nbsp;&nbsp;&nbsp;ADC_Init
</UL>

<P><STRONG><a name="[49]"></a>dma_interrupt_enable</STRONG> (Thumb, 16 bytes, Stack size 0 bytes, at32f421_dma.o(.text.dma_interrupt_enable))
<BR><BR>[Called By]<UL><LI><a href="#[42]">&gt;&gt;</a>&nbsp;&nbsp;&nbsp;ADC_Init
</UL>

<P><STRONG><a name="[46]"></a>dma_reset</STRONG> (Thumb, 66 bytes, Stack size 0 bytes, at32f421_dma.o(.text.dma_reset))
<BR><BR>[Called By]<UL><LI><a href="#[82]">&gt;&gt;</a>&nbsp;&nbsp;&nbsp;telem_UART_Init
<LI><a href="#[42]">&gt;&gt;</a>&nbsp;&nbsp;&nbsp;ADC_Init
</UL>

<P><STRONG><a name="[5d]"></a>enableCompInterrupts</STRONG> (Thumb, 18 bytes, Stack size 0 bytes, comparator.o(.text.enableCompInterrupts))
<BR><BR>[Called By]<UL><LI><a href="#[62]">&gt;&gt;</a>&nbsp;&nbsp;&nbsp;tenKhzRoutine
<LI><a href="#[32]">&gt;&gt;</a>&nbsp;&nbsp;&nbsp;main
<LI><a href="#[5a]">&gt;&gt;</a>&nbsp;&nbsp;&nbsp;PeriodElapsedCallback
</UL>

<P><STRONG><a name="[7c]"></a>enableCorePeripherals</STRONG> (Thumb, 230 bytes, Stack size 0 bytes, peripherals.o(.text.enableCorePeripherals))
<BR><BR>[Calls]<UL><LI><a href="#[7d]">&gt;&gt;</a>&nbsp;&nbsp;&nbsp;tmr_channel_enable
<LI><a href="#[42]">&gt;&gt;</a>&nbsp;&nbsp;&nbsp;ADC_Init
</UL>
<BR>[Called By]<UL><LI><a href="#[32]">&gt;&gt;</a>&nbsp;&nbsp;&nbsp;main
</UL>

<P><STRONG><a name="[be]"></a>enableHalfTransferInt</STRONG> (Thumb, 16 bytes, Stack size 0 bytes, io.o(.text.enableHalfTransferInt))
<BR><BR>[Called By]<UL><LI><a href="#[59]">&gt;&gt;</a>&nbsp;&nbsp;&nbsp;transfercomplete
</UL>

<P><STRONG><a name="[a1]"></a>flash_flag_clear</STRONG> (Thumb, 12 bytes, Stack size 0 bytes, at32f421_flash.o(.text.flash_flag_clear))
<BR><BR>[Called By]<UL><LI><a href="#[8d]">&gt;&gt;</a>&nbsp;&nbsp;&nbsp;save_flash_nolib
</UL>

<P><STRONG><a name="[a2]"></a>flash_lock</STRONG> (Thumb, 18 bytes, Stack size 0 bytes, at32f421_flash.o(.text.flash_lock))
<BR><BR>[Called By]<UL><LI><a href="#[8d]">&gt;&gt;</a>&nbsp;&nbsp;&nbsp;save_flash_nolib
</UL>

<P><STRONG><a name="[9f]"></a>flash_sector_erase</STRONG> (Thumb, 398 bytes, Stack size 0 bytes, at32f421_flash.o(.text.flash_sector_erase))
<BR><BR>[Called By]<UL><LI><a href="#[8d]">&gt;&gt;</a>&nbsp;&nbsp;&nbsp;save_flash_nolib
</UL>

<P><STRONG><a name="[9e]"></a>flash_unlock</STRONG> (Thumb, 30 bytes, Stack size 0 bytes, at32f421_flash.o(.text.flash_unlock))
<BR><BR>[Called By]<UL><LI><a href="#[8d]">&gt;&gt;</a>&nbsp;&nbsp;&nbsp;save_flash_nolib
</UL>

<P><STRONG><a name="[a0]"></a>flash_word_program</STRONG> (Thumb, 390 bytes, Stack size 0 bytes, at32f421_flash.o(.text.flash_word_program))
<BR><BR>[Called By]<UL><LI><a href="#[8d]">&gt;&gt;</a>&nbsp;&nbsp;&nbsp;save_flash_nolib
</UL>

<P><STRONG><a name="[7e]"></a>fullBrake</STRONG> (Thumb, 140 bytes, Stack size 0 bytes, phaseouts.o(.text.fullBrake))
<BR><BR>[Calls]<UL><LI><a href="#[43]">&gt;&gt;</a>&nbsp;&nbsp;&nbsp;gpio_mode_QUICK
</UL>
<BR>[Called By]<UL><LI><a href="#[62]">&gt;&gt;</a>&nbsp;&nbsp;&nbsp;tenKhzRoutine
</UL>

<P><STRONG><a name="[98]"></a>generatePwmTimerEvent</STRONG> (Thumb, 18 bytes, Stack size 0 bytes, peripherals.o(.text.generatePwmTimerEvent))
<BR><BR>[Called By]<UL><LI><a href="#[32]">&gt;&gt;</a>&nbsp;&nbsp;&nbsp;main
</UL>

<P><STRONG><a name="[79]"></a>getAbsDif</STRONG> (Thumb, 8 bytes, Stack size 0 bytes, functions.o(.text.getAbsDif))
<BR><BR>[Called By]<UL><LI><a href="#[59]">&gt;&gt;</a>&nbsp;&nbsp;&nbsp;transfercomplete
<LI><a href="#[77]">&gt;&gt;</a>&nbsp;&nbsp;&nbsp;computeServoInput
<LI><a href="#[62]">&gt;&gt;</a>&nbsp;&nbsp;&nbsp;tenKhzRoutine
<LI><a href="#[32]">&gt;&gt;</a>&nbsp;&nbsp;&nbsp;main
</UL>

<P><STRONG><a name="[85]"></a>getCompOutputLevel</STRONG> (Thumb, 14 bytes, Stack size 0 bytes, comparator.o(.text.getCompOutputLevel))
<BR><BR>[Called By]<UL><LI><a href="#[32]">&gt;&gt;</a>&nbsp;&nbsp;&nbsp;main
<LI><a href="#[41]">&gt;&gt;</a>&nbsp;&nbsp;&nbsp;interruptRoutine
</UL>

<P><STRONG><a name="[71]"></a>getInputPinState</STRONG> (Thumb, 16 bytes, Stack size 0 bytes, io.o(.text.getInputPinState))
<BR><BR>[Called By]<UL><LI><a href="#[70]">&gt;&gt;</a>&nbsp;&nbsp;&nbsp;computeDshotDMA
</UL>

<P><STRONG><a name="[83]"></a>getintervaTimerCount</STRONG> (Thumb, 14 bytes, Stack size 0 bytes, peripherals.o(.text.getintervaTimerCount))
<BR><BR>[Called By]<UL><LI><a href="#[32]">&gt;&gt;</a>&nbsp;&nbsp;&nbsp;main
<LI><a href="#[41]">&gt;&gt;</a>&nbsp;&nbsp;&nbsp;interruptRoutine
</UL>

<P><STRONG><a name="[af]"></a>gpio_init</STRONG> (Thumb, 132 bytes, Stack size 0 bytes, at32f421_gpio.o(.text.gpio_init))
<BR><BR>[Called By]<UL><LI><a href="#[82]">&gt;&gt;</a>&nbsp;&nbsp;&nbsp;telem_UART_Init
</UL>

<P><STRONG><a name="[43]"></a>gpio_mode_QUICK</STRONG> (Thumb, 22 bytes, Stack size 0 bytes, functions.o(.text.gpio_mode_QUICK))
<BR><BR>[Called By]<UL><LI><a href="#[91]">&gt;&gt;</a>&nbsp;&nbsp;&nbsp;proportionalBrake
<LI><a href="#[7f]">&gt;&gt;</a>&nbsp;&nbsp;&nbsp;initCorePeripherals
<LI><a href="#[7e]">&gt;&gt;</a>&nbsp;&nbsp;&nbsp;fullBrake
<LI><a href="#[69]">&gt;&gt;</a>&nbsp;&nbsp;&nbsp;comStep
<LI><a href="#[68]">&gt;&gt;</a>&nbsp;&nbsp;&nbsp;allpwm
<LI><a href="#[67]">&gt;&gt;</a>&nbsp;&nbsp;&nbsp;allOff
<LI><a href="#[5e]">&gt;&gt;</a>&nbsp;&nbsp;&nbsp;TIM1_Init
<LI><a href="#[42]">&gt;&gt;</a>&nbsp;&nbsp;&nbsp;ADC_Init
</UL>

<P><STRONG><a name="[61]"></a>gpio_pin_mux_config</STRONG> (Thumb, 46 bytes, Stack size 0 bytes, at32f421_gpio.o(.text.gpio_pin_mux_config))
<BR><BR>[Called By]<UL><LI><a href="#[7f]">&gt;&gt;</a>&nbsp;&nbsp;&nbsp;initCorePeripherals
<LI><a href="#[82]">&gt;&gt;</a>&nbsp;&nbsp;&nbsp;telem_UART_Init
<LI><a href="#[5e]">&gt;&gt;</a>&nbsp;&nbsp;&nbsp;TIM1_Init
</UL>

<P><STRONG><a name="[8c]"></a>initAfterJump</STRONG> (Thumb, 4 bytes, Stack size 0 bytes, peripherals.o(.text.initAfterJump))
<BR><BR>[Called By]<UL><LI><a href="#[32]">&gt;&gt;</a>&nbsp;&nbsp;&nbsp;main
</UL>

<P><STRONG><a name="[7f]"></a>initCorePeripherals</STRONG> (Thumb, 408 bytes, Stack size 0 bytes, peripherals.o(.text.initCorePeripherals))
<BR><BR>[Calls]<UL><LI><a href="#[61]">&gt;&gt;</a>&nbsp;&nbsp;&nbsp;gpio_pin_mux_config
<LI><a href="#[44]">&gt;&gt;</a>&nbsp;&nbsp;&nbsp;crm_periph_clock_enable
<LI><a href="#[81]">&gt;&gt;</a>&nbsp;&nbsp;&nbsp;cmp_enable
<LI><a href="#[43]">&gt;&gt;</a>&nbsp;&nbsp;&nbsp;gpio_mode_QUICK
<LI><a href="#[82]">&gt;&gt;</a>&nbsp;&nbsp;&nbsp;telem_UART_Init
<LI><a href="#[80]">&gt;&gt;</a>&nbsp;&nbsp;&nbsp;system_clock_config
<LI><a href="#[5e]">&gt;&gt;</a>&nbsp;&nbsp;&nbsp;TIM1_Init
</UL>
<BR>[Called By]<UL><LI><a href="#[32]">&gt;&gt;</a>&nbsp;&nbsp;&nbsp;main
</UL>

<P><STRONG><a name="[41]"></a>interruptRoutine</STRONG> (Thumb, 202 bytes, Stack size 0 bytes, main.o(.text.interruptRoutine))
<BR><BR>[Calls]<UL><LI><a href="#[86]">&gt;&gt;</a>&nbsp;&nbsp;&nbsp;setintervaTimerCount
<LI><a href="#[87]">&gt;&gt;</a>&nbsp;&nbsp;&nbsp;setAndEnableComInt
<LI><a href="#[84]">&gt;&gt;</a>&nbsp;&nbsp;&nbsp;maskPhaseInterrupts
<LI><a href="#[83]">&gt;&gt;</a>&nbsp;&nbsp;&nbsp;getintervaTimerCount
<LI><a href="#[85]">&gt;&gt;</a>&nbsp;&nbsp;&nbsp;getCompOutputLevel
</UL>
<BR>[Called By]<UL><LI><a href="#[15]">&gt;&gt;</a>&nbsp;&nbsp;&nbsp;ADC1_CMP_IRQHandler
</UL>

<P><STRONG><a name="[88]"></a>loadEEpromSettings</STRONG> (Thumb, 798 bytes, Stack size 0 bytes, main.o(.text.loadEEpromSettings))
<BR><BR>[Calls]<UL><LI><a href="#[8b]">&gt;&gt;</a>&nbsp;&nbsp;&nbsp;setVolume
<LI><a href="#[8a]">&gt;&gt;</a>&nbsp;&nbsp;&nbsp;setAutoReloadPWM
<LI><a href="#[89]">&gt;&gt;</a>&nbsp;&nbsp;&nbsp;read_flash_bin
<LI><a href="#[7a]">&gt;&gt;</a>&nbsp;&nbsp;&nbsp;map
</UL>
<BR>[Called By]<UL><LI><a href="#[32]">&gt;&gt;</a>&nbsp;&nbsp;&nbsp;main
</UL>

<P><STRONG><a name="[32]"></a>main</STRONG> (Thumb, 2130 bytes, Stack size 0 bytes, main.o(.text.main))
<BR><BR>[Calls]<UL><LI><a href="#[86]">&gt;&gt;</a>&nbsp;&nbsp;&nbsp;setintervaTimerCount
<LI><a href="#[92]">&gt;&gt;</a>&nbsp;&nbsp;&nbsp;setDutyCycleAll
<LI><a href="#[95]">&gt;&gt;</a>&nbsp;&nbsp;&nbsp;send_telem_DMA
<LI><a href="#[8d]">&gt;&gt;</a>&nbsp;&nbsp;&nbsp;save_flash_nolib
<LI><a href="#[8f]">&gt;&gt;</a>&nbsp;&nbsp;&nbsp;reloadWatchDogCounter
<LI><a href="#[90]">&gt;&gt;</a>&nbsp;&nbsp;&nbsp;receiveDshotDma
<LI><a href="#[91]">&gt;&gt;</a>&nbsp;&nbsp;&nbsp;proportionalBrake
<LI><a href="#[84]">&gt;&gt;</a>&nbsp;&nbsp;&nbsp;maskPhaseInterrupts
<LI><a href="#[94]">&gt;&gt;</a>&nbsp;&nbsp;&nbsp;makeTelemPackage
<LI><a href="#[88]">&gt;&gt;</a>&nbsp;&nbsp;&nbsp;loadEEpromSettings
<LI><a href="#[7f]">&gt;&gt;</a>&nbsp;&nbsp;&nbsp;initCorePeripherals
<LI><a href="#[8c]">&gt;&gt;</a>&nbsp;&nbsp;&nbsp;initAfterJump
<LI><a href="#[83]">&gt;&gt;</a>&nbsp;&nbsp;&nbsp;getintervaTimerCount
<LI><a href="#[85]">&gt;&gt;</a>&nbsp;&nbsp;&nbsp;getCompOutputLevel
<LI><a href="#[98]">&gt;&gt;</a>&nbsp;&nbsp;&nbsp;generatePwmTimerEvent
<LI><a href="#[7c]">&gt;&gt;</a>&nbsp;&nbsp;&nbsp;enableCorePeripherals
<LI><a href="#[5d]">&gt;&gt;</a>&nbsp;&nbsp;&nbsp;enableCompInterrupts
<LI><a href="#[5b]">&gt;&gt;</a>&nbsp;&nbsp;&nbsp;disableComTimerInt
<LI><a href="#[5c]">&gt;&gt;</a>&nbsp;&nbsp;&nbsp;commutate
<LI><a href="#[68]">&gt;&gt;</a>&nbsp;&nbsp;&nbsp;allpwm
<LI><a href="#[67]">&gt;&gt;</a>&nbsp;&nbsp;&nbsp;allOff
<LI><a href="#[63]">&gt;&gt;</a>&nbsp;&nbsp;&nbsp;advanceincrement
<LI><a href="#[96]">&gt;&gt;</a>&nbsp;&nbsp;&nbsp;adc_ordinary_software_trigger_enable
<LI><a href="#[8e]">&gt;&gt;</a>&nbsp;&nbsp;&nbsp;MX_IWDG_Init
<LI><a href="#[7a]">&gt;&gt;</a>&nbsp;&nbsp;&nbsp;map
<LI><a href="#[79]">&gt;&gt;</a>&nbsp;&nbsp;&nbsp;getAbsDif
<LI><a href="#[97]">&gt;&gt;</a>&nbsp;&nbsp;&nbsp;delayMicros
<LI><a href="#[75]">&gt;&gt;</a>&nbsp;&nbsp;&nbsp;playStartupTune
<LI><a href="#[93]">&gt;&gt;</a>&nbsp;&nbsp;&nbsp;__aeabi_f2iz
</UL>
<BR>[Called By]<UL><LI><a href="#[31]">&gt;&gt;</a>&nbsp;&nbsp;&nbsp;__rt_entry_main
</UL>

<P><STRONG><a name="[94]"></a>makeTelemPackage</STRONG> (Thumb, 262 bytes, Stack size 0 bytes, serial_telemetry.o(.text.makeTelemPackage))
<BR><BR>[Called By]<UL><LI><a href="#[32]">&gt;&gt;</a>&nbsp;&nbsp;&nbsp;main
</UL>

<P><STRONG><a name="[b6]"></a>make_dshot_package</STRONG> (Thumb, 548 bytes, Stack size 0 bytes, dshot.o(.text.make_dshot_package))
<BR><BR>[Called By]<UL><LI><a href="#[59]">&gt;&gt;</a>&nbsp;&nbsp;&nbsp;transfercomplete
<LI><a href="#[62]">&gt;&gt;</a>&nbsp;&nbsp;&nbsp;tenKhzRoutine
</UL>

<P><STRONG><a name="[7a]"></a>map</STRONG> (Thumb, 40 bytes, Stack size 0 bytes, functions.o(.text.map))
<BR><BR>[Called By]<UL><LI><a href="#[77]">&gt;&gt;</a>&nbsp;&nbsp;&nbsp;computeServoInput
<LI><a href="#[62]">&gt;&gt;</a>&nbsp;&nbsp;&nbsp;tenKhzRoutine
<LI><a href="#[32]">&gt;&gt;</a>&nbsp;&nbsp;&nbsp;main
<LI><a href="#[88]">&gt;&gt;</a>&nbsp;&nbsp;&nbsp;loadEEpromSettings
</UL>

<P><STRONG><a name="[84]"></a>maskPhaseInterrupts</STRONG> (Thumb, 24 bytes, Stack size 0 bytes, comparator.o(.text.maskPhaseInterrupts))
<BR><BR>[Called By]<UL><LI><a href="#[62]">&gt;&gt;</a>&nbsp;&nbsp;&nbsp;tenKhzRoutine
<LI><a href="#[32]">&gt;&gt;</a>&nbsp;&nbsp;&nbsp;main
<LI><a href="#[41]">&gt;&gt;</a>&nbsp;&nbsp;&nbsp;interruptRoutine
</UL>

<P><STRONG><a name="[45]"></a>nvic_irq_enable</STRONG> (Thumb, 110 bytes, Stack size 0 bytes, at32f421_misc.o(.text.nvic_irq_enable))
<BR><BR>[Called By]<UL><LI><a href="#[82]">&gt;&gt;</a>&nbsp;&nbsp;&nbsp;telem_UART_Init
<LI><a href="#[42]">&gt;&gt;</a>&nbsp;&nbsp;&nbsp;ADC_Init
</UL>

<P><STRONG><a name="[74]"></a>playBeaconTune3</STRONG> (Thumb, 120 bytes, Stack size 0 bytes, sounds.o(.text.playBeaconTune3))
<BR><BR>[Calls]<UL><LI><a href="#[99]">&gt;&gt;</a>&nbsp;&nbsp;&nbsp;setPrescalerPWM
<LI><a href="#[92]">&gt;&gt;</a>&nbsp;&nbsp;&nbsp;setDutyCycleAll
<LI><a href="#[8a]">&gt;&gt;</a>&nbsp;&nbsp;&nbsp;setAutoReloadPWM
<LI><a href="#[8f]">&gt;&gt;</a>&nbsp;&nbsp;&nbsp;reloadWatchDogCounter
<LI><a href="#[69]">&gt;&gt;</a>&nbsp;&nbsp;&nbsp;comStep
<LI><a href="#[67]">&gt;&gt;</a>&nbsp;&nbsp;&nbsp;allOff
<LI><a href="#[9a]">&gt;&gt;</a>&nbsp;&nbsp;&nbsp;delayMillis
</UL>
<BR>[Called By]<UL><LI><a href="#[59]">&gt;&gt;</a>&nbsp;&nbsp;&nbsp;transfercomplete
<LI><a href="#[70]">&gt;&gt;</a>&nbsp;&nbsp;&nbsp;computeDshotDMA
</UL>

<P><STRONG><a name="[9b]"></a>playBlueJayTune</STRONG> (Thumb, 284 bytes, Stack size 0 bytes, sounds.o(.text.playBlueJayTune))
<BR><BR>[Calls]<UL><LI><a href="#[99]">&gt;&gt;</a>&nbsp;&nbsp;&nbsp;setPrescalerPWM
<LI><a href="#[92]">&gt;&gt;</a>&nbsp;&nbsp;&nbsp;setDutyCycleAll
<LI><a href="#[8a]">&gt;&gt;</a>&nbsp;&nbsp;&nbsp;setAutoReloadPWM
<LI><a href="#[8f]">&gt;&gt;</a>&nbsp;&nbsp;&nbsp;reloadWatchDogCounter
<LI><a href="#[69]">&gt;&gt;</a>&nbsp;&nbsp;&nbsp;comStep
<LI><a href="#[67]">&gt;&gt;</a>&nbsp;&nbsp;&nbsp;allOff
<LI><a href="#[9a]">&gt;&gt;</a>&nbsp;&nbsp;&nbsp;delayMillis
</UL>
<BR>[Called By]<UL><LI><a href="#[75]">&gt;&gt;</a>&nbsp;&nbsp;&nbsp;playStartupTune
</UL>

<P><STRONG><a name="[78]"></a>playChangedTone</STRONG> (Thumb, 98 bytes, Stack size 0 bytes, sounds.o(.text.playChangedTone))
<BR><BR>[Calls]<UL><LI><a href="#[99]">&gt;&gt;</a>&nbsp;&nbsp;&nbsp;setPrescalerPWM
<LI><a href="#[92]">&gt;&gt;</a>&nbsp;&nbsp;&nbsp;setDutyCycleAll
<LI><a href="#[8a]">&gt;&gt;</a>&nbsp;&nbsp;&nbsp;setAutoReloadPWM
<LI><a href="#[8f]">&gt;&gt;</a>&nbsp;&nbsp;&nbsp;reloadWatchDogCounter
<LI><a href="#[69]">&gt;&gt;</a>&nbsp;&nbsp;&nbsp;comStep
<LI><a href="#[67]">&gt;&gt;</a>&nbsp;&nbsp;&nbsp;allOff
<LI><a href="#[9a]">&gt;&gt;</a>&nbsp;&nbsp;&nbsp;delayMillis
</UL>
<BR>[Called By]<UL><LI><a href="#[77]">&gt;&gt;</a>&nbsp;&nbsp;&nbsp;computeServoInput
<LI><a href="#[62]">&gt;&gt;</a>&nbsp;&nbsp;&nbsp;tenKhzRoutine
</UL>

<P><STRONG><a name="[7b]"></a>playDefaultTone</STRONG> (Thumb, 98 bytes, Stack size 0 bytes, sounds.o(.text.playDefaultTone))
<BR><BR>[Calls]<UL><LI><a href="#[99]">&gt;&gt;</a>&nbsp;&nbsp;&nbsp;setPrescalerPWM
<LI><a href="#[92]">&gt;&gt;</a>&nbsp;&nbsp;&nbsp;setDutyCycleAll
<LI><a href="#[8a]">&gt;&gt;</a>&nbsp;&nbsp;&nbsp;setAutoReloadPWM
<LI><a href="#[8f]">&gt;&gt;</a>&nbsp;&nbsp;&nbsp;reloadWatchDogCounter
<LI><a href="#[69]">&gt;&gt;</a>&nbsp;&nbsp;&nbsp;comStep
<LI><a href="#[67]">&gt;&gt;</a>&nbsp;&nbsp;&nbsp;allOff
<LI><a href="#[9a]">&gt;&gt;</a>&nbsp;&nbsp;&nbsp;delayMillis
</UL>
<BR>[Called By]<UL><LI><a href="#[77]">&gt;&gt;</a>&nbsp;&nbsp;&nbsp;computeServoInput
<LI><a href="#[62]">&gt;&gt;</a>&nbsp;&nbsp;&nbsp;tenKhzRoutine
</UL>

<P><STRONG><a name="[72]"></a>playInputTune</STRONG> (Thumb, 116 bytes, Stack size 0 bytes, sounds.o(.text.playInputTune))
<BR><BR>[Calls]<UL><LI><a href="#[99]">&gt;&gt;</a>&nbsp;&nbsp;&nbsp;setPrescalerPWM
<LI><a href="#[92]">&gt;&gt;</a>&nbsp;&nbsp;&nbsp;setDutyCycleAll
<LI><a href="#[8a]">&gt;&gt;</a>&nbsp;&nbsp;&nbsp;setAutoReloadPWM
<LI><a href="#[8f]">&gt;&gt;</a>&nbsp;&nbsp;&nbsp;reloadWatchDogCounter
<LI><a href="#[69]">&gt;&gt;</a>&nbsp;&nbsp;&nbsp;comStep
<LI><a href="#[67]">&gt;&gt;</a>&nbsp;&nbsp;&nbsp;allOff
<LI><a href="#[9a]">&gt;&gt;</a>&nbsp;&nbsp;&nbsp;delayMillis
</UL>
<BR>[Called By]<UL><LI><a href="#[62]">&gt;&gt;</a>&nbsp;&nbsp;&nbsp;tenKhzRoutine
<LI><a href="#[70]">&gt;&gt;</a>&nbsp;&nbsp;&nbsp;computeDshotDMA
</UL>

<P><STRONG><a name="[73]"></a>playInputTune2</STRONG> (Thumb, 120 bytes, Stack size 0 bytes, sounds.o(.text.playInputTune2))
<BR><BR>[Calls]<UL><LI><a href="#[99]">&gt;&gt;</a>&nbsp;&nbsp;&nbsp;setPrescalerPWM
<LI><a href="#[92]">&gt;&gt;</a>&nbsp;&nbsp;&nbsp;setDutyCycleAll
<LI><a href="#[8a]">&gt;&gt;</a>&nbsp;&nbsp;&nbsp;setAutoReloadPWM
<LI><a href="#[8f]">&gt;&gt;</a>&nbsp;&nbsp;&nbsp;reloadWatchDogCounter
<LI><a href="#[69]">&gt;&gt;</a>&nbsp;&nbsp;&nbsp;comStep
<LI><a href="#[67]">&gt;&gt;</a>&nbsp;&nbsp;&nbsp;allOff
<LI><a href="#[9a]">&gt;&gt;</a>&nbsp;&nbsp;&nbsp;delayMillis
</UL>
<BR>[Called By]<UL><LI><a href="#[70]">&gt;&gt;</a>&nbsp;&nbsp;&nbsp;computeDshotDMA
</UL>

<P><STRONG><a name="[75]"></a>playStartupTune</STRONG> (Thumb, 144 bytes, Stack size 0 bytes, sounds.o(.text.playStartupTune))
<BR><BR>[Calls]<UL><LI><a href="#[99]">&gt;&gt;</a>&nbsp;&nbsp;&nbsp;setPrescalerPWM
<LI><a href="#[9b]">&gt;&gt;</a>&nbsp;&nbsp;&nbsp;playBlueJayTune
<LI><a href="#[92]">&gt;&gt;</a>&nbsp;&nbsp;&nbsp;setDutyCycleAll
<LI><a href="#[8a]">&gt;&gt;</a>&nbsp;&nbsp;&nbsp;setAutoReloadPWM
<LI><a href="#[69]">&gt;&gt;</a>&nbsp;&nbsp;&nbsp;comStep
<LI><a href="#[67]">&gt;&gt;</a>&nbsp;&nbsp;&nbsp;allOff
<LI><a href="#[9a]">&gt;&gt;</a>&nbsp;&nbsp;&nbsp;delayMillis
</UL>
<BR>[Called By]<UL><LI><a href="#[32]">&gt;&gt;</a>&nbsp;&nbsp;&nbsp;main
<LI><a href="#[70]">&gt;&gt;</a>&nbsp;&nbsp;&nbsp;computeDshotDMA
</UL>

<P><STRONG><a name="[91]"></a>proportionalBrake</STRONG> (Thumb, 120 bytes, Stack size 0 bytes, phaseouts.o(.text.proportionalBrake))
<BR><BR>[Calls]<UL><LI><a href="#[43]">&gt;&gt;</a>&nbsp;&nbsp;&nbsp;gpio_mode_QUICK
</UL>
<BR>[Called By]<UL><LI><a href="#[62]">&gt;&gt;</a>&nbsp;&nbsp;&nbsp;tenKhzRoutine
<LI><a href="#[32]">&gt;&gt;</a>&nbsp;&nbsp;&nbsp;main
</UL>

<P><STRONG><a name="[89]"></a>read_flash_bin</STRONG> (Thumb, 98 bytes, Stack size 0 bytes, eeprom.o(.text.read_flash_bin))
<BR><BR>[Called By]<UL><LI><a href="#[88]">&gt;&gt;</a>&nbsp;&nbsp;&nbsp;loadEEpromSettings
</UL>

<P><STRONG><a name="[90]"></a>receiveDshotDma</STRONG> (Thumb, 128 bytes, Stack size 0 bytes, io.o(.text.receiveDshotDma))
<BR><BR>[Calls]<UL><LI><a href="#[9c]">&gt;&gt;</a>&nbsp;&nbsp;&nbsp;tmr_reset
</UL>
<BR>[Called By]<UL><LI><a href="#[59]">&gt;&gt;</a>&nbsp;&nbsp;&nbsp;transfercomplete
<LI><a href="#[32]">&gt;&gt;</a>&nbsp;&nbsp;&nbsp;main
</UL>

<P><STRONG><a name="[8f]"></a>reloadWatchDogCounter</STRONG> (Thumb, 16 bytes, Stack size 0 bytes, peripherals.o(.text.reloadWatchDogCounter))
<BR><BR>[Called By]<UL><LI><a href="#[9b]">&gt;&gt;</a>&nbsp;&nbsp;&nbsp;playBlueJayTune
<LI><a href="#[62]">&gt;&gt;</a>&nbsp;&nbsp;&nbsp;tenKhzRoutine
<LI><a href="#[7b]">&gt;&gt;</a>&nbsp;&nbsp;&nbsp;playDefaultTone
<LI><a href="#[78]">&gt;&gt;</a>&nbsp;&nbsp;&nbsp;playChangedTone
<LI><a href="#[32]">&gt;&gt;</a>&nbsp;&nbsp;&nbsp;main
<LI><a href="#[73]">&gt;&gt;</a>&nbsp;&nbsp;&nbsp;playInputTune2
<LI><a href="#[72]">&gt;&gt;</a>&nbsp;&nbsp;&nbsp;playInputTune
<LI><a href="#[74]">&gt;&gt;</a>&nbsp;&nbsp;&nbsp;playBeaconTune3
</UL>

<P><STRONG><a name="[b9]"></a>resetInputCaptureTimer</STRONG> (Thumb, 16 bytes, Stack size 0 bytes, peripherals.o(.text.resetInputCaptureTimer))
<BR><BR>[Called By]<UL><LI><a href="#[62]">&gt;&gt;</a>&nbsp;&nbsp;&nbsp;tenKhzRoutine
</UL>

<P><STRONG><a name="[76]"></a>saveEEpromSettings</STRONG> (Thumb, 132 bytes, Stack size 0 bytes, main.o(.text.saveEEpromSettings))
<BR><BR>[Called By]<UL><LI><a href="#[77]">&gt;&gt;</a>&nbsp;&nbsp;&nbsp;computeServoInput
<LI><a href="#[70]">&gt;&gt;</a>&nbsp;&nbsp;&nbsp;computeDshotDMA
</UL>

<P><STRONG><a name="[8d]"></a>save_flash_nolib</STRONG> (Thumb, 378 bytes, Stack size 0 bytes, eeprom.o(.text.save_flash_nolib))
<BR><BR>[Calls]<UL><LI><a href="#[a0]">&gt;&gt;</a>&nbsp;&nbsp;&nbsp;flash_word_program
<LI><a href="#[9e]">&gt;&gt;</a>&nbsp;&nbsp;&nbsp;flash_unlock
<LI><a href="#[9f]">&gt;&gt;</a>&nbsp;&nbsp;&nbsp;flash_sector_erase
<LI><a href="#[a2]">&gt;&gt;</a>&nbsp;&nbsp;&nbsp;flash_lock
<LI><a href="#[a1]">&gt;&gt;</a>&nbsp;&nbsp;&nbsp;flash_flag_clear
<LI><a href="#[9d]">&gt;&gt;</a>&nbsp;&nbsp;&nbsp;__aeabi_memclr4
</UL>
<BR>[Called By]<UL><LI><a href="#[32]">&gt;&gt;</a>&nbsp;&nbsp;&nbsp;main
</UL>

<P><STRONG><a name="[a3]"></a>sendDshotDma</STRONG> (Thumb, 154 bytes, Stack size 0 bytes, io.o(.text.sendDshotDma))
<BR><BR>[Calls]<UL><LI><a href="#[9c]">&gt;&gt;</a>&nbsp;&nbsp;&nbsp;tmr_reset
</UL>
<BR>[Called By]<UL><LI><a href="#[59]">&gt;&gt;</a>&nbsp;&nbsp;&nbsp;transfercomplete
</UL>

<P><STRONG><a name="[95]"></a>send_telem_DMA</STRONG> (Thumb, 28 bytes, Stack size 0 bytes, serial_telemetry.o(.text.send_telem_DMA))
<BR><BR>[Called By]<UL><LI><a href="#[32]">&gt;&gt;</a>&nbsp;&nbsp;&nbsp;main
</UL>

<P><STRONG><a name="[87]"></a>setAndEnableComInt</STRONG> (Thumb, 26 bytes, Stack size 0 bytes, peripherals.o(.text.setAndEnableComInt))
<BR><BR>[Called By]<UL><LI><a href="#[41]">&gt;&gt;</a>&nbsp;&nbsp;&nbsp;interruptRoutine
</UL>

<P><STRONG><a name="[8a]"></a>setAutoReloadPWM</STRONG> (Thumb, 12 bytes, Stack size 0 bytes, peripherals.o(.text.setAutoReloadPWM))
<BR><BR>[Called By]<UL><LI><a href="#[9b]">&gt;&gt;</a>&nbsp;&nbsp;&nbsp;playBlueJayTune
<LI><a href="#[62]">&gt;&gt;</a>&nbsp;&nbsp;&nbsp;tenKhzRoutine
<LI><a href="#[7b]">&gt;&gt;</a>&nbsp;&nbsp;&nbsp;playDefaultTone
<LI><a href="#[78]">&gt;&gt;</a>&nbsp;&nbsp;&nbsp;playChangedTone
<LI><a href="#[88]">&gt;&gt;</a>&nbsp;&nbsp;&nbsp;loadEEpromSettings
<LI><a href="#[75]">&gt;&gt;</a>&nbsp;&nbsp;&nbsp;playStartupTune
<LI><a href="#[73]">&gt;&gt;</a>&nbsp;&nbsp;&nbsp;playInputTune2
<LI><a href="#[72]">&gt;&gt;</a>&nbsp;&nbsp;&nbsp;playInputTune
<LI><a href="#[74]">&gt;&gt;</a>&nbsp;&nbsp;&nbsp;playBeaconTune3
</UL>

<P><STRONG><a name="[92]"></a>setDutyCycleAll</STRONG> (Thumb, 16 bytes, Stack size 0 bytes, peripherals.o(.text.setDutyCycleAll))
<BR><BR>[Called By]<UL><LI><a href="#[9b]">&gt;&gt;</a>&nbsp;&nbsp;&nbsp;playBlueJayTune
<LI><a href="#[62]">&gt;&gt;</a>&nbsp;&nbsp;&nbsp;tenKhzRoutine
<LI><a href="#[7b]">&gt;&gt;</a>&nbsp;&nbsp;&nbsp;playDefaultTone
<LI><a href="#[78]">&gt;&gt;</a>&nbsp;&nbsp;&nbsp;playChangedTone
<LI><a href="#[32]">&gt;&gt;</a>&nbsp;&nbsp;&nbsp;main
<LI><a href="#[75]">&gt;&gt;</a>&nbsp;&nbsp;&nbsp;playStartupTune
<LI><a href="#[73]">&gt;&gt;</a>&nbsp;&nbsp;&nbsp;playInputTune2
<LI><a href="#[72]">&gt;&gt;</a>&nbsp;&nbsp;&nbsp;playInputTune
<LI><a href="#[74]">&gt;&gt;</a>&nbsp;&nbsp;&nbsp;playBeaconTune3
</UL>

<P><STRONG><a name="[bd]"></a>setInputPolarityRising</STRONG> (Thumb, 18 bytes, Stack size 0 bytes, io.o(.text.setInputPolarityRising))
<BR><BR>[Called By]<UL><LI><a href="#[59]">&gt;&gt;</a>&nbsp;&nbsp;&nbsp;transfercomplete
</UL>

<P><STRONG><a name="[64]"></a>setPWMCompare1</STRONG> (Thumb, 12 bytes, Stack size 0 bytes, peripherals.o(.text.setPWMCompare1))
<BR><BR>[Called By]<UL><LI><a href="#[63]">&gt;&gt;</a>&nbsp;&nbsp;&nbsp;advanceincrement
</UL>

<P><STRONG><a name="[65]"></a>setPWMCompare2</STRONG> (Thumb, 12 bytes, Stack size 0 bytes, peripherals.o(.text.setPWMCompare2))
<BR><BR>[Called By]<UL><LI><a href="#[63]">&gt;&gt;</a>&nbsp;&nbsp;&nbsp;advanceincrement
</UL>

<P><STRONG><a name="[66]"></a>setPWMCompare3</STRONG> (Thumb, 12 bytes, Stack size 0 bytes, peripherals.o(.text.setPWMCompare3))
<BR><BR>[Called By]<UL><LI><a href="#[63]">&gt;&gt;</a>&nbsp;&nbsp;&nbsp;advanceincrement
</UL>

<P><STRONG><a name="[99]"></a>setPrescalerPWM</STRONG> (Thumb, 12 bytes, Stack size 0 bytes, peripherals.o(.text.setPrescalerPWM))
<BR><BR>[Called By]<UL><LI><a href="#[9b]">&gt;&gt;</a>&nbsp;&nbsp;&nbsp;playBlueJayTune
<LI><a href="#[7b]">&gt;&gt;</a>&nbsp;&nbsp;&nbsp;playDefaultTone
<LI><a href="#[78]">&gt;&gt;</a>&nbsp;&nbsp;&nbsp;playChangedTone
<LI><a href="#[75]">&gt;&gt;</a>&nbsp;&nbsp;&nbsp;playStartupTune
<LI><a href="#[73]">&gt;&gt;</a>&nbsp;&nbsp;&nbsp;playInputTune2
<LI><a href="#[72]">&gt;&gt;</a>&nbsp;&nbsp;&nbsp;playInputTune
<LI><a href="#[74]">&gt;&gt;</a>&nbsp;&nbsp;&nbsp;playBeaconTune3
</UL>

<P><STRONG><a name="[8b]"></a>setVolume</STRONG> (Thumb, 20 bytes, Stack size 0 bytes, sounds.o(.text.setVolume))
<BR><BR>[Called By]<UL><LI><a href="#[88]">&gt;&gt;</a>&nbsp;&nbsp;&nbsp;loadEEpromSettings
</UL>

<P><STRONG><a name="[86]"></a>setintervaTimerCount</STRONG> (Thumb, 14 bytes, Stack size 0 bytes, peripherals.o(.text.setintervaTimerCount))
<BR><BR>[Called By]<UL><LI><a href="#[62]">&gt;&gt;</a>&nbsp;&nbsp;&nbsp;tenKhzRoutine
<LI><a href="#[32]">&gt;&gt;</a>&nbsp;&nbsp;&nbsp;main
<LI><a href="#[41]">&gt;&gt;</a>&nbsp;&nbsp;&nbsp;interruptRoutine
</UL>

<P><STRONG><a name="[80]"></a>system_clock_config</STRONG> (Thumb, 118 bytes, Stack size 0 bytes, peripherals.o(.text.system_clock_config))
<BR><BR>[Calls]<UL><LI><a href="#[ad]">&gt;&gt;</a>&nbsp;&nbsp;&nbsp;crm_sysclk_switch_status_get
<LI><a href="#[ac]">&gt;&gt;</a>&nbsp;&nbsp;&nbsp;crm_sysclk_switch
<LI><a href="#[a4]">&gt;&gt;</a>&nbsp;&nbsp;&nbsp;crm_reset
<LI><a href="#[a7]">&gt;&gt;</a>&nbsp;&nbsp;&nbsp;crm_pll_config
<LI><a href="#[a6]">&gt;&gt;</a>&nbsp;&nbsp;&nbsp;crm_flag_get
<LI><a href="#[a5]">&gt;&gt;</a>&nbsp;&nbsp;&nbsp;crm_clock_source_enable
<LI><a href="#[ab]">&gt;&gt;</a>&nbsp;&nbsp;&nbsp;crm_auto_step_mode_enable
<LI><a href="#[a9]">&gt;&gt;</a>&nbsp;&nbsp;&nbsp;crm_apb2_div_set
<LI><a href="#[aa]">&gt;&gt;</a>&nbsp;&nbsp;&nbsp;crm_apb1_div_set
<LI><a href="#[a8]">&gt;&gt;</a>&nbsp;&nbsp;&nbsp;crm_ahb_div_set
<LI><a href="#[ae]">&gt;&gt;</a>&nbsp;&nbsp;&nbsp;system_core_clock_update
</UL>
<BR>[Called By]<UL><LI><a href="#[7f]">&gt;&gt;</a>&nbsp;&nbsp;&nbsp;initCorePeripherals
</UL>

<P><STRONG><a name="[ae]"></a>system_core_clock_update</STRONG> (Thumb, 220 bytes, Stack size 0 bytes, system_at32f421.o(.text.system_core_clock_update))
<BR><BR>[Calls]<UL><LI><a href="#[ad]">&gt;&gt;</a>&nbsp;&nbsp;&nbsp;crm_sysclk_switch_status_get
</UL>
<BR>[Called By]<UL><LI><a href="#[80]">&gt;&gt;</a>&nbsp;&nbsp;&nbsp;system_clock_config
</UL>

<P><STRONG><a name="[82]"></a>telem_UART_Init</STRONG> (Thumb, 244 bytes, Stack size 0 bytes, serial_telemetry.o(.text.telem_UART_Init))
<BR><BR>[Calls]<UL><LI><a href="#[45]">&gt;&gt;</a>&nbsp;&nbsp;&nbsp;nvic_irq_enable
<LI><a href="#[61]">&gt;&gt;</a>&nbsp;&nbsp;&nbsp;gpio_pin_mux_config
<LI><a href="#[af]">&gt;&gt;</a>&nbsp;&nbsp;&nbsp;gpio_init
<LI><a href="#[46]">&gt;&gt;</a>&nbsp;&nbsp;&nbsp;dma_reset
<LI><a href="#[48]">&gt;&gt;</a>&nbsp;&nbsp;&nbsp;dma_init
<LI><a href="#[47]">&gt;&gt;</a>&nbsp;&nbsp;&nbsp;dma_default_para_init
<LI><a href="#[44]">&gt;&gt;</a>&nbsp;&nbsp;&nbsp;crm_periph_clock_enable
<LI><a href="#[b1]">&gt;&gt;</a>&nbsp;&nbsp;&nbsp;usart_transmitter_enable
<LI><a href="#[b3]">&gt;&gt;</a>&nbsp;&nbsp;&nbsp;usart_single_line_halfduplex_select
<LI><a href="#[b2]">&gt;&gt;</a>&nbsp;&nbsp;&nbsp;usart_receiver_enable
<LI><a href="#[b0]">&gt;&gt;</a>&nbsp;&nbsp;&nbsp;usart_init
<LI><a href="#[b5]">&gt;&gt;</a>&nbsp;&nbsp;&nbsp;usart_enable
<LI><a href="#[b4]">&gt;&gt;</a>&nbsp;&nbsp;&nbsp;usart_dma_transmitter_enable
</UL>
<BR>[Called By]<UL><LI><a href="#[7f]">&gt;&gt;</a>&nbsp;&nbsp;&nbsp;initCorePeripherals
</UL>

<P><STRONG><a name="[62]"></a>tenKhzRoutine</STRONG> (Thumb, 2574 bytes, Stack size 0 bytes, main.o(.text.tenKhzRoutine))
<BR><BR>[Calls]<UL><LI><a href="#[86]">&gt;&gt;</a>&nbsp;&nbsp;&nbsp;setintervaTimerCount
<LI><a href="#[92]">&gt;&gt;</a>&nbsp;&nbsp;&nbsp;setDutyCycleAll
<LI><a href="#[8a]">&gt;&gt;</a>&nbsp;&nbsp;&nbsp;setAutoReloadPWM
<LI><a href="#[b9]">&gt;&gt;</a>&nbsp;&nbsp;&nbsp;resetInputCaptureTimer
<LI><a href="#[8f]">&gt;&gt;</a>&nbsp;&nbsp;&nbsp;reloadWatchDogCounter
<LI><a href="#[91]">&gt;&gt;</a>&nbsp;&nbsp;&nbsp;proportionalBrake
<LI><a href="#[7b]">&gt;&gt;</a>&nbsp;&nbsp;&nbsp;playDefaultTone
<LI><a href="#[78]">&gt;&gt;</a>&nbsp;&nbsp;&nbsp;playChangedTone
<LI><a href="#[84]">&gt;&gt;</a>&nbsp;&nbsp;&nbsp;maskPhaseInterrupts
<LI><a href="#[7e]">&gt;&gt;</a>&nbsp;&nbsp;&nbsp;fullBrake
<LI><a href="#[5d]">&gt;&gt;</a>&nbsp;&nbsp;&nbsp;enableCompInterrupts
<LI><a href="#[5c]">&gt;&gt;</a>&nbsp;&nbsp;&nbsp;commutate
<LI><a href="#[67]">&gt;&gt;</a>&nbsp;&nbsp;&nbsp;allOff
<LI><a href="#[ba]">&gt;&gt;</a>&nbsp;&nbsp;&nbsp;__NVIC_SystemReset
<LI><a href="#[7a]">&gt;&gt;</a>&nbsp;&nbsp;&nbsp;map
<LI><a href="#[79]">&gt;&gt;</a>&nbsp;&nbsp;&nbsp;getAbsDif
<LI><a href="#[9a]">&gt;&gt;</a>&nbsp;&nbsp;&nbsp;delayMillis
<LI><a href="#[72]">&gt;&gt;</a>&nbsp;&nbsp;&nbsp;playInputTune
<LI><a href="#[b6]">&gt;&gt;</a>&nbsp;&nbsp;&nbsp;make_dshot_package
<LI><a href="#[70]">&gt;&gt;</a>&nbsp;&nbsp;&nbsp;computeDshotDMA
<LI><a href="#[6b]">&gt;&gt;</a>&nbsp;&nbsp;&nbsp;__aeabi_i2f
<LI><a href="#[93]">&gt;&gt;</a>&nbsp;&nbsp;&nbsp;__aeabi_f2iz
<LI><a href="#[6c]">&gt;&gt;</a>&nbsp;&nbsp;&nbsp;__aeabi_fdiv
<LI><a href="#[6f]">&gt;&gt;</a>&nbsp;&nbsp;&nbsp;__aeabi_fcmplt
<LI><a href="#[b8]">&gt;&gt;</a>&nbsp;&nbsp;&nbsp;__aeabi_fcmple
<LI><a href="#[b7]">&gt;&gt;</a>&nbsp;&nbsp;&nbsp;__aeabi_fcmpge
<LI><a href="#[6e]">&gt;&gt;</a>&nbsp;&nbsp;&nbsp;__aeabi_fcmpgt
<LI><a href="#[6d]">&gt;&gt;</a>&nbsp;&nbsp;&nbsp;__aeabi_fadd
<LI><a href="#[9d]">&gt;&gt;</a>&nbsp;&nbsp;&nbsp;__aeabi_memclr4
</UL>
<BR>[Called By]<UL><LI><a href="#[1a]">&gt;&gt;</a>&nbsp;&nbsp;&nbsp;TMR14_GLOBAL_IRQHandler
</UL>

<P><STRONG><a name="[7d]"></a>tmr_channel_enable</STRONG> (Thumb, 160 bytes, Stack size 0 bytes, at32f421_tmr.o(.text.tmr_channel_enable))
<BR><BR>[Called By]<UL><LI><a href="#[7c]">&gt;&gt;</a>&nbsp;&nbsp;&nbsp;enableCorePeripherals
</UL>

<P><STRONG><a name="[5f]"></a>tmr_output_channel_buffer_enable</STRONG> (Thumb, 72 bytes, Stack size 0 bytes, at32f421_tmr.o(.text.tmr_output_channel_buffer_enable))
<BR><BR>[Called By]<UL><LI><a href="#[5e]">&gt;&gt;</a>&nbsp;&nbsp;&nbsp;TIM1_Init
</UL>

<P><STRONG><a name="[60]"></a>tmr_period_buffer_enable</STRONG> (Thumb, 18 bytes, Stack size 0 bytes, at32f421_tmr.o(.text.tmr_period_buffer_enable))
<BR><BR>[Called By]<UL><LI><a href="#[5e]">&gt;&gt;</a>&nbsp;&nbsp;&nbsp;TIM1_Init
</UL>

<P><STRONG><a name="[9c]"></a>tmr_reset</STRONG> (Thumb, 186 bytes, Stack size 0 bytes, at32f421_tmr.o(.text.tmr_reset))
<BR><BR>[Calls]<UL><LI><a href="#[bb]">&gt;&gt;</a>&nbsp;&nbsp;&nbsp;crm_periph_reset
</UL>
<BR>[Called By]<UL><LI><a href="#[a3]">&gt;&gt;</a>&nbsp;&nbsp;&nbsp;sendDshotDma
<LI><a href="#[90]">&gt;&gt;</a>&nbsp;&nbsp;&nbsp;receiveDshotDma
</UL>

<P><STRONG><a name="[59]"></a>transfercomplete</STRONG> (Thumb, 318 bytes, Stack size 0 bytes, signal.o(.text.transfercomplete))
<BR><BR>[Calls]<UL><LI><a href="#[bd]">&gt;&gt;</a>&nbsp;&nbsp;&nbsp;setInputPolarityRising
<LI><a href="#[a3]">&gt;&gt;</a>&nbsp;&nbsp;&nbsp;sendDshotDma
<LI><a href="#[be]">&gt;&gt;</a>&nbsp;&nbsp;&nbsp;enableHalfTransferInt
<LI><a href="#[bc]">&gt;&gt;</a>&nbsp;&nbsp;&nbsp;detectInput
<LI><a href="#[77]">&gt;&gt;</a>&nbsp;&nbsp;&nbsp;computeServoInput
<LI><a href="#[90]">&gt;&gt;</a>&nbsp;&nbsp;&nbsp;receiveDshotDma
<LI><a href="#[79]">&gt;&gt;</a>&nbsp;&nbsp;&nbsp;getAbsDif
<LI><a href="#[74]">&gt;&gt;</a>&nbsp;&nbsp;&nbsp;playBeaconTune3
<LI><a href="#[b6]">&gt;&gt;</a>&nbsp;&nbsp;&nbsp;make_dshot_package
<LI><a href="#[70]">&gt;&gt;</a>&nbsp;&nbsp;&nbsp;computeDshotDMA
</UL>
<BR>[Called By]<UL><LI><a href="#[14]">&gt;&gt;</a>&nbsp;&nbsp;&nbsp;DMA1_Channel5_4_IRQHandler
</UL>

<P><STRONG><a name="[b4]"></a>usart_dma_transmitter_enable</STRONG> (Thumb, 18 bytes, Stack size 0 bytes, at32f421_usart.o(.text.usart_dma_transmitter_enable))
<BR><BR>[Called By]<UL><LI><a href="#[82]">&gt;&gt;</a>&nbsp;&nbsp;&nbsp;telem_UART_Init
</UL>

<P><STRONG><a name="[b5]"></a>usart_enable</STRONG> (Thumb, 18 bytes, Stack size 0 bytes, at32f421_usart.o(.text.usart_enable))
<BR><BR>[Called By]<UL><LI><a href="#[82]">&gt;&gt;</a>&nbsp;&nbsp;&nbsp;telem_UART_Init
</UL>

<P><STRONG><a name="[b0]"></a>usart_init</STRONG> (Thumb, 134 bytes, Stack size 0 bytes, at32f421_usart.o(.text.usart_init))
<BR><BR>[Calls]<UL><LI><a href="#[bf]">&gt;&gt;</a>&nbsp;&nbsp;&nbsp;crm_clocks_freq_get
</UL>
<BR>[Called By]<UL><LI><a href="#[82]">&gt;&gt;</a>&nbsp;&nbsp;&nbsp;telem_UART_Init
</UL>

<P><STRONG><a name="[b2]"></a>usart_receiver_enable</STRONG> (Thumb, 18 bytes, Stack size 0 bytes, at32f421_usart.o(.text.usart_receiver_enable))
<BR><BR>[Called By]<UL><LI><a href="#[82]">&gt;&gt;</a>&nbsp;&nbsp;&nbsp;telem_UART_Init
</UL>

<P><STRONG><a name="[b3]"></a>usart_single_line_halfduplex_select</STRONG> (Thumb, 18 bytes, Stack size 0 bytes, at32f421_usart.o(.text.usart_single_line_halfduplex_select))
<BR><BR>[Called By]<UL><LI><a href="#[82]">&gt;&gt;</a>&nbsp;&nbsp;&nbsp;telem_UART_Init
</UL>

<P><STRONG><a name="[b1]"></a>usart_transmitter_enable</STRONG> (Thumb, 18 bytes, Stack size 0 bytes, at32f421_usart.o(.text.usart_transmitter_enable))
<BR><BR>[Called By]<UL><LI><a href="#[82]">&gt;&gt;</a>&nbsp;&nbsp;&nbsp;telem_UART_Init
</UL>

<P><STRONG><a name="[c0]"></a>__fpl_exception</STRONG> (Thumb, 414 bytes, Stack size 0 bytes, except.o(x$fpl$exception), UNUSED)
<BR><BR>[Calls]<UL><LI><a href="#[c2]">&gt;&gt;</a>&nbsp;&nbsp;&nbsp;_fp_trapveneer
<LI><a href="#[c3]">&gt;&gt;</a>&nbsp;&nbsp;&nbsp;__fpl_return_NaN
<LI><a href="#[c1]">&gt;&gt;</a>&nbsp;&nbsp;&nbsp;__rt_fp_status_addr
</UL>
<BR>[Called By]<UL><LI><a href="#[c8]">&gt;&gt;</a>&nbsp;&nbsp;&nbsp;__fpl_fnaninf
<LI><a href="#[d7]">&gt;&gt;</a>&nbsp;&nbsp;&nbsp;_ffix
<LI><a href="#[d2]">&gt;&gt;</a>&nbsp;&nbsp;&nbsp;_fdiv
<LI><a href="#[c4]">&gt;&gt;</a>&nbsp;&nbsp;&nbsp;_fadd
</UL>

<P><STRONG><a name="[6d]"></a>__aeabi_fadd</STRONG> (Thumb, 0 bytes, Stack size 0 bytes, faddsub_clz.o(x$fpl$fadd))
<BR><BR>[Called By]<UL><LI><a href="#[62]">&gt;&gt;</a>&nbsp;&nbsp;&nbsp;tenKhzRoutine
<LI><a href="#[5c]">&gt;&gt;</a>&nbsp;&nbsp;&nbsp;commutate
</UL>

<P><STRONG><a name="[c4]"></a>_fadd</STRONG> (Thumb, 320 bytes, Stack size 0 bytes, faddsub_clz.o(x$fpl$fadd), UNUSED)
<BR><BR>[Calls]<UL><LI><a href="#[c7]">&gt;&gt;</a>&nbsp;&nbsp;&nbsp;__funder_d
<LI><a href="#[c8]">&gt;&gt;</a>&nbsp;&nbsp;&nbsp;__fpl_fnaninf
<LI><a href="#[c0]">&gt;&gt;</a>&nbsp;&nbsp;&nbsp;__fpl_exception
<LI><a href="#[c6]">&gt;&gt;</a>&nbsp;&nbsp;&nbsp;fsub_zerodenorm
<LI><a href="#[c5]">&gt;&gt;</a>&nbsp;&nbsp;&nbsp;_fsub1
</UL>

<P><STRONG><a name="[c9]"></a>_feq</STRONG> (Thumb, 14 bytes, Stack size 0 bytes, fcmp.o(x$fpl$fcmp), UNUSED)
<BR><BR>[Calls]<UL><LI><a href="#[ca]">&gt;&gt;</a>&nbsp;&nbsp;&nbsp;_fcmpeq
</UL>

<P><STRONG><a name="[cb]"></a>_fneq</STRONG> (Thumb, 14 bytes, Stack size 0 bytes, fcmp.o(x$fpl$fcmp), UNUSED)
<BR><BR>[Calls]<UL><LI><a href="#[ca]">&gt;&gt;</a>&nbsp;&nbsp;&nbsp;_fcmpeq
</UL>

<P><STRONG><a name="[6e]"></a>__aeabi_fcmpgt</STRONG> (Thumb, 0 bytes, Stack size 0 bytes, fcmp.o(x$fpl$fcmp))
<BR><BR>[Called By]<UL><LI><a href="#[62]">&gt;&gt;</a>&nbsp;&nbsp;&nbsp;tenKhzRoutine
<LI><a href="#[5c]">&gt;&gt;</a>&nbsp;&nbsp;&nbsp;commutate
</UL>

<P><STRONG><a name="[cc]"></a>_fgr</STRONG> (Thumb, 14 bytes, Stack size 0 bytes, fcmp.o(x$fpl$fcmp), UNUSED)
<BR><BR>[Calls]<UL><LI><a href="#[cd]">&gt;&gt;</a>&nbsp;&nbsp;&nbsp;_fcmpge
</UL>

<P><STRONG><a name="[b7]"></a>__aeabi_fcmpge</STRONG> (Thumb, 0 bytes, Stack size 0 bytes, fcmp.o(x$fpl$fcmp))
<BR><BR>[Called By]<UL><LI><a href="#[62]">&gt;&gt;</a>&nbsp;&nbsp;&nbsp;tenKhzRoutine
</UL>

<P><STRONG><a name="[ce]"></a>_fgeq</STRONG> (Thumb, 14 bytes, Stack size 0 bytes, fcmp.o(x$fpl$fcmp), UNUSED)
<BR><BR>[Calls]<UL><LI><a href="#[cd]">&gt;&gt;</a>&nbsp;&nbsp;&nbsp;_fcmpge
</UL>

<P><STRONG><a name="[b8]"></a>__aeabi_fcmple</STRONG> (Thumb, 0 bytes, Stack size 0 bytes, fcmp.o(x$fpl$fcmp))
<BR><BR>[Called By]<UL><LI><a href="#[62]">&gt;&gt;</a>&nbsp;&nbsp;&nbsp;tenKhzRoutine
</UL>

<P><STRONG><a name="[cf]"></a>_fleq</STRONG> (Thumb, 14 bytes, Stack size 0 bytes, fcmp.o(x$fpl$fcmp), UNUSED)
<BR><BR>[Calls]<UL><LI><a href="#[d0]">&gt;&gt;</a>&nbsp;&nbsp;&nbsp;_fcmple
</UL>

<P><STRONG><a name="[6f]"></a>__aeabi_fcmplt</STRONG> (Thumb, 0 bytes, Stack size 0 bytes, fcmp.o(x$fpl$fcmp))
<BR><BR>[Called By]<UL><LI><a href="#[62]">&gt;&gt;</a>&nbsp;&nbsp;&nbsp;tenKhzRoutine
<LI><a href="#[5c]">&gt;&gt;</a>&nbsp;&nbsp;&nbsp;commutate
</UL>

<P><STRONG><a name="[d1]"></a>_fls</STRONG> (Thumb, 14 bytes, Stack size 0 bytes, fcmp.o(x$fpl$fcmp), UNUSED)
<BR><BR>[Calls]<UL><LI><a href="#[d0]">&gt;&gt;</a>&nbsp;&nbsp;&nbsp;_fcmple
</UL>

<P><STRONG><a name="[d6]"></a>__fpl_fcmp_Inf</STRONG> (Thumb, 24 bytes, Stack size 0 bytes, fcmpi.o(x$fpl$fcmpinf), UNUSED)
<BR><BR>[Called By]<UL><LI><a href="#[d0]">&gt;&gt;</a>&nbsp;&nbsp;&nbsp;_fcmple
<LI><a href="#[cd]">&gt;&gt;</a>&nbsp;&nbsp;&nbsp;_fcmpge
<LI><a href="#[ca]">&gt;&gt;</a>&nbsp;&nbsp;&nbsp;_fcmpeq
</UL>

<P><STRONG><a name="[6c]"></a>__aeabi_fdiv</STRONG> (Thumb, 0 bytes, Stack size 0 bytes, fdiv.o(x$fpl$fdiv))
<BR><BR>[Called By]<UL><LI><a href="#[62]">&gt;&gt;</a>&nbsp;&nbsp;&nbsp;tenKhzRoutine
<LI><a href="#[5c]">&gt;&gt;</a>&nbsp;&nbsp;&nbsp;commutate
</UL>

<P><STRONG><a name="[d2]"></a>_fdiv</STRONG> (Thumb, 440 bytes, Stack size 0 bytes, fdiv.o(x$fpl$fdiv), UNUSED)
<BR><BR>[Calls]<UL><LI><a href="#[d3]">&gt;&gt;</a>&nbsp;&nbsp;&nbsp;__funder
<LI><a href="#[d5]">&gt;&gt;</a>&nbsp;&nbsp;&nbsp;__fpl_fretinf
<LI><a href="#[d4]">&gt;&gt;</a>&nbsp;&nbsp;&nbsp;__fpl_normalise2
<LI><a href="#[c8]">&gt;&gt;</a>&nbsp;&nbsp;&nbsp;__fpl_fnaninf
<LI><a href="#[c0]">&gt;&gt;</a>&nbsp;&nbsp;&nbsp;__fpl_exception
</UL>

<P><STRONG><a name="[ca]"></a>_fcmpeq</STRONG> (Thumb, 96 bytes, Stack size 0 bytes, feqf.o(x$fpl$feqf), UNUSED)
<BR><BR>[Calls]<UL><LI><a href="#[d6]">&gt;&gt;</a>&nbsp;&nbsp;&nbsp;__fpl_fcmp_Inf
<LI><a href="#[c8]">&gt;&gt;</a>&nbsp;&nbsp;&nbsp;__fpl_fnaninf
</UL>
<BR>[Called By]<UL><LI><a href="#[cb]">&gt;&gt;</a>&nbsp;&nbsp;&nbsp;_fneq
<LI><a href="#[c9]">&gt;&gt;</a>&nbsp;&nbsp;&nbsp;_feq
</UL>

<P><STRONG><a name="[93]"></a>__aeabi_f2iz</STRONG> (Thumb, 0 bytes, Stack size 0 bytes, ffix.o(x$fpl$ffix))
<BR><BR>[Called By]<UL><LI><a href="#[62]">&gt;&gt;</a>&nbsp;&nbsp;&nbsp;tenKhzRoutine
<LI><a href="#[32]">&gt;&gt;</a>&nbsp;&nbsp;&nbsp;main
</UL>

<P><STRONG><a name="[d7]"></a>_ffix</STRONG> (Thumb, 64 bytes, Stack size 0 bytes, ffix.o(x$fpl$ffix), UNUSED)
<BR><BR>[Calls]<UL><LI><a href="#[c8]">&gt;&gt;</a>&nbsp;&nbsp;&nbsp;__fpl_fnaninf
<LI><a href="#[c0]">&gt;&gt;</a>&nbsp;&nbsp;&nbsp;__fpl_exception
</UL>

<P><STRONG><a name="[6b]"></a>__aeabi_i2f</STRONG> (Thumb, 0 bytes, Stack size 0 bytes, fflt_clz.o(x$fpl$fflt))
<BR><BR>[Called By]<UL><LI><a href="#[62]">&gt;&gt;</a>&nbsp;&nbsp;&nbsp;tenKhzRoutine
<LI><a href="#[5c]">&gt;&gt;</a>&nbsp;&nbsp;&nbsp;commutate
</UL>

<P><STRONG><a name="[cd]"></a>_fcmpge</STRONG> (Thumb, 100 bytes, Stack size 0 bytes, fgeqf.o(x$fpl$fgeqf), UNUSED)
<BR><BR>[Calls]<UL><LI><a href="#[d6]">&gt;&gt;</a>&nbsp;&nbsp;&nbsp;__fpl_fcmp_Inf
<LI><a href="#[c8]">&gt;&gt;</a>&nbsp;&nbsp;&nbsp;__fpl_fnaninf
</UL>
<BR>[Called By]<UL><LI><a href="#[ce]">&gt;&gt;</a>&nbsp;&nbsp;&nbsp;_fgeq
<LI><a href="#[cc]">&gt;&gt;</a>&nbsp;&nbsp;&nbsp;_fgr
</UL>

<P><STRONG><a name="[d0]"></a>_fcmple</STRONG> (Thumb, 100 bytes, Stack size 0 bytes, fleqf.o(x$fpl$fleqf), UNUSED)
<BR><BR>[Calls]<UL><LI><a href="#[d6]">&gt;&gt;</a>&nbsp;&nbsp;&nbsp;__fpl_fcmp_Inf
<LI><a href="#[c8]">&gt;&gt;</a>&nbsp;&nbsp;&nbsp;__fpl_fnaninf
</UL>
<BR>[Called By]<UL><LI><a href="#[d1]">&gt;&gt;</a>&nbsp;&nbsp;&nbsp;_fls
<LI><a href="#[cf]">&gt;&gt;</a>&nbsp;&nbsp;&nbsp;_fleq
</UL>

<P><STRONG><a name="[c8]"></a>__fpl_fnaninf</STRONG> (Thumb, 246 bytes, Stack size 0 bytes, fnaninf.o(x$fpl$fnaninf), UNUSED)
<BR><BR>[Calls]<UL><LI><a href="#[c7]">&gt;&gt;</a>&nbsp;&nbsp;&nbsp;__funder_d
<LI><a href="#[c0]">&gt;&gt;</a>&nbsp;&nbsp;&nbsp;__fpl_exception
</UL>
<BR>[Called By]<UL><LI><a href="#[d0]">&gt;&gt;</a>&nbsp;&nbsp;&nbsp;_fcmple
<LI><a href="#[cd]">&gt;&gt;</a>&nbsp;&nbsp;&nbsp;_fcmpge
<LI><a href="#[ca]">&gt;&gt;</a>&nbsp;&nbsp;&nbsp;_fcmpeq
<LI><a href="#[d7]">&gt;&gt;</a>&nbsp;&nbsp;&nbsp;_ffix
<LI><a href="#[d2]">&gt;&gt;</a>&nbsp;&nbsp;&nbsp;_fdiv
<LI><a href="#[d8]">&gt;&gt;</a>&nbsp;&nbsp;&nbsp;_fsub
<LI><a href="#[c4]">&gt;&gt;</a>&nbsp;&nbsp;&nbsp;_fadd
</UL>

<P><STRONG><a name="[d4]"></a>__fpl_normalise2</STRONG> (Thumb, 74 bytes, Stack size 0 bytes, fnorm2_clz.o(x$fpl$fnorm2), UNUSED)
<BR><BR>[Called By]<UL><LI><a href="#[d2]">&gt;&gt;</a>&nbsp;&nbsp;&nbsp;_fdiv
</UL>

<P><STRONG><a name="[2c]"></a>_fp_init</STRONG> (Thumb, 14 bytes, Stack size 0 bytes, fpinit.o(x$fpl$fpinit))
<BR><BR>[Calls]<UL><LI><a href="#[c1]">&gt;&gt;</a>&nbsp;&nbsp;&nbsp;__rt_fp_status_addr
</UL>
<BR>[Called By]<UL><LI><a href="#[2b]">&gt;&gt;</a>&nbsp;&nbsp;&nbsp;__rt_lib_init_fp_1
</UL>

<P><STRONG><a name="[d5]"></a>__fpl_fretinf</STRONG> (Thumb, 10 bytes, Stack size 0 bytes, fretinf.o(x$fpl$fretinf), UNUSED)
<BR><BR>[Called By]<UL><LI><a href="#[d2]">&gt;&gt;</a>&nbsp;&nbsp;&nbsp;_fdiv
</UL>

<P><STRONG><a name="[d8]"></a>_fsub</STRONG> (Thumb, 322 bytes, Stack size 0 bytes, faddsub_clz.o(x$fpl$fsub), UNUSED)
<BR><BR>[Calls]<UL><LI><a href="#[c7]">&gt;&gt;</a>&nbsp;&nbsp;&nbsp;__funder_d
<LI><a href="#[c8]">&gt;&gt;</a>&nbsp;&nbsp;&nbsp;__fpl_fnaninf
<LI><a href="#[db]">&gt;&gt;</a>&nbsp;&nbsp;&nbsp;fsub_bzero
<LI><a href="#[da]">&gt;&gt;</a>&nbsp;&nbsp;&nbsp;fadd_zerodenorm
<LI><a href="#[d9]">&gt;&gt;</a>&nbsp;&nbsp;&nbsp;_fadd1
</UL>

<P><STRONG><a name="[d3]"></a>__funder</STRONG> (Thumb, 218 bytes, Stack size 0 bytes, funder_clz.o(x$fpl$funder), UNUSED)
<BR><BR>[Calls]<UL><LI><a href="#[c1]">&gt;&gt;</a>&nbsp;&nbsp;&nbsp;__rt_fp_status_addr
</UL>
<BR>[Called By]<UL><LI><a href="#[d2]">&gt;&gt;</a>&nbsp;&nbsp;&nbsp;_fdiv
</UL>

<P><STRONG><a name="[c7]"></a>__funder_d</STRONG> (Thumb, 80 bytes, Stack size 0 bytes, funder_clz.o(x$fpl$funder), UNUSED)
<BR><BR>[Calls]<UL><LI><a href="#[c2]">&gt;&gt;</a>&nbsp;&nbsp;&nbsp;_fp_trapveneer
<LI><a href="#[c1]">&gt;&gt;</a>&nbsp;&nbsp;&nbsp;__rt_fp_status_addr
</UL>
<BR>[Called By]<UL><LI><a href="#[c8]">&gt;&gt;</a>&nbsp;&nbsp;&nbsp;__fpl_fnaninf
<LI><a href="#[d8]">&gt;&gt;</a>&nbsp;&nbsp;&nbsp;_fsub
<LI><a href="#[c4]">&gt;&gt;</a>&nbsp;&nbsp;&nbsp;_fadd
</UL>

<P><STRONG><a name="[c3]"></a>__fpl_return_NaN</STRONG> (Thumb, 178 bytes, Stack size 0 bytes, retnan.o(x$fpl$retnan), UNUSED)
<BR><BR>[Calls]<UL><LI><a href="#[dc]">&gt;&gt;</a>&nbsp;&nbsp;&nbsp;__fpl_cmpreturn
</UL>
<BR>[Called By]<UL><LI><a href="#[c0]">&gt;&gt;</a>&nbsp;&nbsp;&nbsp;__fpl_exception
</UL>

<P><STRONG><a name="[c2]"></a>_fp_trapveneer</STRONG> (Thumb, 36 bytes, Stack size 0 bytes, trapv.o(x$fpl$trapveneer), UNUSED)
<BR><BR>[Calls]<UL><LI><a href="#[3a]">&gt;&gt;</a>&nbsp;&nbsp;&nbsp;_fp_trap
</UL>
<BR>[Called By]<UL><LI><a href="#[c7]">&gt;&gt;</a>&nbsp;&nbsp;&nbsp;__funder_d
<LI><a href="#[c0]">&gt;&gt;</a>&nbsp;&nbsp;&nbsp;__fpl_exception
</UL>

<P><STRONG><a name="[dc]"></a>__fpl_cmpreturn</STRONG> (Thumb, 108 bytes, Stack size 0 bytes, trapv.o(x$fpl$trapveneer), UNUSED)
<BR><BR>[Calls]<UL><LI><a href="#[c1]">&gt;&gt;</a>&nbsp;&nbsp;&nbsp;__rt_fp_status_addr
</UL>
<BR>[Called By]<UL><LI><a href="#[c3]">&gt;&gt;</a>&nbsp;&nbsp;&nbsp;__fpl_return_NaN
</UL>
<P>
<H3>
Local Symbols
</H3>
<P><STRONG><a name="[ba]"></a>__NVIC_SystemReset</STRONG> (Thumb, 42 bytes, Stack size 0 bytes, main.o(.text.__NVIC_SystemReset))
<BR><BR>[Called By]<UL><LI><a href="#[62]">&gt;&gt;</a>&nbsp;&nbsp;&nbsp;tenKhzRoutine
</UL>

<P><STRONG><a name="[d9]"></a>_fadd1</STRONG> (Thumb, 0 bytes, Stack size 0 bytes, faddsub_clz.o(x$fpl$fadd), UNUSED)
<BR><BR>[Called By]<UL><LI><a href="#[d8]">&gt;&gt;</a>&nbsp;&nbsp;&nbsp;_fsub
</UL>

<P><STRONG><a name="[da]"></a>fadd_zerodenorm</STRONG> (Thumb, 0 bytes, Stack size 0 bytes, faddsub_clz.o(x$fpl$fadd), UNUSED)
<BR><BR>[Called By]<UL><LI><a href="#[d8]">&gt;&gt;</a>&nbsp;&nbsp;&nbsp;_fsub
</UL>

<P><STRONG><a name="[db]"></a>fsub_bzero</STRONG> (Thumb, 0 bytes, Stack size 0 bytes, faddsub_clz.o(x$fpl$fadd), UNUSED)
<BR><BR>[Called By]<UL><LI><a href="#[d8]">&gt;&gt;</a>&nbsp;&nbsp;&nbsp;_fsub
</UL>

<P><STRONG><a name="[c5]"></a>_fsub1</STRONG> (Thumb, 0 bytes, Stack size 0 bytes, faddsub_clz.o(x$fpl$fsub), UNUSED)
<BR><BR>[Called By]<UL><LI><a href="#[c4]">&gt;&gt;</a>&nbsp;&nbsp;&nbsp;_fadd
</UL>

<P><STRONG><a name="[c6]"></a>fsub_zerodenorm</STRONG> (Thumb, 0 bytes, Stack size 0 bytes, faddsub_clz.o(x$fpl$fsub), UNUSED)
<BR><BR>[Called By]<UL><LI><a href="#[c4]">&gt;&gt;</a>&nbsp;&nbsp;&nbsp;_fadd
</UL>
<P>
<H3>
Undefined Global Symbols
</H3><HR></body></html>
