<html>
<body>
<pre>
<h1>µVision Build Log</h1>
<h2>Tool Versions:</h2>
IDE-Version: µVision V5.36.0.0
Copyright (C) 2021 ARM Ltd and ARM Germany GmbH. All rights reserved.
License Information: P S, Here, LIC=----
 
Tool Versions:
Toolchain:       MDK-Lite  Version: 5.36.0.0
Toolchain Path:  C:\Keil_v5\ARM\ARMCLANG\Bin
C Compiler:      ArmClang.exe V6.16
Assembler:       Armasm.exe V6.16
Linker/Locator:  ArmLink.exe V6.16
Library Manager: ArmAr.exe V6.16
Hex Converter:   FromElf.exe V6.16
CPU DLL:         SARMCM3.DLL V5.36.0.0
Dialog DLL:      DARMCM1.DLL V1.19.4.0
Target DLL:      UL2CM3.DLL V1.164.0.0
Dialog DLL:      TARMCM1.DLL V1.14.4.0
 
<h2>Project:</h2>
C:\Users\alkaz\My Drive\GITHUB_RELEASES\AM32_MULTI_MCU\Keil_Projects\Am32G071.uvprojx
Project File Date:  08/23/2023

<h2>Output:</h2>
*** Using Compiler 'V6.16', folder: 'C:\Keil_v5\ARM\ARMCLANG\Bin'
Build Project 'Am32G071' - Target 'GEN_64K_G071'
assembling startup_stm32g071xx.s...
compiling comparator.c...
compiling ADC.c...
compiling eeprom.c...
compiling IO.c...
compiling phaseouts.c...
compiling peripherals.c...
compiling system_stm32g0xx.c...
compiling serial_telemetry.c...
compiling stm32g0xx_it.c...
compiling WS2812.c...
compiling dshot.c...
compiling functions.c...
compiling signal.c...
compiling sounds.c...
compiling firmwareversion.c...
compiling main.c...
compiling stm32g0xx_ll_adc.c...
compiling stm32g0xx_ll_comp.c...
compiling stm32g0xx_ll_exti.c...
compiling stm32g0xx_ll_dma.c...
compiling stm32g0xx_ll_gpio.c...
compiling stm32g0xx_ll_pwr.c...
compiling stm32g0xx_ll_rcc.c...
compiling stm32g0xx_ll_usart.c...
compiling stm32g0xx_ll_tim.c...
compiling stm32g0xx_ll_utils.c...
linking...
Program Size: Code=21016 RO-data=364 RW-data=968 ZI-data=1952  
FromELF: creating hex file...
".\Objects\AM32_GEN_64K_G071.axf" - 0 Error(s), 0 Warning(s).

<h2>Software Packages used:</h2>

Package Vendor: ARM
                http://www.keil.com/pack/ARM.CMSIS.5.8.0.pack
                ARM.CMSIS.5.8.0
                CMSIS (Common Microcontroller Software Interface Standard)
   * Component: CORE Version: 5.5.0

Package Vendor: Keil
                http://www.keil.com/pack/Keil.STM32G0xx_DFP.1.4.0.pack
                Keil.STM32G0xx_DFP.1.4.0
                STMicroelectronics STM32G0 Series Device Support

<h2>Collection of Component include folders:</h2>
  .\RTE\_GEN_64K_G071
  C:\Users\alkaz\AppData\Local\Arm\Packs\ARM\CMSIS\5.8.0\CMSIS\Core\Include
  C:\Users\alkaz\AppData\Local\Arm\Packs\Keil\STM32G0xx_DFP\1.4.0\Drivers\CMSIS\Device\ST\STM32G0xx\Include

<h2>Collection of Component Files used:</h2>

   * Component: ARM::CMSIS:CORE:5.5.0
Build Time Elapsed:  00:00:25
</pre>
</body>
</html>
