Component: ARM Compiler 6.16 Tool: armlink [5dfeaa00]

==============================================================================

Section Cross References

    startup_stm32g071xx.o(RESET) refers to startup_stm32g071xx.o(STACK) for __initial_sp
    startup_stm32g071xx.o(RESET) refers to startup_stm32g071xx.o(.text) for Reset_Handler
    startup_stm32g071xx.o(RESET) refers to stm32g0xx_it.o(.text.NMI_Handler) for NMI_Handler
    startup_stm32g071xx.o(RESET) refers to stm32g0xx_it.o(.text.HardFault_Handler) for HardFault_Handler
    startup_stm32g071xx.o(RESET) refers to stm32g0xx_it.o(.text.SVC_Handler) for SVC_Handler
    startup_stm32g071xx.o(RESET) refers to stm32g0xx_it.o(.text.PendSV_Handler) for PendSV_Handler
    startup_stm32g071xx.o(RESET) refers to stm32g0xx_it.o(.text.SysTick_Handler) for SysTick_Handler
    startup_stm32g071xx.o(RESET) refers to stm32g0xx_it.o(.text.DMA1_Channel1_IRQHandler) for DMA1_Channel1_IRQHandler
    startup_stm32g071xx.o(RESET) refers to stm32g0xx_it.o(.text.DMA1_Channel2_3_IRQHandler) for DMA1_Channel2_3_IRQHandler
    startup_stm32g071xx.o(RESET) refers to stm32g0xx_it.o(.text.DMA1_Ch4_7_DMAMUX1_OVR_IRQHandler) for DMA1_Ch4_7_DMAMUX1_OVR_IRQHandler
    startup_stm32g071xx.o(RESET) refers to stm32g0xx_it.o(.text.ADC1_COMP_IRQHandler) for ADC1_COMP_IRQHandler
    startup_stm32g071xx.o(RESET) refers to stm32g0xx_it.o(.text.TIM3_IRQHandler) for TIM3_IRQHandler
    startup_stm32g071xx.o(RESET) refers to stm32g0xx_it.o(.text.TIM6_DAC_LPTIM1_IRQHandler) for TIM6_DAC_LPTIM1_IRQHandler
    startup_stm32g071xx.o(RESET) refers to stm32g0xx_it.o(.text.TIM14_IRQHandler) for TIM14_IRQHandler
    startup_stm32g071xx.o(RESET) refers to stm32g0xx_it.o(.text.TIM16_IRQHandler) for TIM16_IRQHandler
    startup_stm32g071xx.o(.text) refers to system_stm32g0xx.o(.text.SystemInit) for SystemInit
    startup_stm32g071xx.o(.text) refers to entry.o(.ARM.Collect$$$$00000000) for __main
    adc.o(.text.ADC_DMA_Callback) refers to adc.o(.bss.ADCDataDMA) for ADCDataDMA
    adc.o(.text.ADC_DMA_Callback) refers to main.o(.bss..L_MergedGlobals.2) for ADC_raw_temp
    adc.o(.ARM.exidx.text.ADC_DMA_Callback) refers to adc.o(.text.ADC_DMA_Callback) for [Anonymous Symbol]
    adc.o(.text.enableADC_DMA) refers to adc.o(.bss.ADCDataDMA) for ADCDataDMA
    adc.o(.ARM.exidx.text.enableADC_DMA) refers to adc.o(.text.enableADC_DMA) for [Anonymous Symbol]
    adc.o(.text.activateADC) refers to uidiv_div0.o(.text) for __aeabi_uidiv
    adc.o(.text.activateADC) refers to system_stm32g0xx.o(.data.SystemCoreClock) for SystemCoreClock
    adc.o(.ARM.exidx.text.activateADC) refers to adc.o(.text.activateADC) for [Anonymous Symbol]
    adc.o(.text.ADC_Init) refers to stm32g0xx_ll_gpio.o(.text.LL_GPIO_Init) for LL_GPIO_Init
    adc.o(.text.ADC_Init) refers to stm32g0xx_ll_adc.o(.text.LL_ADC_REG_Init) for LL_ADC_REG_Init
    adc.o(.text.ADC_Init) refers to stm32g0xx_ll_adc.o(.text.LL_ADC_Init) for LL_ADC_Init
    adc.o(.ARM.exidx.text.ADC_Init) refers to adc.o(.text.ADC_Init) for [Anonymous Symbol]
    comparator.o(.text.getCompOutputLevel) refers to comparator.o(.data..L_MergedGlobals) for [Anonymous Symbol]
    comparator.o(.ARM.exidx.text.getCompOutputLevel) refers to comparator.o(.text.getCompOutputLevel) for [Anonymous Symbol]
    comparator.o(.ARM.exidx.text.maskPhaseInterrupts) refers to comparator.o(.text.maskPhaseInterrupts) for [Anonymous Symbol]
    comparator.o(.text.enableCompInterrupts) refers to comparator.o(.data..L_MergedGlobals) for [Anonymous Symbol]
    comparator.o(.ARM.exidx.text.enableCompInterrupts) refers to comparator.o(.text.enableCompInterrupts) for [Anonymous Symbol]
    comparator.o(.text.changeCompInput) refers to main.o(.data..L_MergedGlobals) for step
    comparator.o(.text.changeCompInput) refers to comparator.o(.data..L_MergedGlobals) for [Anonymous Symbol]
    comparator.o(.ARM.exidx.text.changeCompInput) refers to comparator.o(.text.changeCompInput) for [Anonymous Symbol]
    eeprom.o(.text.save_flash_nolib) refers to memseta.o(.text) for __aeabi_memclr4
    eeprom.o(.text.save_flash_nolib) refers to eeprom.o(.data..L_MergedGlobals) for [Anonymous Symbol]
    eeprom.o(.ARM.exidx.text.save_flash_nolib) refers to eeprom.o(.text.save_flash_nolib) for [Anonymous Symbol]
    eeprom.o(.ARM.exidx.text.read_flash_bin) refers to eeprom.o(.text.read_flash_bin) for [Anonymous Symbol]
    io.o(.text.changeToInput) refers to io.o(.data.ic_timer_prescaler) for ic_timer_prescaler
    io.o(.text.changeToInput) refers to io.o(.bss.out_put) for out_put
    io.o(.ARM.exidx.text.changeToInput) refers to io.o(.text.changeToInput) for [Anonymous Symbol]
    io.o(.text.receiveDshotDma) refers to io.o(.data.ic_timer_prescaler) for ic_timer_prescaler
    io.o(.text.receiveDshotDma) refers to io.o(.bss.out_put) for out_put
    io.o(.text.receiveDshotDma) refers to io.o(.bss.dma_buffer) for dma_buffer
    io.o(.text.receiveDshotDma) refers to signal.o(.data..L_MergedGlobals) for buffersize
[...]
    [Anonymous Symbol]                       0x08002f70   Section        0  main.o(.text.commutate)
    __arm_cp.6_0                             0x080030a8   Number         4  main.o(.text.commutate)
    __arm_cp.6_1                             0x080030ac   Number         4  main.o(.text.commutate)
    __arm_cp.6_2                             0x080030b0   Number         4  main.o(.text.commutate)
    __arm_cp.6_3                             0x080030b4   Number         4  main.o(.text.commutate)
    __arm_cp.6_4                             0x080030b8   Number         4  main.o(.text.commutate)
    __arm_cp.6_5                             0x080030bc   Number         4  main.o(.text.commutate)
    __arm_cp.6_6                             0x080030c0   Number         4  main.o(.text.commutate)
    [Anonymous Symbol]                       0x080030c4   Section        0  dshot.o(.text.computeDshotDMA)
    __arm_cp.0_0                             0x08003428   Number         4  dshot.o(.text.computeDshotDMA)
    __arm_cp.0_1                             0x0800342c   Number         4  dshot.o(.text.computeDshotDMA)
    __arm_cp.0_2                             0x08003430   Number         4  dshot.o(.text.computeDshotDMA)
    __arm_cp.0_3                             0x08003434   Number         4  dshot.o(.text.computeDshotDMA)
    __arm_cp.0_5                             0x08003438   Number         4  dshot.o(.text.computeDshotDMA)
    __arm_cp.0_6                             0x0800343c   Number         4  dshot.o(.text.computeDshotDMA)
    __arm_cp.0_8                             0x08003440   Number         4  dshot.o(.text.computeDshotDMA)
    __arm_cp.0_9                             0x08003444   Number         4  dshot.o(.text.computeDshotDMA)
    __arm_cp.0_10                            0x08003448   Number         4  dshot.o(.text.computeDshotDMA)
    __arm_cp.0_12                            0x0800344c   Number         4  dshot.o(.text.computeDshotDMA)
    __arm_cp.0_13                            0x08003450   Number         4  dshot.o(.text.computeDshotDMA)
    [Anonymous Symbol]                       0x08003454   Section        0  signal.o(.text.computeServoInput)
    __arm_cp.1_1                             0x080035b4   Number         4  signal.o(.text.computeServoInput)
    __arm_cp.1_2                             0x080035b8   Number         4  signal.o(.text.computeServoInput)
    __arm_cp.1_3                             0x080035bc   Number         4  signal.o(.text.computeServoInput)
    __arm_cp.1_5                             0x080035c0   Number         4  signal.o(.text.computeServoInput)
    __arm_cp.1_6                             0x080035c4   Number         4  signal.o(.text.computeServoInput)
    __arm_cp.1_7                             0x080035c8   Number         4  signal.o(.text.computeServoInput)
    __arm_cp.1_8                             0x080035cc   Number         4  signal.o(.text.computeServoInput)
    __arm_cp.1_9                             0x080035d0   Number         4  signal.o(.text.computeServoInput)
    __arm_cp.1_10                            0x080035d4   Number         4  signal.o(.text.computeServoInput)
    __arm_cp.1_11                            0x080035d8   Number         4  signal.o(.text.computeServoInput)
    __arm_cp.1_12                            0x080035dc   Number         4  signal.o(.text.computeServoInput)
    __arm_cp.1_13                            0x080035e0   Number         4  signal.o(.text.computeServoInput)
    [Anonymous Symbol]                       0x080035e4   Section        0  functions.o(.text.delayMicros)
    __arm_cp.2_0                             0x080035f4   Number         4  functions.o(.text.delayMicros)
    [Anonymous Symbol]                       0x080035f8   Section        0  functions.o(.text.delayMillis)
    __arm_cp.3_0                             0x08003620   Number         4  functions.o(.text.delayMillis)
    [Anonymous Symbol]                       0x08003624   Section        0  signal.o(.text.detectInput)
    __arm_cp.5_0                             0x08003768   Number         4  signal.o(.text.detectInput)
    __arm_cp.5_1                             0x0800376c   Number         4  signal.o(.text.detectInput)
    __arm_cp.5_2                             0x08003770   Number         4  signal.o(.text.detectInput)
    __arm_cp.5_3                             0x08003774   Number         4  signal.o(.text.detectInput)
    __arm_cp.5_4                             0x08003778   Number         4  signal.o(.text.detectInput)
    __arm_cp.5_5                             0x0800377c   Number         4  signal.o(.text.detectInput)
    __arm_cp.5_6                             0x08003780   Number         4  signal.o(.text.detectInput)
    __arm_cp.5_7                             0x08003784   Number         4  signal.o(.text.detectInput)
    __arm_cp.5_8                             0x08003788   Number         4  signal.o(.text.detectInput)
    [Anonymous Symbol]                       0x0800378c   Section        0  peripherals.o(.text.disableComTimerInt)
    [Anonymous Symbol]                       0x08003798   Section        0  adc.o(.text.enableADC_DMA)
    __arm_cp.1_0                             0x080037e0   Number         4  adc.o(.text.enableADC_DMA)
    __arm_cp.1_1                             0x080037e4   Number         4  adc.o(.text.enableADC_DMA)
    __arm_cp.1_2                             0x080037e8   Number         4  adc.o(.text.enableADC_DMA)
    __arm_cp.1_3                             0x080037ec   Number         4  adc.o(.text.enableADC_DMA)
    __arm_cp.1_4                             0x080037f0   Number         4  adc.o(.text.enableADC_DMA)
    __arm_cp.1_5                             0x080037f4   Number         4  adc.o(.text.enableADC_DMA)
    [Anonymous Symbol]                       0x080037f8   Section        0  comparator.o(.text.enableCompInterrupts)
    __arm_cp.2_1                             0x08003808   Number         4  comparator.o(.text.enableCompInterrupts)
    [Anonymous Symbol]                       0x0800380c   Section        0  peripherals.o(.text.enableCorePeripherals)
    __arm_cp.29_0                            0x08003914   Number         4  peripherals.o(.text.enableCorePeripherals)
    __arm_cp.29_1                            0x08003918   Number         4  peripherals.o(.text.enableCorePeripherals)
    __arm_cp.29_2                            0x0800391c   Number         4  peripherals.o(.text.enableCorePeripherals)
    __arm_cp.29_5                            0x08003920   Number         4  peripherals.o(.text.enableCorePeripherals)
    __arm_cp.29_6                            0x08003924   Number         4  peripherals.o(.text.enableCorePeripherals)
    __arm_cp.29_7                            0x08003928   Number         4  peripherals.o(.text.enableCorePeripherals)
    [Anonymous Symbol]                       0x0800392c   Section        0  io.o(.text.enableHalfTransferInt)
    __arm_cp.8_0                             0x08003938   Number         4  io.o(.text.enableHalfTransferInt)
    [Anonymous Symbol]                       0x0800393c   Section        0  phaseouts.o(.text.fullBrake)
    __arm_cp.12_0                            0x080039a4   Number         4  phaseouts.o(.text.fullBrake)
    [Anonymous Symbol]                       0x080039a8   Section        0  peripherals.o(.text.generatePwmTimerEvent)
    __arm_cp.27_0                            0x080039b4   Number         4  peripherals.o(.text.generatePwmTimerEvent)
    [Anonymous Symbol]                       0x080039b8   Section        0  functions.o(.text.getAbsDif)
    [Anonymous Symbol]                       0x080039c4   Section        0  comparator.o(.text.getCompOutputLevel)
    __arm_cp.0_0                             0x080039d0   Number         4  comparator.o(.text.getCompOutputLevel)
    [Anonymous Symbol]                       0x080039d4   Section        0  io.o(.text.getInputPinState)
    __arm_cp.4_0                             0x080039e0   Number         4  io.o(.text.getInputPinState)
    [Anonymous Symbol]                       0x080039e4   Section        0  peripherals.o(.text.getintervaTimerCount)
    __arm_cp.19_0                            0x080039ec   Number         4  peripherals.o(.text.getintervaTimerCount)
    [Anonymous Symbol]                       0x080039f0   Section        0  peripherals.o(.text.initAfterJump)
    __arm_cp.11_0                            0x080039fc   Number         4  peripherals.o(.text.initAfterJump)
    __arm_cp.11_1                            0x08003a00   Number         4  peripherals.o(.text.initAfterJump)
    [Anonymous Symbol]                       0x08003a04   Section        0  peripherals.o(.text.initCorePeripherals)
    __arm_cp.0_0                             0x08003c00   Number         4  peripherals.o(.text.initCorePeripherals)
    __arm_cp.0_1                             0x08003c04   Number         4  peripherals.o(.text.initCorePeripherals)
    __arm_cp.0_2                             0x08003c08   Number         4  peripherals.o(.text.initCorePeripherals)
    __arm_cp.0_3                             0x08003c0c   Number         4  peripherals.o(.text.initCorePeripherals)
    __arm_cp.0_4                             0x08003c10   Number         4  peripherals.o(.text.initCorePeripherals)
    __arm_cp.0_5                             0x08003c14   Number         4  peripherals.o(.text.initCorePeripherals)
    __arm_cp.0_6                             0x08003c18   Number         4  peripherals.o(.text.initCorePeripherals)
    __arm_cp.0_7                             0x08003c1c   Number         4  peripherals.o(.text.initCorePeripherals)
    __arm_cp.0_8                             0x08003c20   Number         4  peripherals.o(.text.initCorePeripherals)
    __arm_cp.0_9                             0x08003c24   Number         4  peripherals.o(.text.initCorePeripherals)
    __arm_cp.0_10                            0x08003c28   Number         4  peripherals.o(.text.initCorePeripherals)
    __arm_cp.0_11                            0x08003c2c   Number         4  peripherals.o(.text.initCorePeripherals)
    [Anonymous Symbol]                       0x08003c30   Section        0  main.o(.text.interruptRoutine)
    __arm_cp.8_1                             0x08003cd8   Number         4  main.o(.text.interruptRoutine)
    [Anonymous Symbol]                       0x08003cdc   Section        0  main.o(.text.loadEEpromSettings)
    __arm_cp.2_0                             0x08003f80   Number         4  main.o(.text.loadEEpromSettings)
    __arm_cp.2_1                             0x08003f84   Number         4  main.o(.text.loadEEpromSettings)
    __arm_cp.2_2                             0x08003f88   Number         4  main.o(.text.loadEEpromSettings)
    __arm_cp.2_3                             0x08003f8c   Number         4  main.o(.text.loadEEpromSettings)
    __arm_cp.2_4                             0x08003f90   Number         4  main.o(.text.loadEEpromSettings)
    __arm_cp.2_5                             0x08003f94   Number         4  main.o(.text.loadEEpromSettings)
    __arm_cp.2_6                             0x08003f98   Number         4  main.o(.text.loadEEpromSettings)
    __arm_cp.2_7                             0x08003f9c   Number         4  main.o(.text.loadEEpromSettings)
    __arm_cp.2_8                             0x08003fa0   Number         4  main.o(.text.loadEEpromSettings)
    __arm_cp.2_9                             0x08003fa4   Number         4  main.o(.text.loadEEpromSettings)
    __arm_cp.2_10                            0x08003fa8   Number         4  main.o(.text.loadEEpromSettings)
    __arm_cp.2_11                            0x08003fac   Number         4  main.o(.text.loadEEpromSettings)
    __arm_cp.2_12                            0x08003fb0   Number         4  main.o(.text.loadEEpromSettings)
    __arm_cp.2_13                            0x08003fb4   Number         4  main.o(.text.loadEEpromSettings)
    __arm_cp.2_14                            0x08003fb8   Number         4  main.o(.text.loadEEpromSettings)
    [Anonymous Symbol]                       0x08003fbc   Section        0  main.o(.text.main)
    __arm_cp.13_24                           0x08004390   Number         4  main.o(.text.main)
    __arm_cp.13_25                           0x08004394   Number         4  main.o(.text.main)
    __arm_cp.13_26                           0x08004398   Number         4  main.o(.text.main)
    __arm_cp.13_27                           0x0800439c   Number         4  main.o(.text.main)
    __arm_cp.13_29                           0x080043a4   Number         4  main.o(.text.main)
    __arm_cp.13_32                           0x080043b0   Number         4  main.o(.text.main)
    __arm_cp.13_34                           0x080043b8   Number         4  main.o(.text.main)
    __arm_cp.13_35                           0x080043bc   Number         4  main.o(.text.main)
    __arm_cp.13_36                           0x080043c0   Number         4  main.o(.text.main)
    __arm_cp.13_37                           0x080043c4   Number         4  main.o(.text.main)
    __arm_cp.13_38                           0x080043c8   Number         4  main.o(.text.main)
    __arm_cp.13_39                           0x080043cc   Number         4  main.o(.text.main)
    __arm_cp.13_40                           0x080043d0   Number         4  main.o(.text.main)
    __arm_cp.13_41                           0x080043d4   Number         4  main.o(.text.main)
    __arm_cp.13_42                           0x080043d8   Number         4  main.o(.text.main)
    __arm_cp.13_4                            0x0800472c   Number         4  main.o(.text.main)
    __arm_cp.13_6                            0x08004730   Number         4  main.o(.text.main)
    __arm_cp.13_7                            0x08004734   Number         4  main.o(.text.main)
    __arm_cp.13_8                            0x08004738   Number         4  main.o(.text.main)
    __arm_cp.13_12                           0x0800473c   Number         4  main.o(.text.main)
    __arm_cp.13_14                           0x08004740   Number         4  main.o(.text.main)
    __arm_cp.13_21                           0x08004744   Number         4  main.o(.text.main)
    __arm_cp.13_22                           0x08004748   Number         4  main.o(.text.main)
    __arm_cp.13_23                           0x0800474c   Number         4  main.o(.text.main)
    [Anonymous Symbol]                       0x08004750   Section        0  serial_telemetry.o(.text.makeTelemPackage)
    __arm_cp.4_0                             0x08004d7c   Number         4  serial_telemetry.o(.text.makeTelemPackage)
    [Anonymous Symbol]                       0x08004d80   Section        0  dshot.o(.text.make_dshot_package)
    __arm_cp.1_0                             0x08004f18   Number         4  dshot.o(.text.make_dshot_package)
    __arm_cp.1_1                             0x08004f1c   Number         4  dshot.o(.text.make_dshot_package)
    __arm_cp.1_2                             0x08004f20   Number         4  dshot.o(.text.make_dshot_package)
    __arm_cp.1_3                             0x08004f24   Number         4  dshot.o(.text.make_dshot_package)
    __arm_cp.1_4                             0x08004f28   Number         4  dshot.o(.text.make_dshot_package)
    __arm_cp.1_5                             0x08004f2c   Number         4  dshot.o(.text.make_dshot_package)
    __arm_cp.1_6                             0x08004f30   Number         4  dshot.o(.text.make_dshot_package)
    [Anonymous Symbol]                       0x08004f34   Section        0  functions.o(.text.map)
    [Anonymous Symbol]                       0x08004f5c   Section        0  comparator.o(.text.maskPhaseInterrupts)
    __arm_cp.1_0                             0x08004f74   Number         4  comparator.o(.text.maskPhaseInterrupts)
    [Anonymous Symbol]                       0x08004f78   Section        0  sounds.o(.text.playBeaconTune3)
    [Anonymous Symbol]                       0x08004fd4   Section        0  sounds.o(.text.playBlueJayTune)
    __arm_cp.5_1                             0x080050a4   Number         4  sounds.o(.text.playBlueJayTune)
    __arm_cp.5_2                             0x080050a8   Number         4  sounds.o(.text.playBlueJayTune)
    __arm_cp.5_3                             0x080050ac   Number         4  sounds.o(.text.playBlueJayTune)
    __arm_cp.5_6                             0x080050b0   Number         4  sounds.o(.text.playBlueJayTune)
    [Anonymous Symbol]                       0x080050b4   Section        0  sounds.o(.text.playChangedTone)
    [Anonymous Symbol]                       0x08005104   Section        0  sounds.o(.text.playDefaultTone)
    [Anonymous Symbol]                       0x08005154   Section        0  sounds.o(.text.playInputTune)
    [Anonymous Symbol]                       0x080051b8   Section        0  sounds.o(.text.playInputTune2)
    [Anonymous Symbol]                       0x08005220   Section        0  sounds.o(.text.playStartupTune)
    __arm_cp.6_0                             0x08005298   Number         4  sounds.o(.text.playStartupTune)
    __arm_cp.6_1                             0x0800529c   Number         4  sounds.o(.text.playStartupTune)
    __arm_cp.6_2                             0x080052a0   Number         4  sounds.o(.text.playStartupTune)
    __arm_cp.6_3                             0x080052a4   Number         4  sounds.o(.text.playStartupTune)
    __arm_cp.6_4                             0x080052a8   Number         4  sounds.o(.text.playStartupTune)
    [Anonymous Symbol]                       0x080052ac   Section        0  phaseouts.o(.text.proportionalBrake)
    __arm_cp.0_0                             0x0800530c   Number         4  phaseouts.o(.text.proportionalBrake)
    [Anonymous Symbol]                       0x08005310   Section        0  eeprom.o(.text.read_flash_bin)
    [Anonymous Symbol]                       0x08005324   Section        0  io.o(.text.receiveDshotDma)
    __arm_cp.1_3                             0x080053c0   Number         4  io.o(.text.receiveDshotDma)
    __arm_cp.1_4                             0x080053c4   Number         4  io.o(.text.receiveDshotDma)
    __arm_cp.1_5                             0x080053c8   Number         4  io.o(.text.receiveDshotDma)
    __arm_cp.1_6                             0x080053cc   Number         4  io.o(.text.receiveDshotDma)
    __arm_cp.1_9                             0x080053d0   Number         4  io.o(.text.receiveDshotDma)
    __arm_cp.1_10                            0x080053d4   Number         4  io.o(.text.receiveDshotDma)
    [Anonymous Symbol]                       0x080053d8   Section        0  peripherals.o(.text.reloadWatchDogCounter)
    __arm_cp.15_0                            0x080053e0   Number         4  peripherals.o(.text.reloadWatchDogCounter)
    __arm_cp.15_1                            0x080053e4   Number         4  peripherals.o(.text.reloadWatchDogCounter)
    [Anonymous Symbol]                       0x080053e8   Section        0  peripherals.o(.text.resetInputCaptureTimer)
    __arm_cp.28_0                            0x080053f4   Number         4  peripherals.o(.text.resetInputCaptureTimer)
    [Anonymous Symbol]                       0x080053f8   Section        0  main.o(.text.saveEEpromSettings)
    __arm_cp.3_0                             0x08005450   Number         4  main.o(.text.saveEEpromSettings)
    __arm_cp.3_1                             0x08005454   Number         4  main.o(.text.saveEEpromSettings)
    __arm_cp.3_2                             0x08005458   Number         4  main.o(.text.saveEEpromSettings)
    __arm_cp.3_3                             0x0800545c   Number         4  main.o(.text.saveEEpromSettings)
    [Anonymous Symbol]                       0x08005460   Section        0  eeprom.o(.text.save_flash_nolib)
    __arm_cp.0_0                             0x080055a8   Number         4  eeprom.o(.text.save_flash_nolib)
    __arm_cp.0_1                             0x080055ac   Number         4  eeprom.o(.text.save_flash_nolib)
    [Anonymous Symbol]                       0x080055b0   Section        0  io.o(.text.sendDshotDma)
    __arm_cp.3_0                             0x0800565c   Number         4  io.o(.text.sendDshotDma)
    __arm_cp.3_1                             0x08005660   Number         4  io.o(.text.sendDshotDma)
    __arm_cp.3_2                             0x08005664   Number         4  io.o(.text.sendDshotDma)
    __arm_cp.3_4                             0x08005668   Number         4  io.o(.text.sendDshotDma)
    __arm_cp.3_5                             0x0800566c   Number         4  io.o(.text.sendDshotDma)
    __arm_cp.3_6                             0x08005670   Number         4  io.o(.text.sendDshotDma)
    __arm_cp.3_7                             0x08005674   Number         4  io.o(.text.sendDshotDma)
    __arm_cp.3_8                             0x08005678   Number         4  io.o(.text.sendDshotDma)
    __arm_cp.3_9                             0x0800567c   Number         4  io.o(.text.sendDshotDma)
    [Anonymous Symbol]                       0x08005680   Section        0  ws2812.o(.text.send_LED_RGB)
    __arm_cp.1_0                             0x080057e0   Number         4  ws2812.o(.text.send_LED_RGB)
    __arm_cp.1_1                             0x080057e4   Number         4  ws2812.o(.text.send_LED_RGB)
    __arm_cp.1_2                             0x080057e8   Number         4  ws2812.o(.text.send_LED_RGB)
    __arm_cp.1_3                             0x080057ec   Number         4  ws2812.o(.text.send_LED_RGB)
    __arm_cp.1_4                             0x080057f0   Number         4  ws2812.o(.text.send_LED_RGB)
    [Anonymous Symbol]                       0x080057f4   Section        0  serial_telemetry.o(.text.send_telem_DMA)
    __arm_cp.1_0                             0x08005830   Number         4  serial_telemetry.o(.text.send_telem_DMA)
    __arm_cp.1_2                             0x08005834   Number         4  serial_telemetry.o(.text.send_telem_DMA)
    [Anonymous Symbol]                       0x08005838   Section        0  peripherals.o(.text.setAndEnableComInt)
    __arm_cp.18_0                            0x0800584c   Number         4  peripherals.o(.text.setAndEnableComInt)
    [Anonymous Symbol]                       0x08005850   Section        0  peripherals.o(.text.setAutoReloadPWM)
    __arm_cp.22_0                            0x08005858   Number         4  peripherals.o(.text.setAutoReloadPWM)
    [Anonymous Symbol]                       0x0800585c   Section        0  peripherals.o(.text.setDutyCycleAll)
    [Anonymous Symbol]                       0x08005868   Section        0  io.o(.text.setInputPolarityRising)
    __arm_cp.5_0                             0x08005874   Number         4  io.o(.text.setInputPolarityRising)
    [Anonymous Symbol]                       0x08005878   Section        0  peripherals.o(.text.setPWMCompare1)
    __arm_cp.24_0                            0x08005880   Number         4  peripherals.o(.text.setPWMCompare1)
    [Anonymous Symbol]                       0x08005884   Section        0  peripherals.o(.text.setPWMCompare2)
    __arm_cp.25_0                            0x0800588c   Number         4  peripherals.o(.text.setPWMCompare2)
    [Anonymous Symbol]                       0x08005890   Section        0  peripherals.o(.text.setPWMCompare3)
    __arm_cp.26_0                            0x08005898   Number         4  peripherals.o(.text.setPWMCompare3)
    [Anonymous Symbol]                       0x0800589c   Section        0  peripherals.o(.text.setPrescalerPWM)
    __arm_cp.21_0                            0x080058a4   Number         4  peripherals.o(.text.setPrescalerPWM)
    [Anonymous Symbol]                       0x080058a8   Section        0  sounds.o(.text.setVolume)
    __arm_cp.1_0                             0x080058b8   Number         4  sounds.o(.text.setVolume)
    [Anonymous Symbol]                       0x080058bc   Section        0  peripherals.o(.text.setintervaTimerCount)
    __arm_cp.20_0                            0x080058c4   Number         4  peripherals.o(.text.setintervaTimerCount)
    [Anonymous Symbol]                       0x080058c8   Section        0  serial_telemetry.o(.text.telem_UART_Init)
    __arm_cp.0_0                             0x08005a24   Number         4  serial_telemetry.o(.text.telem_UART_Init)
    __arm_cp.0_1                             0x08005a28   Number         4  serial_telemetry.o(.text.telem_UART_Init)
    __arm_cp.0_2                             0x08005a2c   Number         4  serial_telemetry.o(.text.telem_UART_Init)
    __arm_cp.0_3                             0x08005a30   Number         4  serial_telemetry.o(.text.telem_UART_Init)
    __arm_cp.0_4                             0x08005a34   Number         4  serial_telemetry.o(.text.telem_UART_Init)
    __arm_cp.0_5                             0x08005a38   Number         4  serial_telemetry.o(.text.telem_UART_Init)
    __arm_cp.0_6                             0x08005a3c   Number         4  serial_telemetry.o(.text.telem_UART_Init)
    __arm_cp.0_7                             0x08005a40   Number         4  serial_telemetry.o(.text.telem_UART_Init)
    __arm_cp.0_8                             0x08005a44   Number         4  serial_telemetry.o(.text.telem_UART_Init)
    __arm_cp.0_9                             0x08005a48   Number         4  serial_telemetry.o(.text.telem_UART_Init)
    __arm_cp.0_10                            0x08005a4c   Number         4  serial_telemetry.o(.text.telem_UART_Init)
    [Anonymous Symbol]                       0x08005a50   Section        0  main.o(.text.tenKhzRoutine)
    __arm_cp.10_24                           0x08005e28   Number         4  main.o(.text.tenKhzRoutine)
    __arm_cp.10_28                           0x08005e38   Number         4  main.o(.text.tenKhzRoutine)
    __arm_cp.10_29                           0x08005e3c   Number         4  main.o(.text.tenKhzRoutine)
    __arm_cp.10_31                           0x08005e44   Number         4  main.o(.text.tenKhzRoutine)
    __arm_cp.10_32                           0x08005e48   Number         4  main.o(.text.tenKhzRoutine)
    __arm_cp.10_33                           0x08005e4c   Number         4  main.o(.text.tenKhzRoutine)
    __arm_cp.10_34                           0x08005e50   Number         4  main.o(.text.tenKhzRoutine)
    __arm_cp.10_35                           0x08005e54   Number         4  main.o(.text.tenKhzRoutine)
    __arm_cp.10_36                           0x08006210   Number         4  main.o(.text.tenKhzRoutine)
    __arm_cp.10_39                           0x0800621c   Number         4  main.o(.text.tenKhzRoutine)
    __arm_cp.10_40                           0x08006220   Number         4  main.o(.text.tenKhzRoutine)
    __arm_cp.10_41                           0x08006224   Number         4  main.o(.text.tenKhzRoutine)
    __arm_cp.10_42                           0x08006228   Number         4  main.o(.text.tenKhzRoutine)
    __arm_cp.10_43                           0x0800622c   Number         4  main.o(.text.tenKhzRoutine)
    __arm_cp.10_1                            0x08006408   Number         4  main.o(.text.tenKhzRoutine)
    __arm_cp.10_3                            0x0800640c   Number         4  main.o(.text.tenKhzRoutine)
    __arm_cp.10_8                            0x08006410   Number         4  main.o(.text.tenKhzRoutine)
    __arm_cp.10_13                           0x08006414   Number         4  main.o(.text.tenKhzRoutine)
    __arm_cp.10_17                           0x08006418   Number         4  main.o(.text.tenKhzRoutine)
    __arm_cp.10_18                           0x0800641c   Number         4  main.o(.text.tenKhzRoutine)
    __arm_cp.10_20                           0x08006420   Number         4  main.o(.text.tenKhzRoutine)
    __arm_cp.10_21                           0x08006424   Number         4  main.o(.text.tenKhzRoutine)
    __arm_cp.10_22                           0x08006428   Number         4  main.o(.text.tenKhzRoutine)
    __arm_cp.10_23                           0x0800642c   Number         4  main.o(.text.tenKhzRoutine)
    [Anonymous Symbol]                       0x08006430   Section        0  signal.o(.text.transfercomplete)
    __arm_cp.2_0                             0x08006528   Number         4  signal.o(.text.transfercomplete)
    __arm_cp.2_1                             0x0800652c   Number         4  signal.o(.text.transfercomplete)
    __arm_cp.2_2                             0x08006530   Number         4  signal.o(.text.transfercomplete)
    __arm_cp.2_3                             0x08006534   Number         4  signal.o(.text.transfercomplete)
    __arm_cp.2_4                             0x08006538   Number         4  signal.o(.text.transfercomplete)
    __arm_cp.2_5                             0x0800653c   Number         4  signal.o(.text.transfercomplete)
    __arm_cp.2_6                             0x08006540   Number         4  signal.o(.text.transfercomplete)
    __arm_cp.2_7                             0x08006544   Number         4  signal.o(.text.transfercomplete)
    __arm_cp.2_8                             0x08006548   Number         4  signal.o(.text.transfercomplete)
    __arm_cp.2_9                             0x0800654c   Number         4  signal.o(.text.transfercomplete)
    __arm_cp.2_10                            0x08006550   Number         4  signal.o(.text.transfercomplete)
    i.__scatterload_copy                     0x08006554   Section       14  handlers.o(i.__scatterload_copy)
    i.__scatterload_null                     0x08006562   Section        2  handlers.o(i.__scatterload_null)
    i.__scatterload_zeroinit                 0x08006564   Section       14  handlers.o(i.__scatterload_zeroinit)
    [Anonymous Symbol]                       0x20000000   Section        0  comparator.o(.data..L_MergedGlobals)
    [Anonymous Symbol]                       0x20000008   Section        0  eeprom.o(.data..L_MergedGlobals)
    [Anonymous Symbol]                       0x20000010   Section        0  main.o(.data..L_MergedGlobals)
    [Anonymous Symbol]                       0x2000006c   Section        0  signal.o(.data..L_MergedGlobals)
    [Anonymous Symbol]                       0x20000070   Section        0  main.o(.data..L_MergedGlobals.1)
    [Anonymous Symbol]                       0x20000408   Section        0  dshot.o(.bss..L_MergedGlobals)
    [Anonymous Symbol]                       0x20000464   Section        0  signal.o(.bss..L_MergedGlobals.1)
    [Anonymous Symbol]                       0x20000478   Section        0  main.o(.bss..L_MergedGlobals.2)
    [Anonymous Symbol]                       0x200004f4   Section        0  main.o(.bss..L_MergedGlobals.3)
    STACK                                    0x200007a8   Section     1024  startup_stm32g071xx.o(STACK)

    Global Symbols

    Symbol Name                              Value     Ov Type        Size  Object(Section)

    BuildAttributes$$THM_ISAv3M$S$PE$A:L22$X:L11$S22$IEEE1$IW$~IW$USESV6$~STKCKD$USESV7$~SHL$OTIME$ROPI$EBA8$MICROLIB$REQ8$PRES8$EABIv2 0x00000000   Number         0  anon$$obj.o ABSOLUTE
    __cpp_initialize__aeabi_                  - Undefined Weak Reference
    __cxa_finalize                            - Undefined Weak Reference
    _clock_init                               - Undefined Weak Reference
    _microlib_exit                            - Undefined Weak Reference
    __Vectors_Size                           0x000000bc   Number         0  startup_stm32g071xx.o ABSOLUTE
    __Vectors                                0x08001000   Data           4  startup_stm32g071xx.o(RESET)
    __Vectors_End                            0x080010bc   Data           0  startup_stm32g071xx.o(RESET)
    __main                                   0x080010bd   Thumb Code     0  entry.o(.ARM.Collect$$$$00000000)
    _main_stk                                0x080010bd   Thumb Code     0  entry2.o(.ARM.Collect$$$$00000001)
    _main_scatterload                        0x080010c1   Thumb Code     0  entry5.o(.ARM.Collect$$$$00000004)
    __main_after_scatterload                 0x080010c5   Thumb Code     0  entry5.o(.ARM.Collect$$$$00000004)
    _main_clock                              0x080010c5   Thumb Code     0  entry7b.o(.ARM.Collect$$$$00000008)
    _main_cpp_init                           0x080010c5   Thumb Code     0  entry8b.o(.ARM.Collect$$$$0000000A)
    _main_init                               0x080010c5   Thumb Code     0  entry9a.o(.ARM.Collect$$$$0000000B)
    __rt_final_cpp                           0x080010cd   Thumb Code     0  entry10a.o(.ARM.Collect$$$$0000000D)
    __rt_final_exit                          0x080010cd   Thumb Code     0  entry11a.o(.ARM.Collect$$$$0000000F)
    Reset_Handler                            0x080010d1   Thumb Code     8  startup_stm32g071xx.o(.text)
    CEC_IRQHandler                           0x080010e3   Thumb Code     0  startup_stm32g071xx.o(.text)
    EXTI0_1_IRQHandler                       0x080010e3   Thumb Code     0  startup_stm32g071xx.o(.text)
    EXTI2_3_IRQHandler                       0x080010e3   Thumb Code     0  startup_stm32g071xx.o(.text)
    EXTI4_15_IRQHandler                      0x080010e3   Thumb Code     0  startup_stm32g071xx.o(.text)
    FLASH_IRQHandler                         0x080010e3   Thumb Code     0  startup_stm32g071xx.o(.text)
    I2C1_IRQHandler                          0x080010e3   Thumb Code     0  startup_stm32g071xx.o(.text)
    I2C2_IRQHandler                          0x080010e3   Thumb Code     0  startup_stm32g071xx.o(.text)
    PVD_IRQHandler                           0x080010e3   Thumb Code     0  startup_stm32g071xx.o(.text)
    RCC_IRQHandler                           0x080010e3   Thumb Code     0  startup_stm32g071xx.o(.text)
    RTC_TAMP_IRQHandler                      0x080010e3   Thumb Code     0  startup_stm32g071xx.o(.text)
    SPI1_IRQHandler                          0x080010e3   Thumb Code     0  startup_stm32g071xx.o(.text)
    SPI2_IRQHandler                          0x080010e3   Thumb Code     0  startup_stm32g071xx.o(.text)
    TIM15_IRQHandler                         0x080010e3   Thumb Code     0  startup_stm32g071xx.o(.text)
    TIM17_IRQHandler                         0x080010e3   Thumb Code     0  startup_stm32g071xx.o(.text)
    TIM1_BRK_UP_TRG_COM_IRQHandler           0x080010e3   Thumb Code     0  startup_stm32g071xx.o(.text)
    TIM1_CC_IRQHandler                       0x080010e3   Thumb Code     0  startup_stm32g071xx.o(.text)
    TIM2_IRQHandler                          0x080010e3   Thumb Code     0  startup_stm32g071xx.o(.text)
    TIM7_LPTIM2_IRQHandler                   0x080010e3   Thumb Code     0  startup_stm32g071xx.o(.text)
    UCPD1_2_IRQHandler                       0x080010e3   Thumb Code     0  startup_stm32g071xx.o(.text)
    USART1_IRQHandler                        0x080010e3   Thumb Code     0  startup_stm32g071xx.o(.text)
    USART2_IRQHandler                        0x080010e3   Thumb Code     0  startup_stm32g071xx.o(.text)
    USART3_4_LPUART1_IRQHandler              0x080010e3   Thumb Code     0  startup_stm32g071xx.o(.text)
    WWDG_IRQHandler                          0x080010e3   Thumb Code     0  startup_stm32g071xx.o(.text)
    __aeabi_memcpy                           0x080010ed   Thumb Code    36  memcpya.o(.text)
    __aeabi_memcpy4                          0x080010ed   Thumb Code     0  memcpya.o(.text)
    __aeabi_memcpy8                          0x080010ed   Thumb Code     0  memcpya.o(.text)
    __aeabi_memset                           0x08001111   Thumb Code    14  memseta.o(.text)
    __aeabi_memset4                          0x08001111   Thumb Code     0  memseta.o(.text)
    __aeabi_memset8                          0x08001111   Thumb Code     0  memseta.o(.text)
    __aeabi_memclr                           0x0800111f   Thumb Code     4  memseta.o(.text)
    __aeabi_memclr4                          0x0800111f   Thumb Code     0  memseta.o(.text)
    __aeabi_memclr8                          0x0800111f   Thumb Code     0  memseta.o(.text)
    _memset$wrapper                          0x08001123   Thumb Code    18  memseta.o(.text)
    __aeabi_fadd                             0x08001135   Thumb Code   162  fadd.o(.text)
    __aeabi_fsub                             0x080011d7   Thumb Code     8  fadd.o(.text)
    __aeabi_frsub                            0x080011df   Thumb Code     8  fadd.o(.text)
    __aeabi_fdiv                             0x080011e7   Thumb Code   124  fdiv.o(.text)
    __aeabi_fcmple                           0x08001263   Thumb Code    28  fcmple.o(.text)
    __aeabi_fcmplt                           0x0800127f   Thumb Code    28  fcmplt.o(.text)
    __aeabi_fcmpge                           0x0800129b   Thumb Code    28  fcmpge.o(.text)
    __aeabi_fcmpgt                           0x080012b7   Thumb Code    28  fcmpgt.o(.text)
    __aeabi_i2f                              0x080012d3   Thumb Code    22  fflti.o(.text)
    __aeabi_f2iz                             0x080012e9   Thumb Code    50  ffixi.o(.text)
    __aeabi_uidiv                            0x0800131b   Thumb Code     0  uidiv_div0.o(.text)
    __aeabi_uidivmod                         0x0800131b   Thumb Code    62  uidiv_div0.o(.text)
    __aeabi_idiv                             0x08001359   Thumb Code     0  idiv_div0.o(.text)
    __aeabi_idivmod$div0                     0x08001359   Thumb Code    74  idiv_div0.o(.text)
    __I$use$fp                               0x080013a9   Thumb Code     0  iusefp.o(.text)
    _float_round                             0x080013a9   Thumb Code    16  fepilogue.o(.text)
    _float_epilogue                          0x080013b9   Thumb Code   114  fepilogue.o(.text)
    __scatterload                            0x0800142d   Thumb Code    28  init.o(.text)
    __scatterload_rt2                        0x0800142d   Thumb Code     0  init.o(.text)
    __decompress                             0x08001451   Thumb Code     0  __dczerorl2.o(.text)
    __decompress1                            0x08001451   Thumb Code    86  __dczerorl2.o(.text)
    ADC1_COMP_IRQHandler                     0x080014a9   Thumb Code    48  stm32g0xx_it.o(.text.ADC1_COMP_IRQHandler)
    ADC_DMA_Callback                         0x080014dd   Thumb Code    24  adc.o(.text.ADC_DMA_Callback)
    ADC_Init                                 0x08001505   Thumb Code   420  adc.o(.text.ADC_Init)
    DMA1_Ch4_7_DMAMUX1_OVR_IRQHandler        0x080016cd   Thumb Code   104  stm32g0xx_it.o(.text.DMA1_Ch4_7_DMAMUX1_OVR_IRQHandler)
    DMA1_Channel1_IRQHandler                 0x08001741   Thumb Code    72  stm32g0xx_it.o(.text.DMA1_Channel1_IRQHandler)
    DMA1_Channel2_3_IRQHandler               0x08001791   Thumb Code    76  stm32g0xx_it.o(.text.DMA1_Channel2_3_IRQHandler)
    HardFault_Handler                        0x080017e5   Thumb Code     2  stm32g0xx_it.o(.text.HardFault_Handler)
    LL_ADC_Init                              0x080017e9   Thumb Code    48  stm32g0xx_ll_adc.o(.text.LL_ADC_Init)
    LL_ADC_REG_Init                          0x0800181d   Thumb Code    68  stm32g0xx_ll_adc.o(.text.LL_ADC_REG_Init)
    LL_COMP_Init                             0x08001865   Thumb Code    40  stm32g0xx_ll_comp.o(.text.LL_COMP_Init)
    LL_GPIO_Init                             0x08001891   Thumb Code   176  stm32g0xx_ll_gpio.o(.text.LL_GPIO_Init)
    LL_Init1msTick                           0x08001941   Thumb Code    28  stm32g0xx_ll_utils.o(.text.LL_Init1msTick)
    LL_RCC_GetSystemClocksFreq               0x08001961   Thumb Code   132  stm32g0xx_ll_rcc.o(.text.LL_RCC_GetSystemClocksFreq)
    LL_RCC_GetUSARTClockFreq                 0x080019e5   Thumb Code   452  stm32g0xx_ll_rcc.o(.text.LL_RCC_GetUSARTClockFreq)
    LL_SetSystemCoreClock                    0x08001bc9   Thumb Code     8  stm32g0xx_ll_utils.o(.text.LL_SetSystemCoreClock)
    LL_TIM_BDTR_Init                         0x08001bd5   Thumb Code   128  stm32g0xx_ll_tim.o(.text.LL_TIM_BDTR_Init)
    LL_TIM_Init                              0x08001c65   Thumb Code   156  stm32g0xx_ll_tim.o(.text.LL_TIM_Init)
    LL_TIM_OC_Init                           0x08001d21   Thumb Code   752  stm32g0xx_ll_tim.o(.text.LL_TIM_OC_Init)
    LL_USART_Init                            0x08002031   Thumb Code   224  stm32g0xx_ll_usart.o(.text.LL_USART_Init)
    MX_COMP2_Init                            0x0800215d   Thumb Code   284  peripherals.o(.text.MX_COMP2_Init)
    MX_IWDG_Init                             0x08002299   Thumb Code    32  peripherals.o(.text.MX_IWDG_Init)
    MX_TIM1_Init                             0x080022cd   Thumb Code   528  peripherals.o(.text.MX_TIM1_Init)
    MX_TIM3_Init                             0x080024f1   Thumb Code   264  peripherals.o(.text.MX_TIM3_Init)
    NMI_Handler                              0x08002619   Thumb Code     2  stm32g0xx_it.o(.text.NMI_Handler)
    PendSV_Handler                           0x0800261b   Thumb Code     2  stm32g0xx_it.o(.text.PendSV_Handler)
    PeriodElapsedCallback                    0x0800261d   Thumb Code    76  main.o(.text.PeriodElapsedCallback)
    SVC_Handler                              0x08002679   Thumb Code     2  stm32g0xx_it.o(.text.SVC_Handler)
    SysTick_Handler                          0x0800267b   Thumb Code     2  stm32g0xx_it.o(.text.SysTick_Handler)
    SystemClock_Config                       0x0800267d   Thumb Code   164  peripherals.o(.text.SystemClock_Config)
    SystemInit                               0x08002735   Thumb Code    12  system_stm32g0xx.o(.text.SystemInit)
    TIM14_IRQHandler                         0x08002745   Thumb Code    24  stm32g0xx_it.o(.text.TIM14_IRQHandler)
    TIM16_IRQHandler                         0x08002761   Thumb Code    36  stm32g0xx_it.o(.text.TIM16_IRQHandler)
    TIM3_IRQHandler                          0x08002789   Thumb Code    36  stm32g0xx_it.o(.text.TIM3_IRQHandler)
    TIM6_DAC_LPTIM1_IRQHandler               0x080027b1   Thumb Code    24  stm32g0xx_it.o(.text.TIM6_DAC_LPTIM1_IRQHandler)
    WS2812_Init                              0x080027cd   Thumb Code   340  ws2812.o(.text.WS2812_Init)
    activateADC                              0x0800293d   Thumb Code   160  adc.o(.text.activateADC)
    advanceincrement                         0x080029f5   Thumb Code   276  main.o(.text.advanceincrement)
    allOff                                   0x08002b15   Thumb Code   104  phaseouts.o(.text.allOff)
    allpwm                                   0x08002b7d   Thumb Code   136  phaseouts.o(.text.allpwm)
    changeCompInput                          0x08002c09   Thumb Code   148  comparator.o(.text.changeCompInput)
    comStep                                  0x08002cb9   Thumb Code   688  phaseouts.o(.text.comStep)
    commutate                                0x08002f71   Thumb Code   312  main.o(.text.commutate)
    computeDshotDMA                          0x080030c5   Thumb Code   868  dshot.o(.text.computeDshotDMA)
    computeServoInput                        0x08003455   Thumb Code   352  signal.o(.text.computeServoInput)
    delayMicros                              0x080035e5   Thumb Code    16  functions.o(.text.delayMicros)
    delayMillis                              0x080035f9   Thumb Code    40  functions.o(.text.delayMillis)
    detectInput                              0x08003625   Thumb Code   324  signal.o(.text.detectInput)
    disableComTimerInt                       0x0800378d   Thumb Code    12  peripherals.o(.text.disableComTimerInt)
    enableADC_DMA                            0x08003799   Thumb Code    72  adc.o(.text.enableADC_DMA)
    enableCompInterrupts                     0x080037f9   Thumb Code    16  comparator.o(.text.enableCompInterrupts)
    enableCorePeripherals                    0x0800380d   Thumb Code   264  peripherals.o(.text.enableCorePeripherals)
    enableHalfTransferInt                    0x0800392d   Thumb Code    12  io.o(.text.enableHalfTransferInt)
    fullBrake                                0x0800393d   Thumb Code   104  phaseouts.o(.text.fullBrake)
    generatePwmTimerEvent                    0x080039a9   Thumb Code    12  peripherals.o(.text.generatePwmTimerEvent)
    getAbsDif                                0x080039b9   Thumb Code    10  functions.o(.text.getAbsDif)
    getCompOutputLevel                       0x080039c5   Thumb Code    12  comparator.o(.text.getCompOutputLevel)
    getInputPinState                         0x080039d5   Thumb Code    12  io.o(.text.getInputPinState)
    getintervaTimerCount                     0x080039e5   Thumb Code     8  peripherals.o(.text.getintervaTimerCount)
    initAfterJump                            0x080039f1   Thumb Code    12  peripherals.o(.text.initAfterJump)
    initCorePeripherals                      0x08003a05   Thumb Code   508  peripherals.o(.text.initCorePeripherals)
    interruptRoutine                         0x08003c31   Thumb Code   168  main.o(.text.interruptRoutine)
    loadEEpromSettings                       0x08003cdd   Thumb Code   676  main.o(.text.loadEEpromSettings)
    main                                     0x08003fbd   Thumb Code  1904  main.o(.text.main)
    makeTelemPackage                         0x08004751   Thumb Code  1580  serial_telemetry.o(.text.makeTelemPackage)
    make_dshot_package                       0x08004d81   Thumb Code   408  dshot.o(.text.make_dshot_package)
    map                                      0x08004f35   Thumb Code    38  functions.o(.text.map)
    maskPhaseInterrupts                      0x08004f5d   Thumb Code    24  comparator.o(.text.maskPhaseInterrupts)
    playBeaconTune3                          0x08004f79   Thumb Code    92  sounds.o(.text.playBeaconTune3)
    playBlueJayTune                          0x08004fd5   Thumb Code   208  sounds.o(.text.playBlueJayTune)
    playChangedTone                          0x080050b5   Thumb Code    80  sounds.o(.text.playChangedTone)
    playDefaultTone                          0x08005105   Thumb Code    80  sounds.o(.text.playDefaultTone)
    playInputTune                            0x08005155   Thumb Code   100  sounds.o(.text.playInputTune)
    playInputTune2                           0x080051b9   Thumb Code   104  sounds.o(.text.playInputTune2)
    playStartupTune                          0x08005221   Thumb Code   120  sounds.o(.text.playStartupTune)
    proportionalBrake                        0x080052ad   Thumb Code    96  phaseouts.o(.text.proportionalBrake)
    read_flash_bin                           0x08005311   Thumb Code    18  eeprom.o(.text.read_flash_bin)
    receiveDshotDma                          0x08005325   Thumb Code   156  io.o(.text.receiveDshotDma)
    reloadWatchDogCounter                    0x080053d9   Thumb Code     8  peripherals.o(.text.reloadWatchDogCounter)
    resetInputCaptureTimer                   0x080053e9   Thumb Code    12  peripherals.o(.text.resetInputCaptureTimer)
    saveEEpromSettings                       0x080053f9   Thumb Code    88  main.o(.text.saveEEpromSettings)
    save_flash_nolib                         0x08005461   Thumb Code   328  eeprom.o(.text.save_flash_nolib)
    sendDshotDma                             0x080055b1   Thumb Code   172  io.o(.text.sendDshotDma)
    send_LED_RGB                             0x08005681   Thumb Code   352  ws2812.o(.text.send_LED_RGB)
    send_telem_DMA                           0x080057f5   Thumb Code    60  serial_telemetry.o(.text.send_telem_DMA)
    setAndEnableComInt                       0x08005839   Thumb Code    20  peripherals.o(.text.setAndEnableComInt)
    setAutoReloadPWM                         0x08005851   Thumb Code     8  peripherals.o(.text.setAutoReloadPWM)
    setDutyCycleAll                          0x0800585d   Thumb Code    12  peripherals.o(.text.setDutyCycleAll)
    setInputPolarityRising                   0x08005869   Thumb Code    12  io.o(.text.setInputPolarityRising)
    setPWMCompare1                           0x08005879   Thumb Code     8  peripherals.o(.text.setPWMCompare1)
    setPWMCompare2                           0x08005885   Thumb Code     8  peripherals.o(.text.setPWMCompare2)
    setPWMCompare3                           0x08005891   Thumb Code     8  peripherals.o(.text.setPWMCompare3)
    setPrescalerPWM                          0x0800589d   Thumb Code     8  peripherals.o(.text.setPrescalerPWM)
    setVolume                                0x080058a9   Thumb Code    16  sounds.o(.text.setVolume)
    setintervaTimerCount                     0x080058bd   Thumb Code     8  peripherals.o(.text.setintervaTimerCount)
    telem_UART_Init                          0x080058c9   Thumb Code   348  serial_telemetry.o(.text.telem_UART_Init)
    tenKhzRoutine                            0x08005a51   Thumb Code  2488  main.o(.text.tenKhzRoutine)
    transfercomplete                         0x08006431   Thumb Code   248  signal.o(.text.transfercomplete)
    __scatterload_copy                       0x08006555   Thumb Code    14  handlers.o(i.__scatterload_copy)
    __scatterload_null                       0x08006563   Thumb Code     2  handlers.o(i.__scatterload_null)
    __scatterload_zeroinit                   0x08006565   Thumb Code    14  handlers.o(i.__scatterload_zeroinit)
    AHBPrescTable                            0x08006574   Data          64  system_stm32g0xx.o(.rodata.AHBPrescTable)
    APBPrescTable                            0x080065b4   Data          32  system_stm32g0xx.o(.rodata.APBPrescTable)
    gcr_encode_table                         0x080065d4   Data          16  dshot.o(.rodata.gcr_encode_table)
    Region$$Table$$Base                      0x080065e4   Number         0  anon$$obj.o(Region$$Table)
    Region$$Table$$Limit                     0x08006604   Number         0  anon$$obj.o(Region$$Table)
    active_COMP                              0x20000000   Data           4  comparator.o(.data..L_MergedGlobals)
    current_EXTI_LINE                        0x20000004   Data           4  comparator.o(.data..L_MergedGlobals)
    FLASH_FKEY1                              0x20000008   Data           4  eeprom.o(.data..L_MergedGlobals)
    FLASH_FKEY2                              0x2000000c   Data           4  eeprom.o(.data..L_MergedGlobals)
    eeprom_layout_version                    0x20000010   Data           1  main.o(.data..L_MergedGlobals)
    comp_pwm                                 0x20000011   Data           1  main.o(.data..L_MergedGlobals)
    VARIABLE_PWM                             0x20000012   Data           1  main.o(.data..L_MergedGlobals)
    stuck_rotor_protection                   0x20000013   Data           1  main.o(.data..L_MergedGlobals)
    telemetry_interval_ms                    0x20000014   Data           1  main.o(.data..L_MergedGlobals)
    TEMPERATURE_LIMIT                        0x20000015   Data           1  main.o(.data..L_MergedGlobals)
    advance_level                            0x20000016   Data           1  main.o(.data..L_MergedGlobals)
    motor_poles                              0x20000017   Data           1  main.o(.data..L_MergedGlobals)
    sine_mode_power                          0x20000018   Data           1  main.o(.data..L_MergedGlobals)
    drag_brake_strength                      0x20000019   Data           1  main.o(.data..L_MergedGlobals)
    driving_brake_strength                   0x2000001a   Data           1  main.o(.data..L_MergedGlobals)
    dead_time_override                       0x2000001b   Data           1  main.o(.data..L_MergedGlobals)
    sine_mode_changeover_thottle_level       0x2000001c   Data           1  main.o(.data..L_MergedGlobals)
    servo_dead_band                          0x2000001d   Data           1  main.o(.data..L_MergedGlobals)
    maximum_throttle_change_ramp             0x2000001e   Data           1  main.o(.data..L_MergedGlobals)
    low_rpm_throttle_limit                   0x2000001f   Data           1  main.o(.data..L_MergedGlobals)
    VOLTAGE_DIVIDER                          0x20000020   Data           1  main.o(.data..L_MergedGlobals)
    bemf_timeout                             0x20000021   Data           1  main.o(.data..L_MergedGlobals)
    reversing_dead_band                      0x20000022   Data           1  main.o(.data..L_MergedGlobals)
    max_duty_cycle_change                    0x20000023   Data           1  main.o(.data..L_MergedGlobals)
    fast_accel                               0x20000024   Data           1  main.o(.data..L_MergedGlobals)
    changeover_step                          0x20000025   Data           1  main.o(.data..L_MergedGlobals)
    filter_level                             0x20000026   Data           1  main.o(.data..L_MergedGlobals)
    advancedivisor                           0x20000027   Data           1  main.o(.data..L_MergedGlobals)
    rising                                   0x20000028   Data           1  main.o(.data..L_MergedGlobals)
    forward                                  0x20000029   Data           1  main.o(.data..L_MergedGlobals)
    bad_count_threshold                      0x2000002a   Data           1  main.o(.data..L_MergedGlobals)
    min_bemf_counts_up                       0x2000002b   Data           1  main.o(.data..L_MergedGlobals)
    min_bemf_counts_down                     0x2000002c   Data           1  main.o(.data..L_MergedGlobals)
    step                                     0x2000002d   Data           1  main.o(.data..L_MergedGlobals)
    motor_kv                                 0x2000002e   Data           2  main.o(.data..L_MergedGlobals)
    CURRENT_LIMIT                            0x20000030   Data           2  main.o(.data..L_MergedGlobals)
    stall_protect_target_interval            0x20000032   Data           2  main.o(.data..L_MergedGlobals)
    enter_sine_angle                         0x20000034   Data           2  main.o(.data..L_MergedGlobals)
    servo_low_threshold                      0x20000036   Data           2  main.o(.data..L_MergedGlobals)
    servo_high_threshold                     0x20000038   Data           2  main.o(.data..L_MergedGlobals)
    servo_neutral                            0x2000003a   Data           2  main.o(.data..L_MergedGlobals)
    low_cell_volt_cutoff                     0x2000003c   Data           2  main.o(.data..L_MergedGlobals)
    ADC_CCR                                  0x2000003e   Data           2  main.o(.data..L_MergedGlobals)
    use_current_limit_adjust                 0x20000040   Data           2  main.o(.data..L_MergedGlobals)
    reverse_speed_threshold                  0x20000042   Data           2  main.o(.data..L_MergedGlobals)
    min_startup_duty                         0x20000044   Data           2  main.o(.data..L_MergedGlobals)
    sin_mode_min_s_d                         0x20000046   Data           2  main.o(.data..L_MergedGlobals)
    startup_max_duty_cycle                   0x20000048   Data           2  main.o(.data..L_MergedGlobals)
    minimum_duty_cycle                       0x2000004a   Data           2  main.o(.data..L_MergedGlobals)
    stall_protect_minimum_duty               0x2000004c   Data           2  main.o(.data..L_MergedGlobals)
    tim1_arr                                 0x2000004e   Data           2  main.o(.data..L_MergedGlobals)
    TIMER1_MAX_ARR                           0x20000050   Data           2  main.o(.data..L_MergedGlobals)
    duty_cycle_maximum                       0x20000052   Data           2  main.o(.data..L_MergedGlobals)
    low_rpm_level                            0x20000054   Data           2  main.o(.data..L_MergedGlobals)
    high_rpm_level                           0x20000056   Data           2  main.o(.data..L_MergedGlobals)
    throttle_max_at_low_rpm                  0x20000058   Data           2  main.o(.data..L_MergedGlobals)
    throttle_max_at_high_rpm                 0x2000005a   Data           2  main.o(.data..L_MergedGlobals)
    step_delay                               0x2000005c   Data           2  main.o(.data..L_MergedGlobals)
    gate_drive_offset                        0x2000005e   Data           2  main.o(.data..L_MergedGlobals)
    commutation_interval                     0x20000060   Data           2  main.o(.data..L_MergedGlobals)
    MAXIMUM_RPM_SPEED_CONTROL                0x20000064   Data           4  main.o(.data..L_MergedGlobals)
    MINIMUM_RPM_SPEED_CONTROL                0x20000068   Data           4  main.o(.data..L_MergedGlobals)
    buffersize                               0x2000006c   Data           1  signal.o(.data..L_MergedGlobals)
    smallestnumber                           0x2000006e   Data           2  signal.o(.data..L_MergedGlobals)
    speedPid                                 0x20000070   Data          40  main.o(.data..L_MergedGlobals.1)
    currentPid                               0x20000098   Data          40  main.o(.data..L_MergedGlobals.1)
    stallPid                                 0x200000c0   Data          40  main.o(.data..L_MergedGlobals.1)
    SystemCoreClock                          0x200000e8   Data           4  system_stm32g0xx.o(.data.SystemCoreClock)
    buffer_padding                           0x200000ec   Data           1  io.o(.data.buffer_padding)
    ic_timer_prescaler                       0x200000ed   Data           1  io.o(.data.ic_timer_prescaler)
    led_Buffer                               0x200000ee   Data          48  ws2812.o(.data.led_Buffer)
    max_servo_deviation                      0x20000120   Data           4  signal.o(.data.max_servo_deviation)
    nbDataToTransmit                         0x20000124   Data           1  serial_telemetry.o(.data.nbDataToTransmit)
    pwmSin                                   0x20000126   Data         720  main.o(.data.pwmSin)
    firmware_info                            0x200003f6   Data          14  main.o(.firmware_info)
    EDT_ARM_ENABLE                           0x20000408   Data           1  dshot.o(.bss..L_MergedGlobals)
    EDT_ARMED                                0x20000409   Data           1  dshot.o(.bss..L_MergedGlobals)
    command_count                            0x2000040a   Data           1  dshot.o(.bss..L_MergedGlobals)
    last_command                             0x2000040b   Data           1  dshot.o(.bss..L_MergedGlobals)
    high_pin_count                           0x2000040c   Data           1  dshot.o(.bss..L_MergedGlobals)
    dshot_extended_telemetry                 0x2000040d   Data           1  dshot.o(.bss..L_MergedGlobals)
    send_extended_dshot                      0x2000040e   Data           2  dshot.o(.bss..L_MergedGlobals)
    halfpulsetime                            0x20000410   Data           2  dshot.o(.bss..L_MergedGlobals)
    dshot_frametime                          0x20000412   Data           2  dshot.o(.bss..L_MergedGlobals)
    dshot_goodcounts                         0x20000414   Data           2  dshot.o(.bss..L_MergedGlobals)
    dshot_badcounts                          0x20000416   Data           2  dshot.o(.bss..L_MergedGlobals)
    shift_amount                             0x20000418   Data           4  dshot.o(.bss..L_MergedGlobals)
    dshot_full_number                        0x2000041c   Data           4  dshot.o(.bss..L_MergedGlobals)
    gcrnumber                                0x20000420   Data           4  dshot.o(.bss..L_MergedGlobals)
    dpulse                                   0x20000424   Data          64  dshot.o(.bss..L_MergedGlobals)
    enter_calibration_count                  0x20000464   Data           1  signal.o(.bss..L_MergedGlobals.1)
    calibration_required                     0x20000465   Data           1  signal.o(.bss..L_MergedGlobals.1)
    high_calibration_counts                  0x20000466   Data           1  signal.o(.bss..L_MergedGlobals.1)
    high_calibration_set                     0x20000467   Data           1  signal.o(.bss..L_MergedGlobals.1)
    low_calibration_counts                   0x20000468   Data           1  signal.o(.bss..L_MergedGlobals.1)
    output_timer_prescaler                   0x20000469   Data           1  signal.o(.bss..L_MergedGlobals.1)
    last_high_threshold                      0x2000046a   Data           2  signal.o(.bss..L_MergedGlobals.1)
    last_input                               0x2000046c   Data           2  signal.o(.bss..L_MergedGlobals.1)
    servorawinput                            0x20000470   Data           4  signal.o(.bss..L_MergedGlobals.1)
    average_signal_pulse                     0x20000474   Data           4  signal.o(.bss..L_MergedGlobals.1)
    drive_by_rpm                             0x20000478   Data           1  main.o(.bss..L_MergedGlobals.2)
    compute_dshot_flag                       0x20000479   Data           1  main.o(.bss..L_MergedGlobals.2)
    dir_reversed                             0x2000047a   Data           1  main.o(.bss..L_MergedGlobals.2)
    bi_direction                             0x2000047b   Data           1  main.o(.bss..L_MergedGlobals.2)
    brake_on_stop                            0x2000047c   Data           1  main.o(.bss..L_MergedGlobals.2)
    stall_protection                         0x2000047d   Data           1  main.o(.bss..L_MergedGlobals.2)
    use_sin_start                            0x2000047e   Data           1  main.o(.bss..L_MergedGlobals.2)
    TLM_ON_INTERVAL                          0x2000047f   Data           1  main.o(.bss..L_MergedGlobals.2)
    USE_HALL_SENSOR                          0x20000480   Data           1  main.o(.bss..L_MergedGlobals.2)
    do_once_sinemode                         0x20000481   Data           1  main.o(.bss..L_MergedGlobals.2)
    LOW_VOLTAGE_CUTOFF                       0x20000482   Data           1  main.o(.bss..L_MergedGlobals.2)
    RC_CAR_REVERSE                           0x20000483   Data           1  main.o(.bss..L_MergedGlobals.2)
    use_speed_control_loop                   0x20000484   Data           1  main.o(.bss..L_MergedGlobals.2)
    use_current_limit                        0x20000485   Data           1  main.o(.bss..L_MergedGlobals.2)
    desync_happened                          0x20000486   Data           1  main.o(.bss..L_MergedGlobals.2)
    crawler_mode                             0x20000487   Data           1  main.o(.bss..L_MergedGlobals.2)
    cell_count                               0x20000488   Data           1  main.o(.bss..L_MergedGlobals.2)
    brushed_direction_set                    0x20000489   Data           1  main.o(.bss..L_MergedGlobals.2)
    play_tone_flag                           0x2000048a   Data           1  main.o(.bss..L_MergedGlobals.2)
    desync_check                             0x2000048b   Data           1  main.o(.bss..L_MergedGlobals.2)
    adc_counter                              0x2000048c   Data           1  main.o(.bss..L_MergedGlobals.2)
    send_telemetry                           0x2000048d   Data           1  main.o(.bss..L_MergedGlobals.2)
    prop_brake_active                        0x2000048e   Data           1  main.o(.bss..L_MergedGlobals.2)
    old_routine                              0x2000048f   Data           1  main.o(.bss..L_MergedGlobals.2)
    readIndex                                0x20000490   Data           1  main.o(.bss..L_MergedGlobals.2)
    bemf_timeout_happened                    0x20000491   Data           1  main.o(.bss..L_MergedGlobals.2)
    running                                  0x20000492   Data           1  main.o(.bss..L_MergedGlobals.2)
    stepper_sine                             0x20000493   Data           1  main.o(.bss..L_MergedGlobals.2)
    stuckcounter                             0x20000494   Data           1  main.o(.bss..L_MergedGlobals.2)
    bad_count                                0x20000495   Data           1  main.o(.bss..L_MergedGlobals.2)
    armed                                    0x20000496   Data           1  main.o(.bss..L_MergedGlobals.2)
    inputSet                                 0x20000497   Data           1  main.o(.bss..L_MergedGlobals.2)
    dshot                                    0x20000498   Data           1  main.o(.bss..L_MergedGlobals.2)
    servoPwm                                 0x20000499   Data           1  main.o(.bss..L_MergedGlobals.2)
    zcfound                                  0x2000049a   Data           1  main.o(.bss..L_MergedGlobals.2)
    bemfcounter                              0x2000049b   Data           1  main.o(.bss..L_MergedGlobals.2)
    degrees_celsius                          0x2000049c   Data           1  main.o(.bss..L_MergedGlobals.2)
    EEPROM_VERSION                           0x2000049d   Data           1  main.o(.bss..L_MergedGlobals.2)
    target_e_com_time                        0x2000049e   Data           2  main.o(.bss..L_MergedGlobals.2)
    low_voltage_count                        0x200004a0   Data           2  main.o(.bss..L_MergedGlobals.2)
    tenkhzcounter                            0x200004a2   Data           2  main.o(.bss..L_MergedGlobals.2)
    actual_current                           0x200004a4   Data           2  main.o(.bss..L_MergedGlobals.2)
    last_duty_cycle                          0x200004a6   Data           2  main.o(.bss..L_MergedGlobals.2)
    adjusted_input                           0x200004a8   Data           2  main.o(.bss..L_MergedGlobals.2)
    smoothedinput                            0x200004aa   Data           2  main.o(.bss..L_MergedGlobals.2)
    advance                                  0x200004ac   Data           2  main.o(.bss..L_MergedGlobals.2)
    zero_input_count                         0x200004ae   Data           2  main.o(.bss..L_MergedGlobals.2)
    input                                    0x200004b0   Data           2  main.o(.bss..L_MergedGlobals.2)
    newinput                                 0x200004b2   Data           2  main.o(.bss..L_MergedGlobals.2)
    duty_cycle                               0x200004b4   Data           2  main.o(.bss..L_MergedGlobals.2)
    waitTime                                 0x200004b6   Data           2  main.o(.bss..L_MergedGlobals.2)
    signaltimeout                            0x200004b8   Data           2  main.o(.bss..L_MergedGlobals.2)
    thiszctime                               0x200004ba   Data           2  main.o(.bss..L_MergedGlobals.2)
    battery_voltage                          0x200004bc   Data           2  main.o(.bss..L_MergedGlobals.2)
    armed_timeout_count                      0x200004be   Data           2  main.o(.bss..L_MergedGlobals.2)
    telem_ms_count                           0x200004c0   Data           2  main.o(.bss..L_MergedGlobals.2)
    phase_A_position                         0x200004c2   Data           2  main.o(.bss..L_MergedGlobals.2)
    phase_B_position                         0x200004c4   Data           2  main.o(.bss..L_MergedGlobals.2)
    phase_C_position                         0x200004c6   Data           2  main.o(.bss..L_MergedGlobals.2)
    adjusted_duty_cycle                      0x200004c8   Data           2  main.o(.bss..L_MergedGlobals.2)
    e_rpm                                    0x200004ca   Data           2  main.o(.bss..L_MergedGlobals.2)
    ADC_raw_temp                             0x200004cc   Data           2  main.o(.bss..L_MergedGlobals.2)
    converted_degrees                        0x200004ce   Data           2  main.o(.bss..L_MergedGlobals.2)
    ADC_raw_volts                            0x200004d0   Data           2  main.o(.bss..L_MergedGlobals.2)
    ADC_raw_current                          0x200004d2   Data           2  main.o(.bss..L_MergedGlobals.2)
    k_erpm                                   0x200004d4   Data           2  main.o(.bss..L_MergedGlobals.2)
    input_override                           0x200004d8   Data           4  main.o(.bss..L_MergedGlobals.2)
    stall_protection_adjust                  0x200004dc   Data           4  main.o(.bss..L_MergedGlobals.2)
    consumed_current                         0x200004e0   Data           4  main.o(.bss..L_MergedGlobals.2)
    smoothed_raw_current                     0x200004e4   Data           4  main.o(.bss..L_MergedGlobals.2)
    average_interval                         0x200004e8   Data           4  main.o(.bss..L_MergedGlobals.2)
    total                                    0x200004ec   Data           4  main.o(.bss..L_MergedGlobals.2)
    e_com_time                               0x200004f0   Data           4  main.o(.bss..L_MergedGlobals.2)
    zero_crosses                             0x200004f4   Data           4  main.o(.bss..L_MergedGlobals.3)
    last_average_interval                    0x200004f8   Data           4  main.o(.bss..L_MergedGlobals.3)
    commutation_intervals                    0x200004fc   Data          12  main.o(.bss..L_MergedGlobals.3)
    readings                                 0x20000508   Data          60  main.o(.bss..L_MergedGlobals.3)
    ADCDataDMA                               0x20000544   Data           6  adc.o(.bss.ADCDataDMA)
    aTxBuffer                                0x2000054a   Data          10  serial_telemetry.o(.bss.aTxBuffer)
    beep_volume                              0x20000554   Data           1  sounds.o(.bss.beep_volume)
    dma_buffer                               0x20000558   Data         256  io.o(.bss.dma_buffer)
    dma_busy                                 0x20000658   Data           1  ws2812.o(.bss.dma_busy)
    dshot_telemetry                          0x20000659   Data           1  main.o(.bss.dshot_telemetry)
    dshotcommand                             0x2000065a   Data           1  main.o(.bss.dshotcommand)
    eepromBuffer                             0x2000065b   Data         176  main.o(.bss.eepromBuffer)
    gcr                                      0x2000070c   Data         148  dshot.o(.bss.gcr)
    last_dshot_command                       0x200007a0   Data           1  main.o(.bss.last_dshot_command)
    out_put                                  0x200007a1   Data           1  io.o(.bss.out_put)
    __initial_sp                             0x20000ba8   Data           0  startup_stm32g071xx.o(STACK)



==============================================================================

Memory Map of the image

  Image Entry point : 0x080010bd

  Load Region LR_IROM1 (Base: 0x08001000, Size: 0x00005a10, Max: 0x0000ffff, ABSOLUTE, COMPRESSED[0x00005918])

    Execution Region ER_IROM1 (Exec base: 0x08001000, Load base: 0x08001000, Size: 0x00005604, Max: 0x0000ffff, ABSOLUTE)

    Exec Addr    Load Addr    Size         Type   Attr      Idx    E Section Name        Object

    0x08001000   0x08001000   0x000000bc   Data   RO            3    RESET               startup_stm32g071xx.o
    0x080010bc   0x080010bc   0x00000000   Code   RO          653  * .ARM.Collect$$$$00000000  mc_p.l(entry.o)
    0x080010bc   0x080010bc   0x00000004   Code   RO          686    .ARM.Collect$$$$00000001  mc_p.l(entry2.o)
    0x080010c0   0x080010c0   0x00000004   Code   RO          689    .ARM.Collect$$$$00000004  mc_p.l(entry5.o)
    0x080010c4   0x080010c4   0x00000000   Code   RO          691    .ARM.Collect$$$$00000008  mc_p.l(entry7b.o)
    0x080010c4   0x080010c4   0x00000000   Code   RO          693    .ARM.Collect$$$$0000000A  mc_p.l(entry8b.o)
    0x080010c4   0x080010c4   0x00000008   Code   RO          694    .ARM.Collect$$$$0000000B  mc_p.l(entry9a.o)
    0x080010cc   0x080010cc   0x00000000   Code   RO          696    .ARM.Collect$$$$0000000D  mc_p.l(entry10a.o)
    0x080010cc   0x080010cc   0x00000000   Code   RO          698    .ARM.Collect$$$$0000000F  mc_p.l(entry11a.o)
    0x080010cc   0x080010cc   0x00000004   Code   RO          687    .ARM.Collect$$$$00002712  mc_p.l(entry2.o)
    0x080010d0   0x080010d0   0x0000001c   Code   RO            4    .text               startup_stm32g071xx.o
    0x080010ec   0x080010ec   0x00000024   Code   RO          664    .text               mc_p.l(memcpya.o)
    0x08001110   0x08001110   0x00000024   Code   RO          666    .text               mc_p.l(memseta.o)
    0x08001134   0x08001134   0x000000b2   Code   RO          670    .text               mf_p.l(fadd.o)
    0x080011e6   0x080011e6   0x0000007c   Code   RO          672    .text               mf_p.l(fdiv.o)
    0x08001262   0x08001262   0x0000001c   Code   RO          674    .text               mf_p.l(fcmple.o)
    0x0800127e   0x0800127e   0x0000001c   Code   RO          676    .text               mf_p.l(fcmplt.o)
    0x0800129a   0x0800129a   0x0000001c   Code   RO          678    .text               mf_p.l(fcmpge.o)
    0x080012b6   0x080012b6   0x0000001c   Code   RO          680    .text               mf_p.l(fcmpgt.o)
    0x080012d2   0x080012d2   0x00000016   Code   RO          682    .text               mf_p.l(fflti.o)
    0x080012e8   0x080012e8   0x00000032   Code   RO          684    .text               mf_p.l(ffixi.o)
    0x0800131a   0x0800131a   0x0000003e   Code   RO          704    .text               mc_p.l(uidiv_div0.o)
    0x08001358   0x08001358   0x00000050   Code   RO          706    .text               mc_p.l(idiv_div0.o)
    0x080013a8   0x080013a8   0x00000000   Code   RO          710    .text               mc_p.l(iusefp.o)
    0x080013a8   0x080013a8   0x00000082   Code   RO          711    .text               mf_p.l(fepilogue.o)
    0x0800142a   0x0800142a   0x00000002   PAD
    0x0800142c   0x0800142c   0x00000024   Code   RO          713    .text               mc_p.l(init.o)
    0x08001450   0x08001450   0x00000056   Code   RO          723    .text               mc_p.l(__dczerorl2.o)
    0x080014a6   0x080014a6   0x00000002   PAD
    0x080014a8   0x080014a8   0x00000034   Code   RO          231    .text.ADC1_COMP_IRQHandler  stm32g0xx_it.o
    0x080014dc   0x080014dc   0x00000028   Code   RO           11    .text.ADC_DMA_Callback  adc.o
    0x08001504   0x08001504   0x000001c8   Code   RO           17    .text.ADC_Init      adc.o
    0x080016cc   0x080016cc   0x00000074   Code   RO          241    .text.DMA1_Ch4_7_DMAMUX1_OVR_IRQHandler  stm32g0xx_it.o
    0x08001740   0x08001740   0x00000050   Code   RO          227    .text.DMA1_Channel1_IRQHandler  stm32g0xx_it.o
    0x08001790   0x08001790   0x00000054   Code   RO          229    .text.DMA1_Channel2_3_IRQHandler  stm32g0xx_it.o
    0x080017e4   0x080017e4   0x00000002   Code   RO          219    .text.HardFault_Handler  stm32g0xx_it.o
    0x080017e6   0x080017e6   0x00000002   PAD
    0x080017e8   0x080017e8   0x00000034   Code   RO          456    .text.LL_ADC_Init   stm32g0xx_ll_adc.o
    0x0800181c   0x0800181c   0x00000048   Code   RO          460    .text.LL_ADC_REG_Init  stm32g0xx_ll_adc.o
    0x08001864   0x08001864   0x0000002c   Code   RO          474    .text.LL_COMP_Init  stm32g0xx_ll_comp.o
    0x08001890   0x08001890   0x000000b0   Code   RO          516    .text.LL_GPIO_Init  stm32g0xx_ll_gpio.o
    0x08001940   0x08001940   0x00000020   Code   RO          634    .text.LL_Init1msTick  stm32g0xx_ll_utils.o
    0x08001960   0x08001960   0x00000084   Code   RO          538    .text.LL_RCC_GetSystemClocksFreq  stm32g0xx_ll_rcc.o
    0x080019e4   0x080019e4   0x000001e4   Code   RO          546    .text.LL_RCC_GetUSARTClockFreq  stm32g0xx_ll_rcc.o
    0x08001bc8   0x08001bc8   0x0000000c   Code   RO          638    .text.LL_SetSystemCoreClock  stm32g0xx_ll_utils.o
    0x08001bd4   0x08001bd4   0x00000090   Code   RO          606    .text.LL_TIM_BDTR_Init  stm32g0xx_ll_tim.o
    0x08001c64   0x08001c64   0x000000bc   Code   RO          586    .text.LL_TIM_Init   stm32g0xx_ll_tim.o
    0x08001d20   0x08001d20   0x00000310   Code   RO          590    .text.LL_TIM_OC_Init  stm32g0xx_ll_tim.o
    0x08002030   0x08002030   0x0000012c   Code   RO          618    .text.LL_USART_Init  stm32g0xx_ll_usart.o
    0x0800215c   0x0800215c   0x0000013c   Code   RO           97    .text.MX_COMP2_Init  peripherals.o
    0x08002298   0x08002298   0x00000034   Code   RO          115    .text.MX_IWDG_Init  peripherals.o
    0x080022cc   0x080022cc   0x00000224   Code   RO           99    .text.MX_TIM1_Init  peripherals.o
    0x080024f0   0x080024f0   0x00000128   Code   RO          103    .text.MX_TIM3_Init  peripherals.o
    0x08002618   0x08002618   0x00000002   Code   RO          217    .text.NMI_Handler   stm32g0xx_it.o
    0x0800261a   0x0800261a   0x00000002   Code   RO          223    .text.PendSV_Handler  stm32g0xx_it.o
    0x0800261c   0x0800261c   0x0000005c   Code   RO          328    .text.PeriodElapsedCallback  main.o
    0x08002678   0x08002678   0x00000002   Code   RO          221    .text.SVC_Handler   stm32g0xx_it.o
    0x0800267a   0x0800267a   0x00000002   Code   RO          225    .text.SysTick_Handler  stm32g0xx_it.o
    0x0800267c   0x0800267c   0x000000b8   Code   RO           91    .text.SystemClock_Config  peripherals.o
    0x08002734   0x08002734   0x00000010   Code   RO          251    .text.SystemInit    system_stm32g0xx.o
    0x08002744   0x08002744   0x0000001c   Code   RO          239    .text.TIM14_IRQHandler  stm32g0xx_it.o
    0x08002760   0x08002760   0x00000028   Code   RO          235    .text.TIM16_IRQHandler  stm32g0xx_it.o
    0x08002788   0x08002788   0x00000028   Code   RO          233    .text.TIM3_IRQHandler  stm32g0xx_it.o
    0x080027b0   0x080027b0   0x0000001c   Code   RO          237    .text.TIM6_DAC_LPTIM1_IRQHandler  stm32g0xx_it.o
    0x080027cc   0x080027cc   0x00000170   Code   RO          270    .text.WS2812_Init   ws2812.o
    0x0800293c   0x0800293c   0x000000b8   Code   RO           15    .text.activateADC   adc.o
    0x080029f4   0x080029f4   0x00000120   Code   RO          336    .text.advanceincrement  main.o
    0x08002b14   0x08002b14   0x00000068   Code   RO          177    .text.allOff        phaseouts.o
    0x08002b7c   0x08002b7c   0x0000008c   Code   RO          183    .text.allpwm        phaseouts.o
    0x08002c08   0x08002c08   0x000000b0   Code   RO           34    .text.changeCompInput  comparator.o
    0x08002cb8   0x08002cb8   0x000002b8   Code   RO          179    .text.comStep       phaseouts.o
    0x08002f70   0x08002f70   0x00000154   Code   RO          326    .text.commutate     main.o
    0x080030c4   0x080030c4   0x00000390   Code   RO          282    .text.computeDshotDMA  dshot.o
    0x08003454   0x08003454   0x00000190   Code   RO          390    .text.computeServoInput  signal.o
    0x080035e4   0x080035e4   0x00000014   Code   RO          302    .text.delayMicros   functions.o
    0x080035f8   0x080035f8   0x0000002c   Code   RO          304    .text.delayMillis   functions.o
    0x08003624   0x08003624   0x00000168   Code   RO          398    .text.detectInput   signal.o
    0x0800378c   0x0800378c   0x0000000c   Code   RO          121    .text.disableComTimerInt  peripherals.o
    0x08003798   0x08003798   0x00000060   Code   RO           13    .text.enableADC_DMA  adc.o
    0x080037f8   0x080037f8   0x00000014   Code   RO           32    .text.enableCompInterrupts  comparator.o
    0x0800380c   0x0800380c   0x00000120   Code   RO          147    .text.enableCorePeripherals  peripherals.o
    0x0800392c   0x0800392c   0x00000010   Code   RO           73    .text.enableHalfTransferInt  io.o
    0x0800393c   0x0800393c   0x0000006c   Code   RO          181    .text.fullBrake     phaseouts.o
    0x080039a8   0x080039a8   0x00000010   Code   RO          143    .text.generatePwmTimerEvent  peripherals.o
    0x080039b8   0x080039b8   0x0000000a   Code   RO          300    .text.getAbsDif     functions.o
    0x080039c2   0x080039c2   0x00000002   PAD
    0x080039c4   0x080039c4   0x00000010   Code   RO           28    .text.getCompOutputLevel  comparator.o
    0x080039d4   0x080039d4   0x00000010   Code   RO           65    .text.getInputPinState  io.o
    0x080039e4   0x080039e4   0x0000000c   Code   RO          127    .text.getintervaTimerCount  peripherals.o
    0x080039f0   0x080039f0   0x00000014   Code   RO          111    .text.initAfterJump  peripherals.o
    0x08003a04   0x08003a04   0x0000022c   Code   RO           89    .text.initCorePeripherals  peripherals.o
    0x08003c30   0x08003c30   0x000000ac   Code   RO          330    .text.interruptRoutine  main.o
    0x08003cdc   0x08003cdc   0x000002e0   Code   RO          318    .text.loadEEpromSettings  main.o
    0x08003fbc   0x08003fbc   0x00000794   Code   RO          340    .text.main          main.o
    0x08004750   0x08004750   0x00000630   Code   RO          205    .text.makeTelemPackage  serial_telemetry.o
    0x08004d80   0x08004d80   0x000001b4   Code   RO          284    .text.make_dshot_package  dshot.o
    0x08004f34   0x08004f34   0x00000026   Code   RO          298    .text.map           functions.o
    0x08004f5a   0x08004f5a   0x00000002   PAD
    0x08004f5c   0x08004f5c   0x0000001c   Code   RO           30    .text.maskPhaseInterrupts  comparator.o
    0x08004f78   0x08004f78   0x0000005c   Code   RO          437    .text.playBeaconTune3  sounds.o
    0x08004fd4   0x08004fd4   0x000000e0   Code   RO          421    .text.playBlueJayTune  sounds.o
    0x080050b4   0x080050b4   0x00000050   Code   RO          435    .text.playChangedTone  sounds.o
    0x08005104   0x08005104   0x00000050   Code   RO          433    .text.playDefaultTone  sounds.o
    0x08005154   0x08005154   0x00000064   Code   RO          431    .text.playInputTune  sounds.o
    0x080051b8   0x080051b8   0x00000068   Code   RO          429    .text.playInputTune2  sounds.o
    0x08005220   0x08005220   0x0000008c   Code   RO          423    .text.playStartupTune  sounds.o
    0x080052ac   0x080052ac   0x00000064   Code   RO          157    .text.proportionalBrake  phaseouts.o
    0x08005310   0x08005310   0x00000012   Code   RO           46    .text.read_flash_bin  eeprom.o
    0x08005322   0x08005322   0x00000002   PAD
    0x08005324   0x08005324   0x000000b4   Code   RO           59    .text.receiveDshotDma  io.o
    0x080053d8   0x080053d8   0x00000010   Code   RO          119    .text.reloadWatchDogCounter  peripherals.o
    0x080053e8   0x080053e8   0x00000010   Code   RO          145    .text.resetInputCaptureTimer  peripherals.o
    0x080053f8   0x080053f8   0x00000068   Code   RO          320    .text.saveEEpromSettings  main.o
    0x08005460   0x08005460   0x00000150   Code   RO           44    .text.save_flash_nolib  eeprom.o
    0x080055b0   0x080055b0   0x000000d0   Code   RO           63    .text.sendDshotDma  io.o
    0x08005680   0x08005680   0x00000174   Code   RO          268    .text.send_LED_RGB  ws2812.o
    0x080057f4   0x080057f4   0x00000044   Code   RO          199    .text.send_telem_DMA  serial_telemetry.o
    0x08005838   0x08005838   0x00000018   Code   RO          125    .text.setAndEnableComInt  peripherals.o
    0x08005850   0x08005850   0x0000000c   Code   RO          133    .text.setAutoReloadPWM  peripherals.o
    0x0800585c   0x0800585c   0x0000000c   Code   RO          135    .text.setDutyCycleAll  peripherals.o
    0x08005868   0x08005868   0x00000010   Code   RO           67    .text.setInputPolarityRising  io.o
    0x08005878   0x08005878   0x0000000c   Code   RO          137    .text.setPWMCompare1  peripherals.o
    0x08005884   0x08005884   0x0000000c   Code   RO          139    .text.setPWMCompare2  peripherals.o
    0x08005890   0x08005890   0x0000000c   Code   RO          141    .text.setPWMCompare3  peripherals.o
    0x0800589c   0x0800589c   0x0000000c   Code   RO          131    .text.setPrescalerPWM  peripherals.o
    0x080058a8   0x080058a8   0x00000014   Code   RO          413    .text.setVolume     sounds.o
    0x080058bc   0x080058bc   0x0000000c   Code   RO          129    .text.setintervaTimerCount  peripherals.o
    0x080058c8   0x080058c8   0x00000188   Code   RO          197    .text.telem_UART_Init  serial_telemetry.o
    0x08005a50   0x08005a50   0x000009e0   Code   RO          334    .text.tenKhzRoutine  main.o
    0x08006430   0x08006430   0x00000124   Code   RO          392    .text.transfercomplete  signal.o
    0x08006554   0x08006554   0x0000000e   Code   RO          717    i.__scatterload_copy  mc_p.l(handlers.o)
    0x08006562   0x08006562   0x00000002   Code   RO          718    i.__scatterload_null  mc_p.l(handlers.o)
    0x08006564   0x08006564   0x0000000e   Code   RO          719    i.__scatterload_zeroinit  mc_p.l(handlers.o)
    0x08006572   0x08006572   0x00000002   PAD
    0x08006574   0x08006574   0x00000040   Data   RO          256    .rodata.AHBPrescTable  system_stm32g0xx.o
    0x080065b4   0x080065b4   0x00000020   Data   RO          257    .rodata.APBPrescTable  system_stm32g0xx.o
    0x080065d4   0x080065d4   0x00000010   Data   RO          286    .rodata.gcr_encode_table  dshot.o
    0x080065e4   0x080065e4   0x00000020   Data   RO          716    Region$$Table       anon$$obj.o


    Execution Region RW_IRAM1 (Exec base: 0x20000000, Load base: 0x08006608, Size: 0x00000ba8, Max: 0x00004000, ABSOLUTE, COMPRESSED[0x00000310])

    Exec Addr    Load Addr    Size         Type   Attr      Idx    E Section Name        Object

    0x20000000   COMPRESSED   0x00000008   Data   RW           36    .data..L_MergedGlobals  comparator.o
    0x20000008   COMPRESSED   0x00000008   Data   RW           48    .data..L_MergedGlobals  eeprom.o
    0x20000010   COMPRESSED   0x0000005c   Data   RW          376    .data..L_MergedGlobals  main.o
    0x2000006c   COMPRESSED   0x00000004   Data   RW          401    .data..L_MergedGlobals  signal.o
    0x20000070   COMPRESSED   0x00000078   Data   RW          377    .data..L_MergedGlobals.1  main.o
    0x200000e8   COMPRESSED   0x00000004   Data   RW          255    .data.SystemCoreClock  system_stm32g0xx.o
    0x200000ec   COMPRESSED   0x00000001   Data   RW           77    .data.buffer_padding  io.o
    0x200000ed   COMPRESSED   0x00000001   Data   RW           78    .data.ic_timer_prescaler  io.o
    0x200000ee   COMPRESSED   0x00000030   Data   RW          272    .data.led_Buffer    ws2812.o
    0x2000011e   COMPRESSED   0x00000002   PAD
    0x20000120   COMPRESSED   0x00000004   Data   RW          400    .data.max_servo_deviation  signal.o
    0x20000124   COMPRESSED   0x00000001   Data   RW          207    .data.nbDataToTransmit  serial_telemetry.o
    0x20000125   COMPRESSED   0x00000001   PAD
    0x20000126   COMPRESSED   0x000002d0   Data   RW          365    .data.pwmSin        main.o
    0x200003f6   COMPRESSED   0x0000000e   Data   RW          346    .firmware_info      main.o
    0x20000404   COMPRESSED   0x00000004   PAD
    0x20000408        -       0x0000005c   Zero   RW          289    .bss..L_MergedGlobals  dshot.o
    0x20000464        -       0x00000014   Zero   RW          402    .bss..L_MergedGlobals.1  signal.o
    0x20000478        -       0x0000007c   Zero   RW          378    .bss..L_MergedGlobals.2  main.o
    0x200004f4        -       0x00000050   Zero   RW          379    .bss..L_MergedGlobals.3  main.o
    0x20000544        -       0x00000006   Zero   RW           19    .bss.ADCDataDMA     adc.o
    0x2000054a        -       0x0000000a   Zero   RW          208    .bss.aTxBuffer      serial_telemetry.o
    0x20000554        -       0x00000001   Zero   RW          439    .bss.beep_volume    sounds.o
    0x20000555   COMPRESSED   0x00000003   PAD
    0x20000558        -       0x00000100   Zero   RW           79    .bss.dma_buffer     io.o
    0x20000658        -       0x00000001   Zero   RW          273    .bss.dma_busy       ws2812.o
    0x20000659        -       0x00000001   Zero   RW          362    .bss.dshot_telemetry  main.o
    0x2000065a        -       0x00000001   Zero   RW          373    .bss.dshotcommand   main.o
    0x2000065b        -       0x000000b0   Zero   RW          361    .bss.eepromBuffer   main.o
    0x2000070b   COMPRESSED   0x00000001   PAD
    0x2000070c        -       0x00000094   Zero   RW          287    .bss.gcr            dshot.o
    0x200007a0        -       0x00000001   Zero   RW          363    .bss.last_dshot_command  main.o
    0x200007a1        -       0x00000001   Zero   RW           80    .bss.out_put        io.o
    0x200007a2   COMPRESSED   0x00000006   PAD
    0x200007a8        -       0x00000400   Zero   RW            1    STACK               startup_stm32g071xx.o



  Load Region LR_FIRMWAREVERSION (Base: 0x0800f7e0, Size: 0x00000000, Max: 0x00000020, ABSOLUTE)

    Execution Region FIRMWAREVERSION (Exec base: 0x0800f7e0, Load base: 0x0800f7e0, Size: 0x00000000, Max: 0x00000020, ABSOLUTE)

    **** No section assigned to this execution region ****


==============================================================================

Image component sizes


      Code (inc. data)   RO Data    RW Data    ZI Data      Debug   Object Name

       776        100          0          0          6       9502   adc.o
       240         40          0          8          0       2813   comparator.o
      1348         94         16          0        240       3918   dshot.o
       354          8          0          8          0       2395   eeprom.o
       112          8          0          0          0       2348   functions.o
       436         72          0          2        257       6583   io.o
      6200        374          0        946        383      20074   main.o
      2440        252          0          0          0      21996   peripherals.o
      1148         26          0          0          0       8242   phaseouts.o
      2044         60          0          1         10      15799   serial_telemetry.o
      1052        128          0          8         20       2979   signal.o
       840         40          0          0          1       4432   sounds.o
        28          8        188          0       1024        668   startup_stm32g071xx.o
       478         48          0          0          0       6342   stm32g0xx_it.o
       124          8          0          0          0       6040   stm32g0xx_ll_adc.o
        44          4          0          0          0       2022   stm32g0xx_ll_comp.o
       176          0          0          0          0       4021   stm32g0xx_ll_gpio.o
       616         32          0          0          0      16967   stm32g0xx_ll_rcc.o
      1116         80          0          0          0      12488   stm32g0xx_ll_tim.o
       300         76          0          0          0       5779   stm32g0xx_ll_usart.o
        44          8          0          0          0       7233   stm32g0xx_ll_utils.o
        16          4         96          4          0       2223   system_stm32g0xx.o
       740         48          0         48          1       9817   ws2812.o

    ----------------------------------------------------------------------
     20680       1518        332       1028       1956     174681   Object Totals
         0          0         32          0          0          0   (incl. Generated)
         8          0          0          3         14          0   (incl. Padding)

    ----------------------------------------------------------------------

      Code (inc. data)   RO Data    RW Data    ZI Data      Debug   Library Member Name

        86          0          0          0          0          0   __dczerorl2.o
         0          0          0          0          0          0   entry.o
         0          0          0          0          0          0   entry10a.o
         0          0          0          0          0          0   entry11a.o
         8          4          0          0          0          0   entry2.o
         4          0          0          0          0          0   entry5.o
         0          0          0          0          0          0   entry7b.o
         0          0          0          0          0          0   entry8b.o
         8          4          0          0          0          0   entry9a.o
        30          0          0          0          0          0   handlers.o
        80          6          0          0          0         72   idiv_div0.o
        36          8          0          0          0         68   init.o
         0          0          0          0          0          0   iusefp.o
        36          0          0          0          0         60   memcpya.o
        36          0          0          0          0        100   memseta.o
        62          0          0          0          0         72   uidiv_div0.o
       178          0          0          0          0        108   fadd.o
        28          0          0          0          0         60   fcmpge.o
        28          0          0          0          0         60   fcmpgt.o
        28          0          0          0          0         60   fcmple.o
        28          0          0          0          0         60   fcmplt.o
       124          0          0          0          0         72   fdiv.o
       130          0          0          0          0        144   fepilogue.o
        50          0          0          0          0         60   ffixi.o
        22          0          0          0          0         68   fflti.o

    ----------------------------------------------------------------------
      1008         22          0          0          0       1064   Library Totals
         6          0          0          0          0          0   (incl. Padding)

    ----------------------------------------------------------------------

      Code (inc. data)   RO Data    RW Data    ZI Data      Debug   Library Name

       386         22          0          0          0        372   mc_p.l
       616          0          0          0          0        692   mf_p.l

    ----------------------------------------------------------------------
      1008         22          0          0          0       1064   Library Totals

    ----------------------------------------------------------------------

==============================================================================


      Code (inc. data)   RO Data    RW Data    ZI Data      Debug   

     21688       1540        332       1028       1956     175109   Grand Totals
     21688       1540        332        784       1956     175109   ELF Image Totals (compressed)
     21688       1540        332        784          0          0   ROM Totals

==============================================================================

    Total RO  Size (Code + RO Data)                22020 (  21.50kB)
    Total RW  Size (RW Data + ZI Data)              2984 (   2.91kB)
    Total ROM Size (Code + RO Data + RW Data)      22804 (  22.27kB)

==============================================================================

