Component: Arm Compiler for Embedded 6.22 Tool: armlink [5ee90200]

==============================================================================

Section Cross References

    dshot.o(.text.computeDshotDMA) refers to io.o(.bss.dma_buffer) for dma_buffer
    dshot.o(.text.computeDshotDMA) refers to dshot.o(.bss..L_MergedGlobals) for .L_MergedGlobals
    dshot.o(.text.computeDshotDMA) refers to signal.o(.bss..L_MergedGlobals.1) for dshot_frametime_low
    dshot.o(.text.computeDshotDMA) refers to signal.o(.data..L_MergedGlobals) for dshot_frametime_high
    dshot.o(.text.computeDshotDMA) refers to main.o(.bss..L_MergedGlobals.2) for signaltimeout
    dshot.o(.text.computeDshotDMA) refers to io.o(.text.getInputPinState) for getInputPinState
    dshot.o(.text.computeDshotDMA) refers to main.o(.bss.dshotcommand) for dshotcommand
    dshot.o(.text.computeDshotDMA) refers to eeprom.o(.bss.eepromBuffer) for eepromBuffer
    dshot.o(.text.computeDshotDMA) refers to main.o(.data..L_MergedGlobals) for forward
    dshot.o(.text.computeDshotDMA) refers to main.o(.text.saveEEpromSettings) for saveEEpromSettings
    dshot.o(.text.computeDshotDMA) refers to main.o(.bss.last_dshot_command) for last_dshot_command
    dshot.o(.ARM.exidx.text.computeDshotDMA) refers to dshot.o(.text.computeDshotDMA) for [Anonymous Symbol]
    dshot.o(.text.make_dshot_package) refers to dshot.o(.bss..L_MergedGlobals) for .L_MergedGlobals
    dshot.o(.text.make_dshot_package) refers to main.o(.bss..L_MergedGlobals.2) for running
    dshot.o(.text.make_dshot_package) refers to dshot.o(.rodata.gcr_encode_table) for gcr_encode_table
    dshot.o(.text.make_dshot_package) refers to io.o(.data.buffer_padding) for buffer_padding
    dshot.o(.text.make_dshot_package) refers to dshot.o(.bss.gcr) for gcr
    dshot.o(.ARM.exidx.text.make_dshot_package) refers to dshot.o(.text.make_dshot_package) for [Anonymous Symbol]
    functions.o(.ARM.exidx.text.map) refers to functions.o(.text.map) for [Anonymous Symbol]
    functions.o(.ARM.exidx.text.getAbsDif) refers to functions.o(.text.getAbsDif) for [Anonymous Symbol]
    functions.o(.ARM.exidx.text.delayMicros) refers to functions.o(.text.delayMicros) for [Anonymous Symbol]
    functions.o(.ARM.exidx.text.delayMillis) refers to functions.o(.text.delayMillis) for [Anonymous Symbol]
    functions.o(.ARM.exidx.text.gpio_mode_QUICK) refers to functions.o(.text.gpio_mode_QUICK) for [Anonymous Symbol]
    functions.o(.ARM.exidx.text.gpio_mode_set) refers to functions.o(.text.gpio_mode_set) for [Anonymous Symbol]
    main.o(.text.doPidCalculations) refers to fflt_clz.o(x$fpl$fflt) for __aeabi_i2f
    main.o(.ARM.exidx.text.doPidCalculations) refers to main.o(.text.doPidCalculations) for [Anonymous Symbol]
    main.o(.text.loadEEpromSettings) refers to eeprom.o(.bss.eepromBuffer) for eepromBuffer
    main.o(.text.loadEEpromSettings) refers to main.o(.bss..L_MergedGlobals.2) for .L_MergedGlobals.2
    main.o(.text.loadEEpromSettings) refers to main.o(.data..L_MergedGlobals) for .L_MergedGlobals
    main.o(.text.loadEEpromSettings) refers to functions.o(.text.map) for map
    main.o(.text.loadEEpromSettings) refers to sounds.o(.text.setVolume) for setVolume
    main.o(.text.loadEEpromSettings) refers to dshot.o(.bss..L_MergedGlobals) for EDT_ARMED
    main.o(.ARM.exidx.text.loadEEpromSettings) refers to main.o(.text.loadEEpromSettings) for [Anonymous Symbol]
    main.o(.text.saveEEpromSettings) refers to main.o(.data..L_MergedGlobals) for .L_MergedGlobals
    main.o(.text.saveEEpromSettings) refers to eeprom.o(.bss.eepromBuffer) for eepromBuffer
    main.o(.text.saveEEpromSettings) refers to main.o(.bss..L_MergedGlobals.2) for .L_MergedGlobals.2
    main.o(.text.saveEEpromSettings) refers to eeprom.o(.text.save_flash_nolib) for save_flash_nolib
    main.o(.ARM.exidx.text.saveEEpromSettings) refers to main.o(.text.saveEEpromSettings) for [Anonymous Symbol]
    main.o(.text.getSmoothedCurrent) refers to main.o(.bss..L_MergedGlobals.2) for .L_MergedGlobals.2
    main.o(.text.getSmoothedCurrent) refers to main.o(.bss..L_MergedGlobals.3) for .L_MergedGlobals.3
    main.o(.text.getSmoothedCurrent) refers to main.o(.bss.readings) for readings
    main.o(.ARM.exidx.text.getSmoothedCurrent) refers to main.o(.text.getSmoothedCurrent) for [Anonymous Symbol]
    main.o(.text.getBemfState) refers to comparator.o(.text.getCompOutputLevel) for getCompOutputLevel
    main.o(.text.getBemfState) refers to main.o(.data..L_MergedGlobals) for .L_MergedGlobals
    main.o(.text.getBemfState) refers to main.o(.bss..L_MergedGlobals.2) for .L_MergedGlobals.2
    main.o(.ARM.exidx.text.getBemfState) refers to main.o(.text.getBemfState) for [Anonymous Symbol]
    main.o(.text.commutate) refers to main.o(.data..L_MergedGlobals) for .L_MergedGlobals
    main.o(.text.commutate) refers to main.o(.bss..L_MergedGlobals.2) for .L_MergedGlobals.2
    main.o(.text.commutate) refers to phaseouts.o(.text.comStep) for comStep
[...]
    [Anonymous Symbol]                       0x08006080   Section        0  at32f421_tmr.o(.text.tmr_output_channel_buffer_enable)
    [Anonymous Symbol]                       0x080060e0   Section        0  at32f421_tmr.o(.text.tmr_period_buffer_enable)
    [Anonymous Symbol]                       0x080060f4   Section        0  at32f421_tmr.o(.text.tmr_reset)
    [Anonymous Symbol]                       0x080061ac   Section        0  signal.o(.text.transfercomplete)
    [Anonymous Symbol]                       0x08006348   Section        0  at32f421_usart.o(.text.usart_dma_transmitter_enable)
    [Anonymous Symbol]                       0x0800635c   Section        0  at32f421_usart.o(.text.usart_enable)
    [Anonymous Symbol]                       0x08006370   Section        0  at32f421_usart.o(.text.usart_init)
    [Anonymous Symbol]                       0x080063f8   Section        0  at32f421_usart.o(.text.usart_receiver_enable)
    [Anonymous Symbol]                       0x0800640c   Section        0  at32f421_usart.o(.text.usart_single_line_halfduplex_select)
    [Anonymous Symbol]                       0x08006420   Section        0  at32f421_usart.o(.text.usart_transmitter_enable)
    [Anonymous Symbol]                       0x08006434   Section        0  main.o(.text.zcfoundroutine)
    x$fpl$fadd                               0x08006548   Section      196  faddsub_clz.o(x$fpl$fadd)
    _fadd1                                   0x08006557   Thumb Code     0  faddsub_clz.o(x$fpl$fadd)
    x$fpl$fcmp                               0x0800660c   Section       84  fcmp.o(x$fpl$fcmp)
    x$fpl$fcmpinf                            0x08006660   Section       24  fcmpi.o(x$fpl$fcmpinf)
    _fdiv1                                   0x08006679   Thumb Code     0  fdiv.o(x$fpl$fdiv)
    x$fpl$fdiv                               0x08006678   Section      388  fdiv.o(x$fpl$fdiv)
    x$fpl$feqf                               0x080067fc   Section      104  feqf.o(x$fpl$feqf)
    x$fpl$ffix                               0x08006864   Section       54  ffix.o(x$fpl$ffix)
    x$fpl$fflt                               0x0800689c   Section       48  fflt_clz.o(x$fpl$fflt)
    x$fpl$fgeqf                              0x080068cc   Section      104  fgeqf.o(x$fpl$fgeqf)
    x$fpl$fleqf                              0x08006934   Section      104  fleqf.o(x$fpl$fleqf)
    x$fpl$fnaninf                            0x0800699c   Section      140  fnaninf.o(x$fpl$fnaninf)
    x$fpl$fretinf                            0x08006a28   Section       10  fretinf.o(x$fpl$fretinf)
    x$fpl$fsub                               0x08006a34   Section      234  faddsub_clz.o(x$fpl$fsub)
    _fsub1                                   0x08006a43   Thumb Code     0  faddsub_clz.o(x$fpl$fsub)
    crm_clocks_freq_get.ahb_apb2_div_table   0x08006b1e   Data           8  at32f421_crm.o(.rodata.cst8)
    [Anonymous Symbol]                       0x08006b1e   Section        0  at32f421_crm.o(.rodata.cst8)
    x$fpl$usenofp                            0x08006b1e   Section        0  usenofp.o(x$fpl$usenofp)
    __tagsym$$used.0                         0x08007be0   Number         0  firmwareversion.o(.rodata.test)
    [Anonymous Symbol]                       0x08007c00   Section        0  eeprom.o(.text.save_flash_nolib)
    .L_MergedGlobals                         0x20000000   Data          96  main.o(.data..L_MergedGlobals)
    [Anonymous Symbol]                       0x20000000   Section        0  main.o(.data..L_MergedGlobals)
    .L_MergedGlobals                         0x20000060   Data           6  signal.o(.data..L_MergedGlobals)
    [Anonymous Symbol]                       0x20000060   Section        0  signal.o(.data..L_MergedGlobals)
    .L_MergedGlobals.1                       0x20000068   Data         120  main.o(.data..L_MergedGlobals.1)
    [Anonymous Symbol]                       0x20000068   Section        0  main.o(.data..L_MergedGlobals.1)
    .bss                                     0x200003c0   Section       96  libspace.o(.bss)
    .L_MergedGlobals                         0x20000420   Data          92  dshot.o(.bss..L_MergedGlobals)
    [Anonymous Symbol]                       0x20000420   Section        0  dshot.o(.bss..L_MergedGlobals)
    .L_MergedGlobals.1                       0x2000047c   Data          28  signal.o(.bss..L_MergedGlobals.1)
    [Anonymous Symbol]                       0x2000047c   Section        0  signal.o(.bss..L_MergedGlobals.1)
    .L_MergedGlobals.2                       0x20000498   Data         124  main.o(.bss..L_MergedGlobals.2)
    [Anonymous Symbol]                       0x20000498   Section        0  main.o(.bss..L_MergedGlobals.2)
    .L_MergedGlobals.3                       0x20000514   Data          28  main.o(.bss..L_MergedGlobals.3)
    [Anonymous Symbol]                       0x20000514   Section        0  main.o(.bss..L_MergedGlobals.3)
    __tagsym$$used.0                         0x20000645   Number         0  eeprom.o(.bss.eepromBuffer)
    Heap_Mem                                 0x20000860   Data         512  startup_at32f421.o(HEAP)
    HEAP                                     0x20000860   Section      512  startup_at32f421.o(HEAP)
    Stack_Mem                                0x20000a60   Data        1024  startup_at32f421.o(STACK)
    STACK                                    0x20000a60   Section     1024  startup_at32f421.o(STACK)
    __initial_sp                             0x20000e60   Data           0  startup_at32f421.o(STACK)

    Global Symbols

    Symbol Name                              Value     Ov Type        Size  Object(Section)

    BuildAttributes$$THM_ISAv4$E$P$D$K$B$S$7EM$PE$A:L22UL41UL21$X:L11$S22US41US21$IEEE1$IW$~IW$USESV6$~STKCKD$USESV7$~SHL$OTIME$ROPI$EBA8$UX$STANDARDLIB$REQ8$PRES8$EABIv2 0x00000000   Number         0  anon$$obj.o ABSOLUTE
    __fp_init_empty                          0x00000000   Number         0  fpinit_empty.o ABSOLUTE
    __ARM_exceptions_init                     - Undefined Weak Reference
    __alloca_initialize                       - Undefined Weak Reference
    __arm_preinit_                            - Undefined Weak Reference
    __arm_relocate_pie_                       - Undefined Weak Reference
    __cpp_initialize__aeabi_                  - Undefined Weak Reference
    __cxa_finalize                            - Undefined Weak Reference
    __rt_locale                               - Undefined Weak Reference
    __sigvec_lookup                           - Undefined Weak Reference
    _atexit_init                              - Undefined Weak Reference
    _call_atexit_fns                          - Undefined Weak Reference
    _clock_init                               - Undefined Weak Reference
    _fp_trap_init                             - Undefined Weak Reference
    _fp_trap_shutdown                         - Undefined Weak Reference
    _get_lc_collate                           - Undefined Weak Reference
    _get_lc_ctype                             - Undefined Weak Reference
    _get_lc_monetary                          - Undefined Weak Reference
    _get_lc_numeric                           - Undefined Weak Reference
    _get_lc_time                              - Undefined Weak Reference
    _getenv_init                              - Undefined Weak Reference
    _handle_redirection                       - Undefined Weak Reference
    _init_alloc                               - Undefined Weak Reference
    _init_user_alloc                          - Undefined Weak Reference
    _initio                                   - Undefined Weak Reference
    _rand_init                                - Undefined Weak Reference
    _signal_finish                            - Undefined Weak Reference
    _signal_init                              - Undefined Weak Reference
    _terminate_alloc                          - Undefined Weak Reference
    _terminate_user_alloc                     - Undefined Weak Reference
    _terminateio                              - Undefined Weak Reference
    __Vectors_Size                           0x000000cc   Number         0  startup_at32f421.o ABSOLUTE
    __Vectors                                0x08001000   Data           4  startup_at32f421.o(RESET)
    __Vectors_End                            0x080010cc   Data           0  startup_at32f421.o(RESET)
    __main                                   0x080010cd   Thumb Code     8  __main.o(!!!main)
    __scatterload                            0x080010d5   Thumb Code     0  __scatter.o(!!!scatter)
    __scatterload_rt2                        0x080010d5   Thumb Code    84  __scatter.o(!!!scatter)
    __scatterload_rt2_thumb_only             0x080010d5   Thumb Code     0  __scatter.o(!!!scatter)
    __scatterload_loop                       0x080010df   Thumb Code     0  __scatter.o(!!!scatter)
    __decompress                             0x08001131   Thumb Code    90  __dczerorl2.o(!!dczerorl2)
    __decompress1                            0x08001131   Thumb Code     0  __dczerorl2.o(!!dczerorl2)
    __scatterload_copy                       0x0800118d   Thumb Code    26  __scatter_copy.o(!!handler_copy)
    __scatterload_null                       0x080011a9   Thumb Code     2  __scatter.o(!!handler_null)
    __scatterload_zeroinit                   0x080011ad   Thumb Code    28  __scatter_zi.o(!!handler_zi)
    __rt_lib_init                            0x080011c9   Thumb Code     0  libinit.o(.ARM.Collect$$libinit$$00000000)
    __rt_lib_init_alloca_1                   0x080011cb   Thumb Code     0  libinit2.o(.ARM.Collect$$libinit$$00000030)
    __rt_lib_init_argv_1                     0x080011cb   Thumb Code     0  libinit2.o(.ARM.Collect$$libinit$$0000002E)
    __rt_lib_init_atexit_1                   0x080011cb   Thumb Code     0  libinit2.o(.ARM.Collect$$libinit$$0000001D)
    __rt_lib_init_clock_1                    0x080011cb   Thumb Code     0  libinit2.o(.ARM.Collect$$libinit$$00000023)
    __rt_lib_init_cpp_1                      0x080011cb   Thumb Code     0  libinit2.o(.ARM.Collect$$libinit$$00000034)
    __rt_lib_init_exceptions_1               0x080011cb   Thumb Code     0  libinit2.o(.ARM.Collect$$libinit$$00000032)
    __rt_lib_init_fp_1                       0x080011cb   Thumb Code     0  libinit2.o(.ARM.Collect$$libinit$$00000002)
    __rt_lib_init_fp_trap_1                  0x080011cb   Thumb Code     0  libinit2.o(.ARM.Collect$$libinit$$00000021)
    __rt_lib_init_getenv_1                   0x080011cb   Thumb Code     0  libinit2.o(.ARM.Collect$$libinit$$00000025)
    __rt_lib_init_heap_1                     0x080011cb   Thumb Code     0  libinit2.o(.ARM.Collect$$libinit$$0000000C)
    __rt_lib_init_lc_collate_1               0x080011cb   Thumb Code     0  libinit2.o(.ARM.Collect$$libinit$$00000013)
    __rt_lib_init_lc_ctype_1                 0x080011cb   Thumb Code     0  libinit2.o(.ARM.Collect$$libinit$$00000015)
    __rt_lib_init_lc_monetary_1              0x080011cb   Thumb Code     0  libinit2.o(.ARM.Collect$$libinit$$00000017)
    __rt_lib_init_lc_numeric_1               0x080011cb   Thumb Code     0  libinit2.o(.ARM.Collect$$libinit$$00000019)
    __rt_lib_init_lc_time_1                  0x080011cb   Thumb Code     0  libinit2.o(.ARM.Collect$$libinit$$0000001B)
    __rt_lib_init_preinit_1                  0x080011cb   Thumb Code     0  libinit2.o(.ARM.Collect$$libinit$$00000006)
    __rt_lib_init_rand_1                     0x080011cb   Thumb Code     0  libinit2.o(.ARM.Collect$$libinit$$00000010)
    __rt_lib_init_relocate_pie_1             0x080011cb   Thumb Code     0  libinit2.o(.ARM.Collect$$libinit$$00000004)
    __rt_lib_init_return                     0x080011cb   Thumb Code     0  libinit2.o(.ARM.Collect$$libinit$$00000035)
    __rt_lib_init_signal_1                   0x080011cb   Thumb Code     0  libinit2.o(.ARM.Collect$$libinit$$0000001F)
    __rt_lib_init_stdio_1                    0x080011cb   Thumb Code     0  libinit2.o(.ARM.Collect$$libinit$$00000027)
    __rt_lib_init_user_alloc_1               0x080011cb   Thumb Code     0  libinit2.o(.ARM.Collect$$libinit$$0000000E)
    __rt_lib_shutdown                        0x080011cd   Thumb Code     0  libshutdown.o(.ARM.Collect$$libshutdown$$00000000)
    __rt_lib_shutdown_cpp_1                  0x080011cf   Thumb Code     0  libshutdown2.o(.ARM.Collect$$libshutdown$$00000002)
    __rt_lib_shutdown_fp_trap_1              0x080011cf   Thumb Code     0  libshutdown2.o(.ARM.Collect$$libshutdown$$00000007)
    __rt_lib_shutdown_heap_1                 0x080011cf   Thumb Code     0  libshutdown2.o(.ARM.Collect$$libshutdown$$0000000F)
    __rt_lib_shutdown_return                 0x080011cf   Thumb Code     0  libshutdown2.o(.ARM.Collect$$libshutdown$$00000010)
    __rt_lib_shutdown_signal_1               0x080011cf   Thumb Code     0  libshutdown2.o(.ARM.Collect$$libshutdown$$0000000A)
    __rt_lib_shutdown_stdio_1                0x080011cf   Thumb Code     0  libshutdown2.o(.ARM.Collect$$libshutdown$$00000004)
    __rt_lib_shutdown_user_alloc_1           0x080011cf   Thumb Code     0  libshutdown2.o(.ARM.Collect$$libshutdown$$0000000C)
    __rt_entry                               0x080011d1   Thumb Code     0  __rtentry.o(.ARM.Collect$$rtentry$$00000000)
    __rt_entry_presh_1                       0x080011d1   Thumb Code     0  __rtentry2.o(.ARM.Collect$$rtentry$$00000002)
    __rt_entry_sh                            0x080011d1   Thumb Code     0  __rtentry4.o(.ARM.Collect$$rtentry$$00000004)
    __rt_entry_li                            0x080011d7   Thumb Code     0  __rtentry2.o(.ARM.Collect$$rtentry$$0000000A)
    __rt_entry_postsh_1                      0x080011d7   Thumb Code     0  __rtentry2.o(.ARM.Collect$$rtentry$$00000009)
    __rt_entry_main                          0x080011db   Thumb Code     0  __rtentry2.o(.ARM.Collect$$rtentry$$0000000D)
    __rt_entry_postli_1                      0x080011db   Thumb Code     0  __rtentry2.o(.ARM.Collect$$rtentry$$0000000C)
    __rt_exit                                0x080011e3   Thumb Code     0  rtexit.o(.ARM.Collect$$rtexit$$00000000)
    __rt_exit_ls                             0x080011e5   Thumb Code     0  rtexit2.o(.ARM.Collect$$rtexit$$00000003)
    __rt_exit_prels_1                        0x080011e5   Thumb Code     0  rtexit2.o(.ARM.Collect$$rtexit$$00000002)
    __rt_exit_exit                           0x080011e9   Thumb Code     0  rtexit2.o(.ARM.Collect$$rtexit$$00000004)
    Reset_Handler                            0x080011f1   Thumb Code     8  startup_at32f421.o(.text)
    NMI_Handler                              0x080011f9   Thumb Code     2  startup_at32f421.o(.text)
    CRM_IRQHandler                           0x0800120b   Thumb Code     0  startup_at32f421.o(.text)
    ERTC_IRQHandler                          0x0800120b   Thumb Code     0  startup_at32f421.o(.text)
    EXINT1_0_IRQHandler                      0x0800120b   Thumb Code     0  startup_at32f421.o(.text)
    EXINT3_2_IRQHandler                      0x0800120b   Thumb Code     0  startup_at32f421.o(.text)
    FLASH_IRQHandler                         0x0800120b   Thumb Code     0  startup_at32f421.o(.text)
    I2C1_ERR_IRQHandler                      0x0800120b   Thumb Code     0  startup_at32f421.o(.text)
    I2C1_EVT_IRQHandler                      0x0800120b   Thumb Code     0  startup_at32f421.o(.text)
    I2C2_ERR_IRQHandler                      0x0800120b   Thumb Code     0  startup_at32f421.o(.text)
    I2C2_EVT_IRQHandler                      0x0800120b   Thumb Code     0  startup_at32f421.o(.text)
    PVM_IRQHandler                           0x0800120b   Thumb Code     0  startup_at32f421.o(.text)
    SPI1_IRQHandler                          0x0800120b   Thumb Code     0  startup_at32f421.o(.text)
    SPI2_IRQHandler                          0x0800120b   Thumb Code     0  startup_at32f421.o(.text)
    TMR17_GLOBAL_IRQHandler                  0x0800120b   Thumb Code     0  startup_at32f421.o(.text)
    TMR1_BRK_OVF_TRG_HALL_IRQHandler         0x0800120b   Thumb Code     0  startup_at32f421.o(.text)
    TMR1_CH_IRQHandler                       0x0800120b   Thumb Code     0  startup_at32f421.o(.text)
    TMR6_GLOBAL_IRQHandler                   0x0800120b   Thumb Code     0  startup_at32f421.o(.text)
    USART2_IRQHandler                        0x0800120b   Thumb Code     0  startup_at32f421.o(.text)
    WWDT_IRQHandler                          0x0800120b   Thumb Code     0  startup_at32f421.o(.text)
    __user_initial_stackheap                 0x0800120d   Thumb Code     0  startup_at32f421.o(.text)
    __aeabi_memclr4                          0x08001231   Thumb Code     0  rt_memclr_w.o(.text)
    __aeabi_memclr8                          0x08001231   Thumb Code     0  rt_memclr_w.o(.text)
    __rt_memclr_w                            0x08001231   Thumb Code     0  rt_memclr_w.o(.text)
    _memset_w                                0x08001235   Thumb Code    74  rt_memclr_w.o(.text)
    __use_two_region_memory                  0x0800127f   Thumb Code     2  heapauxi.o(.text)
    __rt_heap_escrow$2region                 0x08001281   Thumb Code     2  heapauxi.o(.text)
    __rt_heap_expand$2region                 0x08001283   Thumb Code     2  heapauxi.o(.text)
    __user_setup_stackheap                   0x08001285   Thumb Code    74  sys_stackheap_outer.o(.text)
    exit                                     0x080012cf   Thumb Code    18  exit.o(.text)
    __user_libspace                          0x080012e1   Thumb Code     8  libspace.o(.text)
    __user_perproc_libspace                  0x080012e1   Thumb Code     0  libspace.o(.text)
    __user_perthread_libspace                0x080012e1   Thumb Code     0  libspace.o(.text)
    _sys_exit                                0x080012e9   Thumb Code     8  sys_exit.o(.text)
    __I$use$semihosting                      0x080012f5   Thumb Code     0  use_no_semi.o(.text)
    __use_no_semihosting_swi                 0x080012f5   Thumb Code     2  use_no_semi.o(.text)
    __semihosting_library_function           0x080012f7   Thumb Code     0  indicate_semi.o(.text)
    ADC1_CMP_IRQHandler                      0x080012f9   Thumb Code    54  at32f421_it.o(.text.ADC1_CMP_IRQHandler)
    ADC_DMA_Callback                         0x08001331   Thumb Code    46  adc.o(.text.ADC_DMA_Callback)
    ADC_Init                                 0x08001361   Thumb Code   278  adc.o(.text.ADC_Init)
    BusFault_Handler                         0x08001479   Thumb Code     2  at32f421_it.o(.text.BusFault_Handler)
    DMA1_Channel1_IRQHandler                 0x0800147d   Thumb Code    42  at32f421_it.o(.text.DMA1_Channel1_IRQHandler)
    DMA1_Channel3_2_IRQHandler               0x080014a9   Thumb Code    60  at32f421_it.o(.text.DMA1_Channel3_2_IRQHandler)
    DMA1_Channel5_4_IRQHandler               0x080014e5   Thumb Code   166  at32f421_it.o(.text.DMA1_Channel5_4_IRQHandler)
    DebugMon_Handler                         0x0800158d   Thumb Code     2  at32f421_it.o(.text.DebugMon_Handler)
    EXINT15_4_IRQHandler                     0x08001591   Thumb Code    40  at32f421_it.o(.text.EXINT15_4_IRQHandler)
    HardFault_Handler                        0x080015b9   Thumb Code     2  at32f421_it.o(.text.HardFault_Handler)
    MX_IWDG_Init                             0x080015bd   Thumb Code    38  peripherals.o(.text.MX_IWDG_Init)
    MemManage_Handler                        0x080015e5   Thumb Code     2  at32f421_it.o(.text.MemManage_Handler)
    PendSV_Handler                           0x080015e9   Thumb Code     2  at32f421_it.o(.text.PendSV_Handler)
    PeriodElapsedCallback                    0x080015ed   Thumb Code   218  main.o(.text.PeriodElapsedCallback)
    SVC_Handler                              0x080016c9   Thumb Code     2  at32f421_it.o(.text.SVC_Handler)
    SysTick_Handler                          0x080016cd   Thumb Code     2  at32f421_it.o(.text.SysTick_Handler)
    SystemInit                               0x080016d1   Thumb Code   140  system_at32f421.o(.text.SystemInit)
    TIM1_Init                                0x0800175d   Thumb Code   278  peripherals.o(.text.TIM1_Init)
    TMR14_GLOBAL_IRQHandler                  0x08001875   Thumb Code    18  at32f421_it.o(.text.TMR14_GLOBAL_IRQHandler)
    TMR15_GLOBAL_IRQHandler                  0x08001889   Thumb Code    22  at32f421_it.o(.text.TMR15_GLOBAL_IRQHandler)
    TMR16_GLOBAL_IRQHandler                  0x080018a1   Thumb Code    16  at32f421_it.o(.text.TMR16_GLOBAL_IRQHandler)
    TMR3_GLOBAL_IRQHandler                   0x080018b1   Thumb Code    34  at32f421_it.o(.text.TMR3_GLOBAL_IRQHandler)
    USART1_IRQHandler                        0x080018d5   Thumb Code     2  at32f421_it.o(.text.USART1_IRQHandler)
    UsageFault_Handler                       0x080018d9   Thumb Code     2  at32f421_it.o(.text.UsageFault_Handler)
    adc_base_config                          0x08001909   Thumb Code    68  at32f421_adc.o(.text.adc_base_config)
    adc_base_default_para_init               0x0800194d   Thumb Code     8  at32f421_adc.o(.text.adc_base_default_para_init)
    adc_calibration_init                     0x08001955   Thumb Code    10  at32f421_adc.o(.text.adc_calibration_init)
    adc_calibration_init_status_get          0x08001961   Thumb Code     8  at32f421_adc.o(.text.adc_calibration_init_status_get)
    adc_calibration_start                    0x08001969   Thumb Code    10  at32f421_adc.o(.text.adc_calibration_start)
    adc_calibration_status_get               0x08001975   Thumb Code     8  at32f421_adc.o(.text.adc_calibration_status_get)
    adc_dma_mode_enable                      0x0800197d   Thumb Code    18  at32f421_adc.o(.text.adc_dma_mode_enable)
    adc_enable                               0x08001991   Thumb Code    10  at32f421_adc.o(.text.adc_enable)
    adc_ordinary_channel_set                 0x0800199d   Thumb Code   620  at32f421_adc.o(.text.adc_ordinary_channel_set)
    adc_ordinary_conversion_trigger_set      0x08001c09   Thumb Code    58  at32f421_adc.o(.text.adc_ordinary_conversion_trigger_set)
    adc_ordinary_software_trigger_enable     0x08001c45   Thumb Code    18  at32f421_adc.o(.text.adc_ordinary_software_trigger_enable)
    adc_tempersensor_vintrv_enable           0x08001c59   Thumb Code    26  at32f421_adc.o(.text.adc_tempersensor_vintrv_enable)
    allOff                                   0x08001c75   Thumb Code   138  phaseouts.o(.text.allOff)
    allpwm                                   0x08001d01   Thumb Code   186  phaseouts.o(.text.allpwm)
    changeCompInput                          0x08001dbd   Thumb Code    36  comparator.o(.text.changeCompInput)
    cmp_enable                               0x08001de1   Thumb Code    22  at32f421_cmp.o(.text.cmp_enable)
    comStep                                  0x08001df9   Thumb Code   984  phaseouts.o(.text.comStep)
    computeDshotDMA                          0x080021d1   Thumb Code  1236  dshot.o(.text.computeDshotDMA)
    computeServoInput                        0x080026a5   Thumb Code   462  signal.o(.text.computeServoInput)
    crm_adc_clock_div_set                    0x08002875   Thumb Code    28  at32f421_crm.o(.text.crm_adc_clock_div_set)
    crm_ahb_div_set                          0x08002891   Thumb Code    26  at32f421_crm.o(.text.crm_ahb_div_set)
    crm_apb1_div_set                         0x080028ad   Thumb Code    26  at32f421_crm.o(.text.crm_apb1_div_set)
    crm_apb2_div_set                         0x080028c9   Thumb Code    26  at32f421_crm.o(.text.crm_apb2_div_set)
    crm_auto_step_mode_enable                0x080028e5   Thumb Code    24  at32f421_crm.o(.text.crm_auto_step_mode_enable)
    crm_clock_source_enable                  0x080028fd   Thumb Code   130  at32f421_crm.o(.text.crm_clock_source_enable)
    crm_clocks_freq_get                      0x08002981   Thumb Code   256  at32f421_crm.o(.text.crm_clocks_freq_get)
    crm_flag_get                             0x08002a99   Thumb Code    26  at32f421_crm.o(.text.crm_flag_get)
    crm_periph_clock_enable                  0x08002ab5   Thumb Code    40  at32f421_crm.o(.text.crm_periph_clock_enable)
    crm_periph_reset                         0x08002add   Thumb Code    40  at32f421_crm.o(.text.crm_periph_reset)
    crm_pll_config                           0x08002b05   Thumb Code    78  at32f421_crm.o(.text.crm_pll_config)
    crm_reset                                0x08002b55   Thumb Code   122  at32f421_crm.o(.text.crm_reset)
    crm_sysclk_switch                        0x08002bd1   Thumb Code    18  at32f421_crm.o(.text.crm_sysclk_switch)
    crm_sysclk_switch_status_get             0x08002be5   Thumb Code    16  at32f421_crm.o(.text.crm_sysclk_switch_status_get)
    delayMicros                              0x08002bf5   Thumb Code    44  functions.o(.text.delayMicros)
    delayMillis                              0x08002c21   Thumb Code    78  functions.o(.text.delayMillis)
    detectInput                              0x08002c71   Thumb Code   640  signal.o(.text.detectInput)
    dma_channel_enable                       0x08002ef1   Thumb Code    10  at32f421_dma.o(.text.dma_channel_enable)
    dma_default_para_init                    0x08002efd   Thumb Code    14  at32f421_dma.o(.text.dma_default_para_init)
    dma_flag_get                             0x08002f0d   Thumb Code    16  at32f421_dma.o(.text.dma_flag_get)
    dma_init                                 0x08002f1d   Thumb Code   124  at32f421_dma.o(.text.dma_init)
    dma_reset                                0x08002f99   Thumb Code    64  at32f421_dma.o(.text.dma_reset)
    enableCompInterrupts                     0x08002fd9   Thumb Code    18  comparator.o(.text.enableCompInterrupts)
    enableCorePeripherals                    0x08002fed   Thumb Code   270  peripherals.o(.text.enableCorePeripherals)
    flash_flag_clear                         0x080030fd   Thumb Code    12  at32f421_flash.o(.text.flash_flag_clear)
    flash_lock                               0x08003109   Thumb Code    18  at32f421_flash.o(.text.flash_lock)
    flash_sector_erase                       0x0800311d   Thumb Code   398  at32f421_flash.o(.text.flash_sector_erase)
    flash_unlock                             0x080032ad   Thumb Code    30  at32f421_flash.o(.text.flash_unlock)
    flash_word_program                       0x080032cd   Thumb Code   390  at32f421_flash.o(.text.flash_word_program)
    fullBrake                                0x08003455   Thumb Code   140  phaseouts.o(.text.fullBrake)
    generatePwmTimerEvent                    0x080034e1   Thumb Code    18  peripherals.o(.text.generatePwmTimerEvent)
    getAbsDif                                0x080034f5   Thumb Code     8  functions.o(.text.getAbsDif)
    getCompOutputLevel                       0x080034fd   Thumb Code    14  comparator.o(.text.getCompOutputLevel)
    getConvertedDegrees                      0x0800350d   Thumb Code    38  adc.o(.text.getConvertedDegrees)
    getInputPinState                         0x08003535   Thumb Code    16  io.o(.text.getInputPinState)
    gpio_init                                0x08003545   Thumb Code   122  at32f421_gpio.o(.text.gpio_init)
    gpio_mode_QUICK                          0x080035c1   Thumb Code    22  functions.o(.text.gpio_mode_QUICK)
    gpio_mode_set                            0x080035d9   Thumb Code    38  functions.o(.text.gpio_mode_set)
    gpio_pin_mux_config                      0x08003601   Thumb Code    44  at32f421_gpio.o(.text.gpio_pin_mux_config)
    initAfterJump                            0x0800362d   Thumb Code     4  peripherals.o(.text.initAfterJump)
    initCorePeripherals                      0x08003631   Thumb Code   408  peripherals.o(.text.initCorePeripherals)
    interruptRoutine                         0x080037c9   Thumb Code   174  main.o(.text.interruptRoutine)
    loadEEpromSettings                       0x08003879   Thumb Code   778  main.o(.text.loadEEpromSettings)
    main                                     0x08003b85   Thumb Code  3032  main.o(.text.main)
    makeTelemPackage                         0x0800475d   Thumb Code   270  serial_telemetry.o(.text.makeTelemPackage)
    make_dshot_package                       0x0800486d   Thumb Code   450  dshot.o(.text.make_dshot_package)
    map                                      0x08004a31   Thumb Code    80  functions.o(.text.map)
    maskPhaseInterrupts                      0x08004a81   Thumb Code    24  comparator.o(.text.maskPhaseInterrupts)
    nvic_irq_enable                          0x08004a99   Thumb Code   114  at32f421_misc.o(.text.nvic_irq_enable)
    playBeaconTune3                          0x08004b0d   Thumb Code   148  sounds.o(.text.playBeaconTune3)
    playBlueJayTune                          0x08004ba1   Thumb Code   302  sounds.o(.text.playBlueJayTune)
    playChangedTone                          0x08004cd1   Thumb Code   104  sounds.o(.text.playChangedTone)
    playDefaultTone                          0x08004d39   Thumb Code   104  sounds.o(.text.playDefaultTone)
    playInputTune                            0x08004da1   Thumb Code   122  sounds.o(.text.playInputTune)
    playInputTune2                           0x08004e1d   Thumb Code   124  sounds.o(.text.playInputTune2)
    playStartupTune                          0x08004e99   Thumb Code   144  sounds.o(.text.playStartupTune)
    processDshot                             0x08004f29   Thumb Code    56  main.o(.text.processDshot)
    proportionalBrake                        0x08004f61   Thumb Code   120  phaseouts.o(.text.proportionalBrake)
    receiveDshotDma                          0x08004fd9   Thumb Code   126  io.o(.text.receiveDshotDma)
    resetInputCaptureTimer                   0x08005059   Thumb Code    16  peripherals.o(.text.resetInputCaptureTimer)
    saveEEpromSettings                       0x08005069   Thumb Code   114  main.o(.text.saveEEpromSettings)
    sendDshotDma                             0x080050dd   Thumb Code   154  io.o(.text.sendDshotDma)
    send_telem_DMA                           0x08005179   Thumb Code    28  serial_telemetry.o(.text.send_telem_DMA)
    setInput                                 0x08005195   Thumb Code  1826  main.o(.text.setInput)
    setInputPullUp                           0x080058b9   Thumb Code    18  io.o(.text.setInputPullUp)
    setPWMCompare1                           0x080058cd   Thumb Code    12  peripherals.o(.text.setPWMCompare1)
    setPWMCompare2                           0x080058d9   Thumb Code    12  peripherals.o(.text.setPWMCompare2)
    setPWMCompare3                           0x080058e5   Thumb Code    12  peripherals.o(.text.setPWMCompare3)
    setVolume                                0x080058f1   Thumb Code    20  sounds.o(.text.setVolume)
    system_clock_config                      0x08005905   Thumb Code   118  peripherals.o(.text.system_clock_config)
    system_core_clock_update                 0x0800597d   Thumb Code   212  system_at32f421.o(.text.system_core_clock_update)
    telem_UART_Init                          0x08005a61   Thumb Code   244  serial_telemetry.o(.text.telem_UART_Init)
    tenKhzRoutine                            0x08005b55   Thumb Code  1172  main.o(.text.tenKhzRoutine)
    tmr_channel_enable                       0x08005fe9   Thumb Code   150  at32f421_tmr.o(.text.tmr_channel_enable)
    tmr_output_channel_buffer_enable         0x08006081   Thumb Code    94  at32f421_tmr.o(.text.tmr_output_channel_buffer_enable)
    tmr_period_buffer_enable                 0x080060e1   Thumb Code    18  at32f421_tmr.o(.text.tmr_period_buffer_enable)
    tmr_reset                                0x080060f5   Thumb Code   182  at32f421_tmr.o(.text.tmr_reset)
    transfercomplete                         0x080061ad   Thumb Code   412  signal.o(.text.transfercomplete)
    usart_dma_transmitter_enable             0x08006349   Thumb Code    18  at32f421_usart.o(.text.usart_dma_transmitter_enable)
    usart_enable                             0x0800635d   Thumb Code    18  at32f421_usart.o(.text.usart_enable)
    usart_init                               0x08006371   Thumb Code   134  at32f421_usart.o(.text.usart_init)
    usart_receiver_enable                    0x080063f9   Thumb Code    18  at32f421_usart.o(.text.usart_receiver_enable)
    usart_single_line_halfduplex_select      0x0800640d   Thumb Code    18  at32f421_usart.o(.text.usart_single_line_halfduplex_select)
    usart_transmitter_enable                 0x08006421   Thumb Code    18  at32f421_usart.o(.text.usart_transmitter_enable)
    zcfoundroutine                           0x08006435   Thumb Code   274  main.o(.text.zcfoundroutine)
    __aeabi_fadd                             0x08006549   Thumb Code     0  faddsub_clz.o(x$fpl$fadd)
    _fadd                                    0x08006549   Thumb Code   196  faddsub_clz.o(x$fpl$fadd)
    __aeabi_fcmpeq                           0x0800660d   Thumb Code     0  fcmp.o(x$fpl$fcmp)
    _feq                                     0x0800660d   Thumb Code    14  fcmp.o(x$fpl$fcmp)
    _fneq                                    0x0800661b   Thumb Code    14  fcmp.o(x$fpl$fcmp)
    __aeabi_fcmpgt                           0x08006629   Thumb Code     0  fcmp.o(x$fpl$fcmp)
    _fgr                                     0x08006629   Thumb Code    14  fcmp.o(x$fpl$fcmp)
    __aeabi_fcmpge                           0x08006637   Thumb Code     0  fcmp.o(x$fpl$fcmp)
    _fgeq                                    0x08006637   Thumb Code    14  fcmp.o(x$fpl$fcmp)
    __aeabi_fcmple                           0x08006645   Thumb Code     0  fcmp.o(x$fpl$fcmp)
    _fleq                                    0x08006645   Thumb Code    14  fcmp.o(x$fpl$fcmp)
    __aeabi_fcmplt                           0x08006653   Thumb Code     0  fcmp.o(x$fpl$fcmp)
    _fls                                     0x08006653   Thumb Code    14  fcmp.o(x$fpl$fcmp)
    __fpl_fcmp_Inf                           0x08006661   Thumb Code    24  fcmpi.o(x$fpl$fcmpinf)
    __aeabi_fdiv                             0x08006679   Thumb Code     0  fdiv.o(x$fpl$fdiv)
    _fdiv                                    0x08006679   Thumb Code   384  fdiv.o(x$fpl$fdiv)
    __aeabi_cfcmpeq                          0x080067fd   Thumb Code     0  feqf.o(x$fpl$feqf)
    _fcmpeq                                  0x080067fd   Thumb Code   104  feqf.o(x$fpl$feqf)
    __aeabi_f2iz                             0x08006865   Thumb Code     0  ffix.o(x$fpl$ffix)
    _ffix                                    0x08006865   Thumb Code    54  ffix.o(x$fpl$ffix)
    __aeabi_i2f                              0x0800689d   Thumb Code     0  fflt_clz.o(x$fpl$fflt)
    _fflt                                    0x0800689d   Thumb Code    48  fflt_clz.o(x$fpl$fflt)
    _fcmpge                                  0x080068cd   Thumb Code   104  fgeqf.o(x$fpl$fgeqf)
    __aeabi_cfcmple                          0x08006935   Thumb Code     0  fleqf.o(x$fpl$fleqf)
    _fcmple                                  0x08006935   Thumb Code   104  fleqf.o(x$fpl$fleqf)
    __fpl_fcmple_InfNaN                      0x08006987   Thumb Code     0  fleqf.o(x$fpl$fleqf)
    __fpl_fnaninf                            0x0800699d   Thumb Code   140  fnaninf.o(x$fpl$fnaninf)
    __fpl_fretinf                            0x08006a29   Thumb Code    10  fretinf.o(x$fpl$fretinf)
    __aeabi_fsub                             0x08006a35   Thumb Code     0  faddsub_clz.o(x$fpl$fsub)
    _fsub                                    0x08006a35   Thumb Code   234  faddsub_clz.o(x$fpl$fsub)
    __I$use$fp                               0x08006b1e   Number         0  usenofp.o(x$fpl$usenofp)
    gcr_encode_table                         0x08006b26   Data          16  dshot.o(.rodata.gcr_encode_table)
    Region$$Table$$Base                      0x08006b38   Number         0  anon$$obj.o(Region$$Table)
    Region$$Table$$Limit                     0x08006b68   Number         0  anon$$obj.o(Region$$Table)
    test                                     0x08007be0   Data          30  firmwareversion.o(.rodata.test)
    save_flash_nolib                         0x08007c01   Thumb Code   258  eeprom.o(.text.save_flash_nolib)
    eeprom_layout_version                    0x20000000   Data           1  main.o(.data..L_MergedGlobals)
    comp_pwm                                 0x20000001   Data           1  main.o(.data..L_MergedGlobals)
    VARIABLE_PWM                             0x20000002   Data           1  main.o(.data..L_MergedGlobals)
    stuck_rotor_protection                   0x20000003   Data           1  main.o(.data..L_MergedGlobals)
    telemetry_interval_ms                    0x20000004   Data           1  main.o(.data..L_MergedGlobals)
    TEMPERATURE_LIMIT                        0x20000005   Data           1  main.o(.data..L_MergedGlobals)
    advance_level                            0x20000006   Data           1  main.o(.data..L_MergedGlobals)
    temp_advance                             0x20000007   Data           1  main.o(.data..L_MergedGlobals)
    motor_poles                              0x20000008   Data           1  main.o(.data..L_MergedGlobals)
    sine_mode_power                          0x20000009   Data           1  main.o(.data..L_MergedGlobals)
    drag_brake_strength                      0x2000000a   Data           1  main.o(.data..L_MergedGlobals)
    driving_brake_strength                   0x2000000b   Data           1  main.o(.data..L_MergedGlobals)
    dead_time_override                       0x2000000c   Data           1  main.o(.data..L_MergedGlobals)
    sine_mode_changeover_thottle_level       0x2000000d   Data           1  main.o(.data..L_MergedGlobals)
    servo_dead_band                          0x2000000e   Data           1  main.o(.data..L_MergedGlobals)
    maximum_throttle_change_ramp             0x2000000f   Data           1  main.o(.data..L_MergedGlobals)
    low_rpm_throttle_limit                   0x20000010   Data           1  main.o(.data..L_MergedGlobals)
    bemf_timeout                             0x20000011   Data           1  main.o(.data..L_MergedGlobals)
    reversing_dead_band                      0x20000012   Data           1  main.o(.data..L_MergedGlobals)
    max_duty_cycle_change                    0x20000013   Data           1  main.o(.data..L_MergedGlobals)
    fast_accel                               0x20000014   Data           1  main.o(.data..L_MergedGlobals)
    old_routine                              0x20000015   Data           1  main.o(.data..L_MergedGlobals)
    changeover_step                          0x20000016   Data           1  main.o(.data..L_MergedGlobals)
    filter_level                             0x20000017   Data           1  main.o(.data..L_MergedGlobals)
    rising                                   0x20000018   Data           1  main.o(.data..L_MergedGlobals)
    forward                                  0x20000019   Data           1  main.o(.data..L_MergedGlobals)
    bad_count_threshold                      0x2000001a   Data           1  main.o(.data..L_MergedGlobals)
    min_bemf_counts_up                       0x2000001b   Data           1  main.o(.data..L_MergedGlobals)
    min_bemf_counts_down                     0x2000001c   Data           1  main.o(.data..L_MergedGlobals)
    step                                     0x2000001d   Data           1  main.o(.data..L_MergedGlobals)
    motor_kv                                 0x2000001e   Data           2  main.o(.data..L_MergedGlobals)
    CURRENT_LIMIT                            0x20000020   Data           2  main.o(.data..L_MergedGlobals)
    stall_protect_target_interval            0x20000022   Data           2  main.o(.data..L_MergedGlobals)
    enter_sine_angle                         0x20000024   Data           2  main.o(.data..L_MergedGlobals)
    servo_low_threshold                      0x20000026   Data           2  main.o(.data..L_MergedGlobals)
    servo_high_threshold                     0x20000028   Data           2  main.o(.data..L_MergedGlobals)
    servo_neutral                            0x2000002a   Data           2  main.o(.data..L_MergedGlobals)
    low_cell_volt_cutoff                     0x2000002c   Data           2  main.o(.data..L_MergedGlobals)
    use_current_limit_adjust                 0x2000002e   Data           2  main.o(.data..L_MergedGlobals)
    reverse_speed_threshold                  0x20000030   Data           2  main.o(.data..L_MergedGlobals)
    VOLTAGE_DIVIDER                          0x20000032   Data           2  main.o(.data..L_MergedGlobals)
    min_startup_duty                         0x20000034   Data           2  main.o(.data..L_MergedGlobals)
    startup_max_duty_cycle                   0x20000036   Data           2  main.o(.data..L_MergedGlobals)
    minimum_duty_cycle                       0x20000038   Data           2  main.o(.data..L_MergedGlobals)
    stall_protect_minimum_duty               0x2000003a   Data           2  main.o(.data..L_MergedGlobals)
    tim1_arr                                 0x2000003c   Data           2  main.o(.data..L_MergedGlobals)
    TIMER1_MAX_ARR                           0x2000003e   Data           2  main.o(.data..L_MergedGlobals)
    duty_cycle_maximum                       0x20000040   Data           2  main.o(.data..L_MergedGlobals)
    low_rpm_level                            0x20000042   Data           2  main.o(.data..L_MergedGlobals)
    high_rpm_level                           0x20000044   Data           2  main.o(.data..L_MergedGlobals)
    throttle_max_at_low_rpm                  0x20000046   Data           2  main.o(.data..L_MergedGlobals)
    throttle_max_at_high_rpm                 0x20000048   Data           2  main.o(.data..L_MergedGlobals)
    step_delay                               0x2000004a   Data           2  main.o(.data..L_MergedGlobals)
    gate_drive_offset                        0x2000004c   Data           2  main.o(.data..L_MergedGlobals)
    MAXIMUM_RPM_SPEED_CONTROL                0x20000050   Data           4  main.o(.data..L_MergedGlobals)
    MINIMUM_RPM_SPEED_CONTROL                0x20000054   Data           4  main.o(.data..L_MergedGlobals)
    eeprom_address                           0x20000058   Data           4  main.o(.data..L_MergedGlobals)
    commutation_interval                     0x2000005c   Data           4  main.o(.data..L_MergedGlobals)
    buffersize                               0x20000060   Data           1  signal.o(.data..L_MergedGlobals)
    smallestnumber                           0x20000062   Data           2  signal.o(.data..L_MergedGlobals)
    dshot_frametime_high                     0x20000064   Data           2  signal.o(.data..L_MergedGlobals)
    speedPid                                 0x20000068   Data          40  main.o(.data..L_MergedGlobals.1)
    currentPid                               0x20000090   Data          40  main.o(.data..L_MergedGlobals.1)
    stallPid                                 0x200000b8   Data          40  main.o(.data..L_MergedGlobals.1)
    buffer_padding                           0x200000e0   Data           1  io.o(.data.buffer_padding)
    ic_timer_prescaler                       0x200000e1   Data           1  io.o(.data.ic_timer_prescaler)
    max_servo_deviation                      0x200000e4   Data           4  signal.o(.data.max_servo_deviation)
    nbDataToTransmit                         0x200000e8   Data           1  serial_telemetry.o(.data.nbDataToTransmit)
    pwmSin                                   0x200000ea   Data         720  main.o(.data.pwmSin)
    system_core_clock                        0x200003bc   Data           4  system_at32f421.o(.data.system_core_clock)
    __libspace_start                         0x200003c0   Data          96  libspace.o(.bss)
    EDT_ARM_ENABLE                           0x20000420   Data           1  dshot.o(.bss..L_MergedGlobals)
    __temporary_stack_top$libspace           0x20000420   Data           0  libspace.o(.bss)
    EDT_ARMED                                0x20000421   Data           1  dshot.o(.bss..L_MergedGlobals)
    command_count                            0x20000422   Data           1  dshot.o(.bss..L_MergedGlobals)
    last_command                             0x20000423   Data           1  dshot.o(.bss..L_MergedGlobals)
    high_pin_count                           0x20000424   Data           1  dshot.o(.bss..L_MergedGlobals)
    dshot_extended_telemetry                 0x20000425   Data           1  dshot.o(.bss..L_MergedGlobals)
    send_extended_dshot                      0x20000426   Data           2  dshot.o(.bss..L_MergedGlobals)
    halfpulsetime                            0x20000428   Data           2  dshot.o(.bss..L_MergedGlobals)
    dshot_frametime                          0x2000042a   Data           2  dshot.o(.bss..L_MergedGlobals)
    dshot_goodcounts                         0x2000042c   Data           2  dshot.o(.bss..L_MergedGlobals)
    dshot_badcounts                          0x2000042e   Data           2  dshot.o(.bss..L_MergedGlobals)
    shift_amount                             0x20000430   Data           4  dshot.o(.bss..L_MergedGlobals)
    dshot_full_number                        0x20000434   Data           4  dshot.o(.bss..L_MergedGlobals)
    gcrnumber                                0x20000438   Data           4  dshot.o(.bss..L_MergedGlobals)
    dpulse                                   0x2000043c   Data          64  dshot.o(.bss..L_MergedGlobals)
    enter_calibration_count                  0x2000047c   Data           1  signal.o(.bss..L_MergedGlobals.1)
    calibration_required                     0x2000047d   Data           1  signal.o(.bss..L_MergedGlobals.1)
    high_calibration_counts                  0x2000047e   Data           1  signal.o(.bss..L_MergedGlobals.1)
    high_calibration_set                     0x2000047f   Data           1  signal.o(.bss..L_MergedGlobals.1)
    low_calibration_counts                   0x20000480   Data           1  signal.o(.bss..L_MergedGlobals.1)
    average_count                            0x20000481   Data           1  signal.o(.bss..L_MergedGlobals.1)
    output_timer_prescaler                   0x20000482   Data           1  signal.o(.bss..L_MergedGlobals.1)
    last_high_threshold                      0x20000484   Data           2  signal.o(.bss..L_MergedGlobals.1)
    last_input                               0x20000486   Data           2  signal.o(.bss..L_MergedGlobals.1)
    dshot_frametime_low                      0x20000488   Data           2  signal.o(.bss..L_MergedGlobals.1)
    servorawinput                            0x2000048c   Data           4  signal.o(.bss..L_MergedGlobals.1)
    average_packet_length                    0x20000490   Data           4  signal.o(.bss..L_MergedGlobals.1)
    average_signal_pulse                     0x20000494   Data           4  signal.o(.bss..L_MergedGlobals.1)
    drive_by_rpm                             0x20000498   Data           1  main.o(.bss..L_MergedGlobals.2)
    compute_dshot_flag                       0x20000499   Data           1  main.o(.bss..L_MergedGlobals.2)
    bi_direction                             0x2000049a   Data           1  main.o(.bss..L_MergedGlobals.2)
    brake_on_stop                            0x2000049b   Data           1  main.o(.bss..L_MergedGlobals.2)
    stall_protection                         0x2000049c   Data           1  main.o(.bss..L_MergedGlobals.2)
    use_sin_start                            0x2000049d   Data           1  main.o(.bss..L_MergedGlobals.2)
    TLM_ON_INTERVAL                          0x2000049e   Data           1  main.o(.bss..L_MergedGlobals.2)
    USE_HALL_SENSOR                          0x2000049f   Data           1  main.o(.bss..L_MergedGlobals.2)
    do_once_sinemode                         0x200004a0   Data           1  main.o(.bss..L_MergedGlobals.2)
    auto_advance                             0x200004a1   Data           1  main.o(.bss..L_MergedGlobals.2)
    LOW_VOLTAGE_CUTOFF                       0x200004a2   Data           1  main.o(.bss..L_MergedGlobals.2)
    RC_CAR_REVERSE                           0x200004a3   Data           1  main.o(.bss..L_MergedGlobals.2)
    return_to_center                         0x200004a4   Data           1  main.o(.bss..L_MergedGlobals.2)
    use_speed_control_loop                   0x200004a5   Data           1  main.o(.bss..L_MergedGlobals.2)
    use_current_limit                        0x200004a6   Data           1  main.o(.bss..L_MergedGlobals.2)
    desync_happened                          0x200004a7   Data           1  main.o(.bss..L_MergedGlobals.2)
    crawler_mode                             0x200004a8   Data           1  main.o(.bss..L_MergedGlobals.2)
    cell_count                               0x200004a9   Data           1  main.o(.bss..L_MergedGlobals.2)
    brushed_direction_set                    0x200004aa   Data           1  main.o(.bss..L_MergedGlobals.2)
    play_tone_flag                           0x200004ab   Data           1  main.o(.bss..L_MergedGlobals.2)
    desync_check                             0x200004ac   Data           1  main.o(.bss..L_MergedGlobals.2)
    adc_counter                              0x200004ad   Data           1  main.o(.bss..L_MergedGlobals.2)
    send_telemetry                           0x200004ae   Data           1  main.o(.bss..L_MergedGlobals.2)
    prop_brake_active                        0x200004af   Data           1  main.o(.bss..L_MergedGlobals.2)
    dshot_telemetry                          0x200004b0   Data           1  main.o(.bss..L_MergedGlobals.2)
    readIndex                                0x200004b1   Data           1  main.o(.bss..L_MergedGlobals.2)
    bemf_timeout_happened                    0x200004b2   Data           1  main.o(.bss..L_MergedGlobals.2)
    running                                  0x200004b3   Data           1  main.o(.bss..L_MergedGlobals.2)
    stepper_sine                             0x200004b4   Data           1  main.o(.bss..L_MergedGlobals.2)
    stuckcounter                             0x200004b5   Data           1  main.o(.bss..L_MergedGlobals.2)
    bad_count                                0x200004b6   Data           1  main.o(.bss..L_MergedGlobals.2)
    armed                                    0x200004b7   Data           1  main.o(.bss..L_MergedGlobals.2)
    inputSet                                 0x200004b8   Data           1  main.o(.bss..L_MergedGlobals.2)
    dshot                                    0x200004b9   Data           1  main.o(.bss..L_MergedGlobals.2)
    servoPwm                                 0x200004ba   Data           1  main.o(.bss..L_MergedGlobals.2)
    zcfound                                  0x200004bb   Data           1  main.o(.bss..L_MergedGlobals.2)
    bemfcounter                              0x200004bc   Data           1  main.o(.bss..L_MergedGlobals.2)
    auto_advance_level                       0x200004bd   Data           1  main.o(.bss..L_MergedGlobals.2)
    degrees_celsius                          0x200004be   Data           1  main.o(.bss..L_MergedGlobals.2)
    prop_brake_duty_cycle                    0x200004c0   Data           2  main.o(.bss..L_MergedGlobals.2)
    ledcounter                               0x200004c2   Data           2  main.o(.bss..L_MergedGlobals.2)
    one_khz_loop_counter                     0x200004c4   Data           2  main.o(.bss..L_MergedGlobals.2)
    target_e_com_time                        0x200004c6   Data           2  main.o(.bss..L_MergedGlobals.2)
    low_voltage_count                        0x200004c8   Data           2  main.o(.bss..L_MergedGlobals.2)
    tenkhzcounter                            0x200004ca   Data           2  main.o(.bss..L_MergedGlobals.2)
    actual_current                           0x200004cc   Data           2  main.o(.bss..L_MergedGlobals.2)
    last_duty_cycle                          0x200004ce   Data           2  main.o(.bss..L_MergedGlobals.2)
    duty_cycle_setpoint                      0x200004d0   Data           2  main.o(.bss..L_MergedGlobals.2)
    adjusted_input                           0x200004d2   Data           2  main.o(.bss..L_MergedGlobals.2)
    smoothedcurrent                          0x200004d4   Data           2  main.o(.bss..L_MergedGlobals.2)
    advance                                  0x200004d6   Data           2  main.o(.bss..L_MergedGlobals.2)
    zero_input_count                         0x200004d8   Data           2  main.o(.bss..L_MergedGlobals.2)
    input                                    0x200004da   Data           2  main.o(.bss..L_MergedGlobals.2)
    newinput                                 0x200004dc   Data           2  main.o(.bss..L_MergedGlobals.2)
    duty_cycle                               0x200004de   Data           2  main.o(.bss..L_MergedGlobals.2)
    waitTime                                 0x200004e0   Data           2  main.o(.bss..L_MergedGlobals.2)
    signaltimeout                            0x200004e2   Data           2  main.o(.bss..L_MergedGlobals.2)
    ADC_raw_current                          0x200004e4   Data           2  main.o(.bss..L_MergedGlobals.2)
    thiszctime                               0x200004e6   Data           2  main.o(.bss..L_MergedGlobals.2)
    phase_A_position                         0x200004e8   Data           2  main.o(.bss..L_MergedGlobals.2)
    phase_B_position                         0x200004ea   Data           2  main.o(.bss..L_MergedGlobals.2)
    phase_C_position                         0x200004ec   Data           2  main.o(.bss..L_MergedGlobals.2)
    armed_timeout_count                      0x200004ee   Data           2  main.o(.bss..L_MergedGlobals.2)
    battery_voltage                          0x200004f0   Data           2  main.o(.bss..L_MergedGlobals.2)
    telem_ms_count                           0x200004f2   Data           2  main.o(.bss..L_MergedGlobals.2)
    adjusted_duty_cycle                      0x200004f4   Data           2  main.o(.bss..L_MergedGlobals.2)
    e_rpm                                    0x200004f6   Data           2  main.o(.bss..L_MergedGlobals.2)
    ADC_raw_temp                             0x200004f8   Data           2  main.o(.bss..L_MergedGlobals.2)
    converted_degrees                        0x200004fa   Data           2  main.o(.bss..L_MergedGlobals.2)
    ADC_raw_volts                            0x200004fc   Data           2  main.o(.bss..L_MergedGlobals.2)
    k_erpm                                   0x200004fe   Data           2  main.o(.bss..L_MergedGlobals.2)
    input_override                           0x20000500   Data           4  main.o(.bss..L_MergedGlobals.2)
    stall_protection_adjust                  0x20000504   Data           4  main.o(.bss..L_MergedGlobals.2)
    consumed_current                         0x20000508   Data           4  main.o(.bss..L_MergedGlobals.2)
    smoothed_raw_current                     0x2000050c   Data           4  main.o(.bss..L_MergedGlobals.2)
    average_interval                         0x20000510   Data           4  main.o(.bss..L_MergedGlobals.2)
    total                                    0x20000514   Data           4  main.o(.bss..L_MergedGlobals.3)
    zero_crosses                             0x20000518   Data           4  main.o(.bss..L_MergedGlobals.3)
    e_com_time                               0x2000051c   Data           4  main.o(.bss..L_MergedGlobals.3)
    last_average_interval                    0x20000520   Data           4  main.o(.bss..L_MergedGlobals.3)
    commutation_intervals                    0x20000524   Data          12  main.o(.bss..L_MergedGlobals.3)
    ADCDataDMA                               0x20000530   Data           6  adc.o(.bss.ADCDataDMA)
    aTxBuffer                                0x20000536   Data          10  serial_telemetry.o(.bss.aTxBuffer)
    beep_volume                              0x20000540   Data           1  sounds.o(.bss.beep_volume)
    dma_buffer                               0x20000544   Data         256  io.o(.bss.dma_buffer)
    dshotcommand                             0x20000644   Data           1  main.o(.bss.dshotcommand)
    eepromBuffer                             0x20000645   Data         176  eeprom.o(.bss.eepromBuffer)
    exti_int                                 0x200006f8   Data           4  at32f421_it.o(.bss.exti_int)
    gcr                                      0x200006fc   Data         148  dshot.o(.bss.gcr)
    last_dshot_command                       0x20000790   Data           1  main.o(.bss.last_dshot_command)
    out_put                                  0x20000791   Data           1  io.o(.bss.out_put)
    readings                                 0x20000792   Data         200  main.o(.bss.readings)



==============================================================================

Memory Map of the image

  Image Entry point : 0x080010cd

  Load Region LR_IROM1 (Base: 0x08001000, Size: 0x00006030, Max: 0x00007bdf, ABSOLUTE, COMPRESSED[0x00005f58])

    Execution Region ER_IROM1 (Exec base: 0x08001000, Load base: 0x08001000, Size: 0x00005b68, Max: 0x00007bdf, ABSOLUTE)

    Exec Addr    Load Addr    Size         Type   Attr      Idx    E Section Name        Object

    0x08001000   0x08001000   0x000000cc   Data   RO         1353    RESET               startup_at32f421.o
    0x080010cc   0x080010cc   0x00000008   Code   RO         1366  * !!!main             c_w.l(__main.o)
    0x080010d4   0x080010d4   0x0000005c   Code   RO         1568    !!!scatter          c_w.l(__scatter.o)
    0x08001130   0x08001130   0x0000005a   Code   RO         1566    !!dczerorl2         c_w.l(__dczerorl2.o)
    0x0800118a   0x0800118a   0x00000002   PAD
    0x0800118c   0x0800118c   0x0000001a   Code   RO         1572    !!handler_copy      c_w.l(__scatter_copy.o)
    0x080011a6   0x080011a6   0x00000002   PAD
    0x080011a8   0x080011a8   0x00000002   Code   RO         1569    !!handler_null      c_w.l(__scatter.o)
    0x080011aa   0x080011aa   0x00000002   PAD
    0x080011ac   0x080011ac   0x0000001c   Code   RO         1574    !!handler_zi        c_w.l(__scatter_zi.o)
    0x080011c8   0x080011c8   0x00000002   Code   RO         1428    .ARM.Collect$$libinit$$00000000  c_w.l(libinit.o)
    0x080011ca   0x080011ca   0x00000000   Code   RO         1435    .ARM.Collect$$libinit$$00000002  c_w.l(libinit2.o)
    0x080011ca   0x080011ca   0x00000000   Code   RO         1437    .ARM.Collect$$libinit$$00000004  c_w.l(libinit2.o)
    0x080011ca   0x080011ca   0x00000000   Code   RO         1439    .ARM.Collect$$libinit$$00000006  c_w.l(libinit2.o)
    0x080011ca   0x080011ca   0x00000000   Code   RO         1442    .ARM.Collect$$libinit$$0000000C  c_w.l(libinit2.o)
    0x080011ca   0x080011ca   0x00000000   Code   RO         1444    .ARM.Collect$$libinit$$0000000E  c_w.l(libinit2.o)
    0x080011ca   0x080011ca   0x00000000   Code   RO         1446    .ARM.Collect$$libinit$$00000010  c_w.l(libinit2.o)
    0x080011ca   0x080011ca   0x00000000   Code   RO         1449    .ARM.Collect$$libinit$$00000013  c_w.l(libinit2.o)
    0x080011ca   0x080011ca   0x00000000   Code   RO         1451    .ARM.Collect$$libinit$$00000015  c_w.l(libinit2.o)
    0x080011ca   0x080011ca   0x00000000   Code   RO         1453    .ARM.Collect$$libinit$$00000017  c_w.l(libinit2.o)
    0x080011ca   0x080011ca   0x00000000   Code   RO         1455    .ARM.Collect$$libinit$$00000019  c_w.l(libinit2.o)
    0x080011ca   0x080011ca   0x00000000   Code   RO         1457    .ARM.Collect$$libinit$$0000001B  c_w.l(libinit2.o)
    0x080011ca   0x080011ca   0x00000000   Code   RO         1459    .ARM.Collect$$libinit$$0000001D  c_w.l(libinit2.o)
    0x080011ca   0x080011ca   0x00000000   Code   RO         1461    .ARM.Collect$$libinit$$0000001F  c_w.l(libinit2.o)
    0x080011ca   0x080011ca   0x00000000   Code   RO         1463    .ARM.Collect$$libinit$$00000021  c_w.l(libinit2.o)
    0x080011ca   0x080011ca   0x00000000   Code   RO         1465    .ARM.Collect$$libinit$$00000023  c_w.l(libinit2.o)
    0x080011ca   0x080011ca   0x00000000   Code   RO         1467    .ARM.Collect$$libinit$$00000025  c_w.l(libinit2.o)
    0x080011ca   0x080011ca   0x00000000   Code   RO         1469    .ARM.Collect$$libinit$$00000027  c_w.l(libinit2.o)
    0x080011ca   0x080011ca   0x00000000   Code   RO         1473    .ARM.Collect$$libinit$$0000002E  c_w.l(libinit2.o)
    0x080011ca   0x080011ca   0x00000000   Code   RO         1475    .ARM.Collect$$libinit$$00000030  c_w.l(libinit2.o)
    0x080011ca   0x080011ca   0x00000000   Code   RO         1477    .ARM.Collect$$libinit$$00000032  c_w.l(libinit2.o)
    0x080011ca   0x080011ca   0x00000000   Code   RO         1479    .ARM.Collect$$libinit$$00000034  c_w.l(libinit2.o)
    0x080011ca   0x080011ca   0x00000002   Code   RO         1480    .ARM.Collect$$libinit$$00000035  c_w.l(libinit2.o)
    0x080011cc   0x080011cc   0x00000002   Code   RO         1502    .ARM.Collect$$libshutdown$$00000000  c_w.l(libshutdown.o)
    0x080011ce   0x080011ce   0x00000000   Code   RO         1517    .ARM.Collect$$libshutdown$$00000002  c_w.l(libshutdown2.o)
    0x080011ce   0x080011ce   0x00000000   Code   RO         1519    .ARM.Collect$$libshutdown$$00000004  c_w.l(libshutdown2.o)
    0x080011ce   0x080011ce   0x00000000   Code   RO         1522    .ARM.Collect$$libshutdown$$00000007  c_w.l(libshutdown2.o)
    0x080011ce   0x080011ce   0x00000000   Code   RO         1525    .ARM.Collect$$libshutdown$$0000000A  c_w.l(libshutdown2.o)
    0x080011ce   0x080011ce   0x00000000   Code   RO         1527    .ARM.Collect$$libshutdown$$0000000C  c_w.l(libshutdown2.o)
    0x080011ce   0x080011ce   0x00000000   Code   RO         1530    .ARM.Collect$$libshutdown$$0000000F  c_w.l(libshutdown2.o)
    0x080011ce   0x080011ce   0x00000002   Code   RO         1531    .ARM.Collect$$libshutdown$$00000010  c_w.l(libshutdown2.o)
    0x080011d0   0x080011d0   0x00000000   Code   RO         1390    .ARM.Collect$$rtentry$$00000000  c_w.l(__rtentry.o)
    0x080011d0   0x080011d0   0x00000000   Code   RO         1403    .ARM.Collect$$rtentry$$00000002  c_w.l(__rtentry2.o)
    0x080011d0   0x080011d0   0x00000006   Code   RO         1415    .ARM.Collect$$rtentry$$00000004  c_w.l(__rtentry4.o)
    0x080011d6   0x080011d6   0x00000000   Code   RO         1405    .ARM.Collect$$rtentry$$00000009  c_w.l(__rtentry2.o)
    0x080011d6   0x080011d6   0x00000004   Code   RO         1406    .ARM.Collect$$rtentry$$0000000A  c_w.l(__rtentry2.o)
    0x080011da   0x080011da   0x00000000   Code   RO         1408    .ARM.Collect$$rtentry$$0000000C  c_w.l(__rtentry2.o)
    0x080011da   0x080011da   0x00000008   Code   RO         1409    .ARM.Collect$$rtentry$$0000000D  c_w.l(__rtentry2.o)
    0x080011e2   0x080011e2   0x00000002   Code   RO         1432    .ARM.Collect$$rtexit$$00000000  c_w.l(rtexit.o)
    0x080011e4   0x080011e4   0x00000000   Code   RO         1482    .ARM.Collect$$rtexit$$00000002  c_w.l(rtexit2.o)
    0x080011e4   0x080011e4   0x00000004   Code   RO         1483    .ARM.Collect$$rtexit$$00000003  c_w.l(rtexit2.o)
    0x080011e8   0x080011e8   0x00000006   Code   RO         1484    .ARM.Collect$$rtexit$$00000004  c_w.l(rtexit2.o)
    0x080011ee   0x080011ee   0x00000002   PAD
    0x080011f0   0x080011f0   0x00000040   Code   RO         1354    .text               startup_at32f421.o
    0x08001230   0x08001230   0x0000004e   Code   RO         1362    .text               c_w.l(rt_memclr_w.o)
    0x0800127e   0x0800127e   0x00000006   Code   RO         1364    .text               c_w.l(heapauxi.o)
    0x08001284   0x08001284   0x0000004a   Code   RO         1419    .text               c_w.l(sys_stackheap_outer.o)
    0x080012ce   0x080012ce   0x00000012   Code   RO         1421    .text               c_w.l(exit.o)
    0x080012e0   0x080012e0   0x00000008   Code   RO         1429    .text               c_w.l(libspace.o)
    0x080012e8   0x080012e8   0x0000000c   Code   RO         1492    .text               c_w.l(sys_exit.o)
    0x080012f4   0x080012f4   0x00000002   Code   RO         1507    .text               c_w.l(use_no_semi.o)
    0x080012f6   0x080012f6   0x00000000   Code   RO         1509    .text               c_w.l(indicate_semi.o)
    0x080012f6   0x080012f6   0x00000002   PAD
    0x080012f8   0x080012f8   0x00000036   Code   RO         1133    .text.ADC1_CMP_IRQHandler  at32f421_it.o
    0x0800132e   0x0800132e   0x00000002   PAD
    0x08001330   0x08001330   0x0000002e   Code   RO         1096    .text.ADC_DMA_Callback  adc.o
    0x0800135e   0x0800135e   0x00000002   PAD
    0x08001360   0x08001360   0x00000116   Code   RO         1098    .text.ADC_Init      adc.o
    0x08001476   0x08001476   0x00000002   PAD
    0x08001478   0x08001478   0x00000002   Code   RO         1115    .text.BusFault_Handler  at32f421_it.o
    0x0800147a   0x0800147a   0x00000002   PAD
    0x0800147c   0x0800147c   0x0000002a   Code   RO         1127    .text.DMA1_Channel1_IRQHandler  at32f421_it.o
    0x080014a6   0x080014a6   0x00000002   PAD
    0x080014a8   0x080014a8   0x0000003c   Code   RO         1129    .text.DMA1_Channel3_2_IRQHandler  at32f421_it.o
    0x080014e4   0x080014e4   0x000000a6   Code   RO         1131    .text.DMA1_Channel5_4_IRQHandler  at32f421_it.o
    0x0800158a   0x0800158a   0x00000002   PAD
    0x0800158c   0x0800158c   0x00000002   Code   RO         1121    .text.DebugMon_Handler  at32f421_it.o
    0x0800158e   0x0800158e   0x00000002   PAD
    0x08001590   0x08001590   0x00000028   Code   RO         1145    .text.EXINT15_4_IRQHandler  at32f421_it.o
    0x080015b8   0x080015b8   0x00000002   Code   RO         1111    .text.HardFault_Handler  at32f421_it.o
    0x080015ba   0x080015ba   0x00000002   PAD
    0x080015bc   0x080015bc   0x00000026   Code   RO         1238    .text.MX_IWDG_Init  peripherals.o
    0x080015e2   0x080015e2   0x00000002   PAD
    0x080015e4   0x080015e4   0x00000002   Code   RO         1113    .text.MemManage_Handler  at32f421_it.o
    0x080015e6   0x080015e6   0x00000002   PAD
    0x080015e8   0x080015e8   0x00000002   Code   RO         1123    .text.PendSV_Handler  at32f421_it.o
    0x080015ea   0x080015ea   0x00000002   PAD
    0x080015ec   0x080015ec   0x000000da   Code   RO           50    .text.PeriodElapsedCallback  main.o
    0x080016c6   0x080016c6   0x00000002   PAD
    0x080016c8   0x080016c8   0x00000002   Code   RO         1119    .text.SVC_Handler   at32f421_it.o
    0x080016ca   0x080016ca   0x00000002   PAD
    0x080016cc   0x080016cc   0x00000002   Code   RO         1125    .text.SysTick_Handler  at32f421_it.o
    0x080016ce   0x080016ce   0x00000002   PAD
    0x080016d0   0x080016d0   0x0000008c   Code   RO         1338    .text.SystemInit    system_at32f421.o
    0x0800175c   0x0800175c   0x00000116   Code   RO         1222    .text.TIM1_Init     peripherals.o
    0x08001872   0x08001872   0x00000002   PAD
    0x08001874   0x08001874   0x00000012   Code   RO         1135    .text.TMR14_GLOBAL_IRQHandler  at32f421_it.o
    0x08001886   0x08001886   0x00000002   PAD
    0x08001888   0x08001888   0x00000016   Code   RO         1139    .text.TMR15_GLOBAL_IRQHandler  at32f421_it.o
    0x0800189e   0x0800189e   0x00000002   PAD
    0x080018a0   0x080018a0   0x00000010   Code   RO         1137    .text.TMR16_GLOBAL_IRQHandler  at32f421_it.o
    0x080018b0   0x080018b0   0x00000022   Code   RO         1143    .text.TMR3_GLOBAL_IRQHandler  at32f421_it.o
    0x080018d2   0x080018d2   0x00000002   PAD
    0x080018d4   0x080018d4   0x00000002   Code   RO         1141    .text.USART1_IRQHandler  at32f421_it.o
    0x080018d6   0x080018d6   0x00000002   PAD
    0x080018d8   0x080018d8   0x00000002   Code   RO         1117    .text.UsageFault_Handler  at32f421_it.o
    0x080018da   0x080018da   0x00000002   PAD
    0x080018dc   0x080018dc   0x0000002a   Code   RO           68    .text.__NVIC_SystemReset  main.o
    0x08001906   0x08001906   0x00000002   PAD
    0x08001908   0x08001908   0x00000044   Code   RO          193    .text.adc_base_config  at32f421_adc.o
    0x0800194c   0x0800194c   0x00000008   Code   RO          191    .text.adc_base_default_para_init  at32f421_adc.o
    0x08001954   0x08001954   0x0000000a   Code   RO          199    .text.adc_calibration_init  at32f421_adc.o
    0x0800195e   0x0800195e   0x00000002   PAD
    0x08001960   0x08001960   0x00000008   Code   RO          201    .text.adc_calibration_init_status_get  at32f421_adc.o
    0x08001968   0x08001968   0x0000000a   Code   RO          203    .text.adc_calibration_start  at32f421_adc.o
    0x08001972   0x08001972   0x00000002   PAD
    0x08001974   0x08001974   0x00000008   Code   RO          205    .text.adc_calibration_status_get  at32f421_adc.o
    0x0800197c   0x0800197c   0x00000012   Code   RO          195    .text.adc_dma_mode_enable  at32f421_adc.o
    0x0800198e   0x0800198e   0x00000002   PAD
    0x08001990   0x08001990   0x0000000a   Code   RO          189    .text.adc_enable    at32f421_adc.o
    0x0800199a   0x0800199a   0x00000002   PAD
    0x0800199c   0x0800199c   0x0000026c   Code   RO          213    .text.adc_ordinary_channel_set  at32f421_adc.o
    0x08001c08   0x08001c08   0x0000003a   Code   RO          219    .text.adc_ordinary_conversion_trigger_set  at32f421_adc.o
    0x08001c42   0x08001c42   0x00000002   PAD
    0x08001c44   0x08001c44   0x00000012   Code   RO          235    .text.adc_ordinary_software_trigger_enable  at32f421_adc.o
    0x08001c56   0x08001c56   0x00000002   PAD
    0x08001c58   0x08001c58   0x0000001a   Code   RO          233    .text.adc_tempersensor_vintrv_enable  at32f421_adc.o
    0x08001c72   0x08001c72   0x00000002   PAD
    0x08001c74   0x08001c74   0x0000008a   Code   RO         1298    .text.allOff        phaseouts.o
    0x08001cfe   0x08001cfe   0x00000002   PAD
    0x08001d00   0x08001d00   0x000000ba   Code   RO         1304    .text.allpwm        phaseouts.o
    0x08001dba   0x08001dba   0x00000002   PAD
    0x08001dbc   0x08001dbc   0x00000024   Code   RO         1161    .text.changeCompInput  comparator.o
    0x08001de0   0x08001de0   0x00000016   Code   RO          265    .text.cmp_enable    at32f421_cmp.o
    0x08001df6   0x08001df6   0x00000002   PAD
    0x08001df8   0x08001df8   0x000003d8   Code   RO         1300    .text.comStep       phaseouts.o
    0x080021d0   0x080021d0   0x000004d4   Code   RO            2    .text.computeDshotDMA  dshot.o
    0x080026a4   0x080026a4   0x000001ce   Code   RO          123    .text.computeServoInput  signal.o
    0x08002872   0x08002872   0x00000002   PAD
    0x08002874   0x08002874   0x0000001c   Code   RO          347    .text.crm_adc_clock_div_set  at32f421_crm.o
    0x08002890   0x08002890   0x0000001a   Code   RO          341    .text.crm_ahb_div_set  at32f421_crm.o
    0x080028aa   0x080028aa   0x00000002   PAD
    0x080028ac   0x080028ac   0x0000001a   Code   RO          343    .text.crm_apb1_div_set  at32f421_crm.o
    0x080028c6   0x080028c6   0x00000002   PAD
    0x080028c8   0x080028c8   0x0000001a   Code   RO          345    .text.crm_apb2_div_set  at32f421_crm.o
    0x080028e2   0x080028e2   0x00000002   PAD
    0x080028e4   0x080028e4   0x00000018   Code   RO          367    .text.crm_auto_step_mode_enable  at32f421_crm.o
    0x080028fc   0x080028fc   0x00000082   Code   RO          333    .text.crm_clock_source_enable  at32f421_crm.o
    0x0800297e   0x0800297e   0x00000002   PAD
    0x08002980   0x08002980   0x00000118   Code   RO          361    .text.crm_clocks_freq_get  at32f421_crm.o
    0x08002a98   0x08002a98   0x0000001a   Code   RO          319    .text.crm_flag_get  at32f421_crm.o
    0x08002ab2   0x08002ab2   0x00000002   PAD
    0x08002ab4   0x08002ab4   0x00000028   Code   RO          327    .text.crm_periph_clock_enable  at32f421_crm.o
    0x08002adc   0x08002adc   0x00000028   Code   RO          329    .text.crm_periph_reset  at32f421_crm.o
    0x08002b04   0x08002b04   0x0000004e   Code   RO          353    .text.crm_pll_config  at32f421_crm.o
    0x08002b52   0x08002b52   0x00000002   PAD
    0x08002b54   0x08002b54   0x0000007a   Code   RO          313    .text.crm_reset     at32f421_crm.o
    0x08002bce   0x08002bce   0x00000002   PAD
    0x08002bd0   0x08002bd0   0x00000012   Code   RO          357    .text.crm_sysclk_switch  at32f421_crm.o
    0x08002be2   0x08002be2   0x00000002   PAD
    0x08002be4   0x08002be4   0x00000010   Code   RO          359    .text.crm_sysclk_switch_status_get  at32f421_crm.o
    0x08002bf4   0x08002bf4   0x0000002c   Code   RO           22    .text.delayMicros   functions.o
    0x08002c20   0x08002c20   0x0000004e   Code   RO           24    .text.delayMillis   functions.o
    0x08002c6e   0x08002c6e   0x00000002   PAD
    0x08002c70   0x08002c70   0x00000280   Code   RO          131    .text.detectInput   signal.o
    0x08002ef0   0x08002ef0   0x0000000a   Code   RO          404    .text.dma_channel_enable  at32f421_dma.o
    0x08002efa   0x08002efa   0x00000002   PAD
    0x08002efc   0x08002efc   0x0000000e   Code   RO          410    .text.dma_default_para_init  at32f421_dma.o
    0x08002f0a   0x08002f0a   0x00000002   PAD
    0x08002f0c   0x08002f0c   0x00000010   Code   RO          406    .text.dma_flag_get  at32f421_dma.o
    0x08002f1c   0x08002f1c   0x0000007c   Code   RO          412    .text.dma_init      at32f421_dma.o
    0x08002f98   0x08002f98   0x00000040   Code   RO          396    .text.dma_reset     at32f421_dma.o
    0x08002fd8   0x08002fd8   0x00000012   Code   RO         1159    .text.enableCompInterrupts  comparator.o
    0x08002fea   0x08002fea   0x00000002   PAD
    0x08002fec   0x08002fec   0x0000010e   Code   RO         1268    .text.enableCorePeripherals  peripherals.o
    0x080030fa   0x080030fa   0x00000002   PAD
    0x080030fc   0x080030fc   0x0000000c   Code   RO          552    .text.flash_flag_clear  at32f421_flash.o
    0x08003108   0x08003108   0x00000012   Code   RO          560    .text.flash_lock    at32f421_flash.o
    0x0800311a   0x0800311a   0x00000002   PAD
    0x0800311c   0x0800311c   0x0000018e   Code   RO          562    .text.flash_sector_erase  at32f421_flash.o
    0x080032aa   0x080032aa   0x00000002   PAD
    0x080032ac   0x080032ac   0x0000001e   Code   RO          558    .text.flash_unlock  at32f421_flash.o
    0x080032ca   0x080032ca   0x00000002   PAD
    0x080032cc   0x080032cc   0x00000186   Code   RO          570    .text.flash_word_program  at32f421_flash.o
    0x08003452   0x08003452   0x00000002   PAD
    0x08003454   0x08003454   0x0000008c   Code   RO         1302    .text.fullBrake     phaseouts.o
    0x080034e0   0x080034e0   0x00000012   Code   RO         1264    .text.generatePwmTimerEvent  peripherals.o
    0x080034f2   0x080034f2   0x00000002   PAD
    0x080034f4   0x080034f4   0x00000008   Code   RO           20    .text.getAbsDif     functions.o
    0x080034fc   0x080034fc   0x0000000e   Code   RO         1155    .text.getCompOutputLevel  comparator.o
    0x0800350a   0x0800350a   0x00000002   PAD
    0x0800350c   0x0800350c   0x00000026   Code   RO         1100    .text.getConvertedDegrees  adc.o
    0x08003532   0x08003532   0x00000002   PAD
    0x08003534   0x08003534   0x00000010   Code   RO         1191    .text.getInputPinState  io.o
    0x08003544   0x08003544   0x0000007a   Code   RO          628    .text.gpio_init     at32f421_gpio.o
    0x080035be   0x080035be   0x00000002   PAD
    0x080035c0   0x080035c0   0x00000016   Code   RO           26    .text.gpio_mode_QUICK  functions.o
    0x080035d6   0x080035d6   0x00000002   PAD
    0x080035d8   0x080035d8   0x00000026   Code   RO           28    .text.gpio_mode_set  functions.o
    0x080035fe   0x080035fe   0x00000002   PAD
    0x08003600   0x08003600   0x0000002c   Code   RO          652    .text.gpio_pin_mux_config  at32f421_gpio.o
    0x0800362c   0x0800362c   0x00000004   Code   RO         1236    .text.initAfterJump  peripherals.o
    0x08003630   0x08003630   0x00000198   Code   RO         1214    .text.initCorePeripherals  peripherals.o
    0x080037c8   0x080037c8   0x000000ae   Code   RO           52    .text.interruptRoutine  main.o
    0x08003876   0x08003876   0x00000002   PAD
    0x08003878   0x08003878   0x0000030a   Code   RO           40    .text.loadEEpromSettings  main.o
    0x08003b82   0x08003b82   0x00000002   PAD
    0x08003b84   0x08003b84   0x00000bd8   Code   RO           66    .text.main          main.o
    0x0800475c   0x0800475c   0x0000010e   Code   RO         1324    .text.makeTelemPackage  serial_telemetry.o
    0x0800486a   0x0800486a   0x00000002   PAD
    0x0800486c   0x0800486c   0x000001c2   Code   RO            4    .text.make_dshot_package  dshot.o
    0x08004a2e   0x08004a2e   0x00000002   PAD
    0x08004a30   0x08004a30   0x00000050   Code   RO           18    .text.map           functions.o
    0x08004a80   0x08004a80   0x00000018   Code   RO         1157    .text.maskPhaseInterrupts  comparator.o
    0x08004a98   0x08004a98   0x00000072   Code   RO          734    .text.nvic_irq_enable  at32f421_misc.o
    0x08004b0a   0x08004b0a   0x00000002   PAD
    0x08004b0c   0x08004b0c   0x00000094   Code   RO          170    .text.playBeaconTune3  sounds.o
    0x08004ba0   0x08004ba0   0x0000012e   Code   RO          154    .text.playBlueJayTune  sounds.o
    0x08004cce   0x08004cce   0x00000002   PAD
    0x08004cd0   0x08004cd0   0x00000068   Code   RO          168    .text.playChangedTone  sounds.o
    0x08004d38   0x08004d38   0x00000068   Code   RO          166    .text.playDefaultTone  sounds.o
    0x08004da0   0x08004da0   0x0000007a   Code   RO          164    .text.playInputTune  sounds.o
    0x08004e1a   0x08004e1a   0x00000002   PAD
    0x08004e1c   0x08004e1c   0x0000007c   Code   RO          162    .text.playInputTune2  sounds.o
    0x08004e98   0x08004e98   0x00000090   Code   RO          156    .text.playStartupTune  sounds.o
    0x08004f28   0x08004f28   0x00000038   Code   RO           62    .text.processDshot  main.o
    0x08004f60   0x08004f60   0x00000078   Code   RO         1278    .text.proportionalBrake  phaseouts.o
    0x08004fd8   0x08004fd8   0x0000007e   Code   RO         1187    .text.receiveDshotDma  io.o
    0x08005056   0x08005056   0x00000002   PAD
    0x08005058   0x08005058   0x00000010   Code   RO         1266    .text.resetInputCaptureTimer  peripherals.o
    0x08005068   0x08005068   0x00000072   Code   RO           42    .text.saveEEpromSettings  main.o
    0x080050da   0x080050da   0x00000002   PAD
    0x080050dc   0x080050dc   0x0000009a   Code   RO         1189    .text.sendDshotDma  io.o
    0x08005176   0x08005176   0x00000002   PAD
    0x08005178   0x08005178   0x0000001c   Code   RO         1318    .text.send_telem_DMA  serial_telemetry.o
    0x08005194   0x08005194   0x00000722   Code   RO           56    .text.setInput      main.o
    0x080058b6   0x080058b6   0x00000002   PAD
    0x080058b8   0x080058b8   0x00000012   Code   RO         1197    .text.setInputPullUp  io.o
    0x080058ca   0x080058ca   0x00000002   PAD
    0x080058cc   0x080058cc   0x0000000c   Code   RO         1258    .text.setPWMCompare1  peripherals.o
    0x080058d8   0x080058d8   0x0000000c   Code   RO         1260    .text.setPWMCompare2  peripherals.o
    0x080058e4   0x080058e4   0x0000000c   Code   RO         1262    .text.setPWMCompare3  peripherals.o
    0x080058f0   0x080058f0   0x00000014   Code   RO          146    .text.setVolume     sounds.o
    0x08005904   0x08005904   0x00000076   Code   RO         1216    .text.system_clock_config  peripherals.o
    0x0800597a   0x0800597a   0x00000002   PAD
    0x0800597c   0x0800597c   0x000000e4   Code   RO         1340    .text.system_core_clock_update  system_at32f421.o
    0x08005a60   0x08005a60   0x000000f4   Code   RO         1326    .text.telem_UART_Init  serial_telemetry.o
    0x08005b54   0x08005b54   0x00000494   Code   RO           58    .text.tenKhzRoutine  main.o
    0x08005fe8   0x08005fe8   0x00000096   Code   RO          920    .text.tmr_channel_enable  at32f421_tmr.o
    0x0800607e   0x0800607e   0x00000002   PAD
    0x08006080   0x08006080   0x0000005e   Code   RO          906    .text.tmr_output_channel_buffer_enable  at32f421_tmr.o
    0x080060de   0x080060de   0x00000002   PAD
    0x080060e0   0x080060e0   0x00000012   Code   RO          904    .text.tmr_period_buffer_enable  at32f421_tmr.o
    0x080060f2   0x080060f2   0x00000002   PAD
    0x080060f4   0x080060f4   0x000000b6   Code   RO          866    .text.tmr_reset     at32f421_tmr.o
    0x080061aa   0x080061aa   0x00000002   PAD
    0x080061ac   0x080061ac   0x0000019c   Code   RO          125    .text.transfercomplete  signal.o
    0x08006348   0x08006348   0x00000012   Code   RO         1002    .text.usart_dma_transmitter_enable  at32f421_usart.o
    0x0800635a   0x0800635a   0x00000002   PAD
    0x0800635c   0x0800635c   0x00000012   Code   RO          990    .text.usart_enable  at32f421_usart.o
    0x0800636e   0x0800636e   0x00000002   PAD
    0x08006370   0x08006370   0x00000086   Code   RO          986    .text.usart_init    at32f421_usart.o
    0x080063f6   0x080063f6   0x00000002   PAD
    0x080063f8   0x080063f8   0x00000012   Code   RO          994    .text.usart_receiver_enable  at32f421_usart.o
    0x0800640a   0x0800640a   0x00000002   PAD
    0x0800640c   0x0800640c   0x00000012   Code   RO         1030    .text.usart_single_line_halfduplex_select  at32f421_usart.o
    0x0800641e   0x0800641e   0x00000002   PAD
    0x08006420   0x08006420   0x00000012   Code   RO          992    .text.usart_transmitter_enable  at32f421_usart.o
    0x08006432   0x08006432   0x00000002   PAD
    0x08006434   0x08006434   0x00000112   Code   RO           60    .text.zcfoundroutine  main.o
    0x08006546   0x08006546   0x00000002   PAD
    0x08006548   0x08006548   0x000000c4   Code   RO         1368    x$fpl$fadd          fz_ws.l(faddsub_clz.o)
    0x0800660c   0x0800660c   0x00000054   Code   RO         1374    x$fpl$fcmp          fz_ws.l(fcmp.o)
    0x08006660   0x08006660   0x00000018   Code   RO         1417    x$fpl$fcmpinf       fz_ws.l(fcmpi.o)
    0x08006678   0x08006678   0x00000184   Code   RO         1377    x$fpl$fdiv          fz_ws.l(fdiv.o)
    0x080067fc   0x080067fc   0x00000068   Code   RO         1391    x$fpl$feqf          fz_ws.l(feqf.o)
    0x08006864   0x08006864   0x00000036   Code   RO         1380    x$fpl$ffix          fz_ws.l(ffix.o)
    0x0800689a   0x0800689a   0x00000002   PAD
    0x0800689c   0x0800689c   0x00000030   Code   RO         1385    x$fpl$fflt          fz_ws.l(fflt_clz.o)
    0x080068cc   0x080068cc   0x00000068   Code   RO         1393    x$fpl$fgeqf         fz_ws.l(fgeqf.o)
    0x08006934   0x08006934   0x00000068   Code   RO         1395    x$fpl$fleqf         fz_ws.l(fleqf.o)
    0x0800699c   0x0800699c   0x0000008c   Code   RO         1397    x$fpl$fnaninf       fz_ws.l(fnaninf.o)
    0x08006a28   0x08006a28   0x0000000a   Code   RO         1399    x$fpl$fretinf       fz_ws.l(fretinf.o)
    0x08006a32   0x08006a32   0x00000002   PAD
    0x08006a34   0x08006a34   0x000000ea   Code   RO         1370    x$fpl$fsub          fz_ws.l(faddsub_clz.o)
    0x08006b1e   0x08006b1e   0x00000000   Code   RO         1401    x$fpl$usenofp       fz_ws.l(usenofp.o)
    0x08006b1e   0x08006b1e   0x00000008   Data   RO          375    .rodata.cst8        at32f421_crm.o
    0x08006b26   0x08006b26   0x00000010   Data   RO            6    .rodata.gcr_encode_table  dshot.o
    0x08006b36   0x08006b36   0x00000002   PAD
    0x08006b38   0x08006b38   0x00000030   Data   RO         1565    Region$$Table       anon$$obj.o


    Execution Region ER_EEPROM (Exec base: 0x08007c00, Load base: 0x08006b68, Size: 0x00000104, Max: 0x0000ffff, ABSOLUTE)

    Exec Addr    Load Addr    Size         Type   Attr      Idx    E Section Name        Object

    0x08007c00   0x08006b68   0x00000102   Code   RO         1170    .text.save_flash_nolib  eeprom.o


    Execution Region RW_IRAM1 (Exec base: 0x20000000, Load base: 0x08006c70, Size: 0x00000e60, Max: 0x00004000, ABSOLUTE, COMPRESSED[0x000002e8])

    Exec Addr    Load Addr    Size         Type   Attr      Idx    E Section Name        Object

    0x20000000   COMPRESSED   0x00000060   Data   RW          109    .data..L_MergedGlobals  main.o
    0x20000060   COMPRESSED   0x00000006   Data   RW          134    .data..L_MergedGlobals  signal.o
    0x20000066   COMPRESSED   0x00000002   PAD
    0x20000068   COMPRESSED   0x00000078   Data   RW          110    .data..L_MergedGlobals.1  main.o
    0x200000e0   COMPRESSED   0x00000001   Data   RW         1206    .data.buffer_padding  io.o
    0x200000e1   COMPRESSED   0x00000001   Data   RW         1203    .data.ic_timer_prescaler  io.o
    0x200000e2   COMPRESSED   0x00000002   PAD
    0x200000e4   COMPRESSED   0x00000004   Data   RW          133    .data.max_servo_deviation  signal.o
    0x200000e8   COMPRESSED   0x00000001   Data   RW         1328    .data.nbDataToTransmit  serial_telemetry.o
    0x200000e9   COMPRESSED   0x00000001   PAD
    0x200000ea   COMPRESSED   0x000002d0   Data   RW           95    .data.pwmSin        main.o
    0x200003ba   COMPRESSED   0x00000002   PAD
    0x200003bc   COMPRESSED   0x00000004   Data   RW         1342    .data.system_core_clock  system_at32f421.o
    0x200003c0        -       0x00000060   Zero   RW         1430    .bss                c_w.l(libspace.o)
    0x20000420        -       0x0000005c   Zero   RW            9    .bss..L_MergedGlobals  dshot.o
    0x2000047c        -       0x0000001c   Zero   RW          135    .bss..L_MergedGlobals.1  signal.o
    0x20000498        -       0x0000007c   Zero   RW          111    .bss..L_MergedGlobals.2  main.o
    0x20000514        -       0x0000001c   Zero   RW          112    .bss..L_MergedGlobals.3  main.o
    0x20000530        -       0x00000006   Zero   RW         1102    .bss.ADCDataDMA     adc.o
    0x20000536        -       0x0000000a   Zero   RW         1329    .bss.aTxBuffer      serial_telemetry.o
    0x20000540        -       0x00000001   Zero   RW          172    .bss.beep_volume    sounds.o
    0x20000541   COMPRESSED   0x00000003   PAD
    0x20000544        -       0x00000100   Zero   RW         1204    .bss.dma_buffer     io.o
    0x20000644        -       0x00000001   Zero   RW          106    .bss.dshotcommand   main.o
    0x20000645        -       0x000000b0   Zero   RW         1174    .bss.eepromBuffer   eeprom.o
    0x200006f5   COMPRESSED   0x00000003   PAD
    0x200006f8        -       0x00000004   Zero   RW         1147    .bss.exti_int       at32f421_it.o
    0x200006fc        -       0x00000094   Zero   RW            7    .bss.gcr            dshot.o
    0x20000790        -       0x00000001   Zero   RW           92    .bss.last_dshot_command  main.o
    0x20000791        -       0x00000001   Zero   RW         1205    .bss.out_put        io.o
    0x20000792        -       0x000000c8   Zero   RW           98    .bss.readings       main.o
    0x2000085a   COMPRESSED   0x00000006   PAD
    0x20000860        -       0x00000200   Zero   RW         1352    HEAP                startup_at32f421.o
    0x20000a60        -       0x00000400   Zero   RW         1351    STACK               startup_at32f421.o



  Load Region LR_FIRMWAREVERSION (Base: 0x08007be0, Size: 0x00000020, Max: 0x00000020, ABSOLUTE)

    Execution Region FIRMWAREVERSION (Exec base: 0x08007be0, Load base: 0x08007be0, Size: 0x00000020, Max: 0x00000020, ABSOLUTE)

    Exec Addr    Load Addr    Size         Type   Attr      Idx    E Section Name        Object

    0x08007be0   0x08007be0   0x0000001e   Data   RO          181    .rodata.test        firmwareversion.o


==============================================================================

Image component sizes


      Code (inc. data)   RO Data    RW Data    ZI Data      Debug   Object Name

       362          0          0          0          6      13243   adc.o
       862         54          0          0          0      14939   at32f421_adc.o
        22          0          0          0          0       5697   at32f421_cmp.o
       880         30          8          0          0      19069   at32f421_crm.o
       228          0          0          0          0       5079   at32f421_dma.o
       848          0          0          0          0      39331   at32f421_flash.o
       166          0          0          0          0      10627   at32f421_gpio.o
       470          0          0          0          4       9205   at32f421_it.o
       114          0          0          0          0       6154   at32f421_misc.o
       444         20          0          0          0      28548   at32f421_tmr.o
       224          0          0          0          0      10512   at32f421_usart.o
        92          0          0          0          0       2384   comparator.o
      1686         22         16          0        240       3882   dshot.o
       258          0          0          0        176       3582   eeprom.o
         0          0         30          0          0        374   firmwareversion.o
       270          0          0          0          0      11603   functions.o
       314          0          0          2        257      12376   io.o
      7686         14          0        936        354      28302   main.o
      1186          0          0          0          0      25805   peripherals.o
      1568         12          0          0          0      10418   phaseouts.o
       542          0          0          1         10      15347   serial_telemetry.o
      1514          0          0         10         28       4098   signal.o
      1068          0          0          0          1       8783   sounds.o
        64         26        204          0       1536        820   startup_at32f421.o
       368         16          0          4          0       7189   system_at32f421.o

    ----------------------------------------------------------------------
     21396        194        310        960       2624     297367   Object Totals
         0          0         48          0          0          0   (incl. Generated)
       160          0          4          7         12          0   (incl. Padding)

    ----------------------------------------------------------------------

      Code (inc. data)   RO Data    RW Data    ZI Data      Debug   Library Member Name

        90          0          0          0          0          0   __dczerorl2.o
         8          0          0          0          0         68   __main.o
         0          0          0          0          0          0   __rtentry.o
        12          0          0          0          0          0   __rtentry2.o
         6          0          0          0          0          0   __rtentry4.o
        94          8          0          0          0          0   __scatter.o
        26          0          0          0          0          0   __scatter_copy.o
        28          0          0          0          0          0   __scatter_zi.o
        18          0          0          0          0         80   exit.o
         6          0          0          0          0        152   heapauxi.o
         0          0          0          0          0          0   indicate_semi.o
         2          0          0          0          0          0   libinit.o
         2          0          0          0          0          0   libinit2.o
         2          0          0          0          0          0   libshutdown.o
         2          0          0          0          0          0   libshutdown2.o
         8          4          0          0         96         68   libspace.o
        78          0          0          0          0         80   rt_memclr_w.o
         2          0          0          0          0          0   rtexit.o
        10          0          0          0          0          0   rtexit2.o
        12          4          0          0          0         68   sys_exit.o
        74          0          0          0          0         80   sys_stackheap_outer.o
         2          0          0          0          0         68   use_no_semi.o
       430          8          0          0          0        168   faddsub_clz.o
        84          0          0          0          0        196   fcmp.o
        24          0          0          0          0         68   fcmpi.o
       388         76          0          0          0         96   fdiv.o
       104          4          0          0          0         84   feqf.o
        54          4          0          0          0         84   ffix.o
        48          0          0          0          0         68   fflt_clz.o
       104          4          0          0          0         84   fgeqf.o
       104          4          0          0          0         84   fleqf.o
       140          4          0          0          0         84   fnaninf.o
        10          0          0          0          0         68   fretinf.o
         0          0          0          0          0          0   usenofp.o

    ----------------------------------------------------------------------
      1986        120          0          0         96       1748   Library Totals
        14          0          0          0          0          0   (incl. Padding)

    ----------------------------------------------------------------------

      Code (inc. data)   RO Data    RW Data    ZI Data      Debug   Library Name

       482         16          0          0         96        664   c_w.l
      1490        104          0          0          0       1084   fz_ws.l

    ----------------------------------------------------------------------
      1986        120          0          0         96       1748   Library Totals

    ----------------------------------------------------------------------

==============================================================================


      Code (inc. data)   RO Data    RW Data    ZI Data      Debug   

     23382        314        310        960       2720     298027   Grand Totals
     23382        314        310        744       2720     298027   ELF Image Totals (compressed)
     23382        314        310        744          0          0   ROM Totals

==============================================================================

    Total RO  Size (Code + RO Data)                23692 (  23.14kB)
    Total RW  Size (RW Data + ZI Data)              3680 (   3.59kB)
    Total ROM Size (Code + RO Data + RW Data)      24436 (  23.86kB)

==============================================================================

